06-21 16:20:48.588 31188 31188 I LatinIme: LatinIme.updateEnableInlineSuggestionsOnDecoderSideFlags():1278 inline flag updated to:false
06-21 16:20:48.596 31188 31188 I LatinIme: LatinIme.updateEnableInlineSuggestionsOnDecoderSideFlags():1278 inline flag updated to:false
06-21 16:20:48.644 31188 31188 I InputBundle: InputBundle.consumeEvent():1056 Skip consuming an event as keyboard status is INACTIVE
06-21 16:20:48.645 31188 31188 I LatinIme: LatinIme.resetInputContext():2286 resetInputContext(): reason=1, externalEditsInfo=ExternalEditsInfo{action=0, offset=-1, text=null, originalText=null, edits=null}
06-21 16:20:48.645 31188 31188 I InputBundle: InputBundle.consumeEvent():1056 Skip consuming an event as keyboard status is INACTIVE
06-21 16:20:48.647 31188 31188 I InputBundle: InputBundle.activateKeyboard():653 activateKeyboard: ACTIVE, type=oiz[keyboardType=prime, payload=null]
06-21 16:20:48.647 31188 31188 I KeyboardWrapper: KeyboardWrapper.activateKeyboard():592 activateKeyboard(): type=prime, status=INACTIVE, imeDef=ohs{stringId=ime_english_united_states, language=en-US, languageTag=en-US, processedConditions={true=true, enable_number_row=true, device=phone, enable_pk_simulator=false}, className=com.google.android.apps.inputmethod.libs.latin5.LatinIme, label=0, keyEventInterpreter=null, inlineComposing=true, autoCapital=true, announceAutoSelectedCandidate=true, statusIcon=0, indicatorIcon=0, indicatorLabel=US, displayAppCompletions=true, extraValues=ohl{}, processors=ojm@a502c10, unacceptableMetaKeys=4098, languageSpecificSettings=0, asciiCapable=true, alwaysShowSuggestions=false, useAsciiPasswordKeyboard=false, keyboardGroupDef=oiu@e724fda, phenotypeFlagId=0, localizationLanguageTag=null, supportsInlineSuggestion=true}
06-21 16:20:48.648 31188 31188 I KeyboardManager: KeyboardManager.requestKeyboard():249 Creating keyboard prime, imeId=ime_english_united_states, cacheKey=theme,BORDER,FLAVOR_DPI=XHDPI,KEYBOARD_WIDTH_CATEGORY=NORMAL,KEY_BORDER_SHAPE=1,LIGHT_THEME=false,PHYSICAL_DIAGONAL=5.3011794,POPUP,SCREEN_SHORTEST_WIDTH=360,SCREEN_SHORTEST_WIDTH_NO_SCALE=360,XHDPI,bottom4dp,builtin_google_blue_dark.binarypb,enable_popup_on_keypress=true,non_linear_scale
06-21 16:20:48.649 31188 31188 I KeyboardDefManager: KeyboardDefManager.requestKeyboardDef():128 requestKeyboardDef(): type=prime, info=oir{defIds=[#0x7f1705fa, #0x7f170891], defIdsCacheKey=[2132215290, 2132215953]}
06-21 16:20:48.650 31188 31188 I KeyboardDefManager: KeyboardDefManager.requestKeyboardDef():195 requestKeyboardDef(): getOrCreate from cache, info=oir{defIds=[#0x7f1705fa, #0x7f170891], defIdsCacheKey=[2132215290, 2132215953]}
06-21 16:20:48.652 31188 31188 I AndroidIME: InputBundleManager.startInput():372 startInput() with oiz[keyboardType=prime, payload=null]
06-21 16:20:48.661 31188 31188 I PkModeUpdater: PkModeUpdater.onActivate():76 onActivate false true
06-21 16:20:48.661 31188 31188 I AccessoryInputModeManager: AccessoryInputModeManager.onModeStarted():353 Accessory input mode started: null
06-21 16:20:48.661 31188 31188 W SupplementaryKeyboardsWrapper: SupplementaryKeyboardsWrapper.deactivateKeyboard():162 keyboard accessory_candidates_consumer is not activated before!
06-21 16:20:48.662 31188 31188 W SupplementaryKeyboardsWrapper: SupplementaryKeyboardsWrapper.deactivateKeyboard():162 keyboard composing_text_consumer is not activated before!
06-21 16:20:48.665 31188 31188 I GlobeKeyExtension: GlobeKeyExtension.onActivate():130 
06-21 16:20:48.672 31188 31188 I BaseKeyboardSizeHelper: BaseKeyboardSizeHelper.calculateMaxKeyboardBodyHeight():73 leave 194 height for app when ime window height:1506, header height:88 and isFullscreenMode:false, so the max keyboard body height is:1224
06-21 16:20:48.672 31188 31188 I chatty  : uid=10150(com.google.android.inputmethod.latin) identical 1 line
06-21 16:20:48.674 31188 31188 I BaseKeyboardSizeHelper: BaseKeyboardSizeHelper.calculateMaxKeyboardBodyHeight():73 leave 194 height for app when ime window height:1506, header height:88 and isFullscreenMode:false, so the max keyboard body height is:1224
06-21 16:20:48.676 31188 31188 W ExtensionWrapper: ExtensionWrapper.setExtensionViewVisibility():878 interface nwy is not activate
06-21 16:20:48.678   736   902 I hwcomposer: [HWCDisplay] [Display_0 (type:1)] fps:40.948742,dur:1001.25,max:296.99,min:11.38  
06-21 16:20:48.679 31188 31188 I VoiceInputManagerWrapper: VoiceInputManagerWrapper.cancelShutdown():109 cancelShutdown() [RD]
06-21 16:20:48.679 31188 31188 I VoiceInputManagerWrapper: VoiceInputManagerWrapper.syncLanguagePacks():121 syncLanguagePacks() [RD]
06-21 16:20:48.680 31188 31598 I SpeechFactory: SpeechRecognitionFactory.maybeScheduleAutoPackDownloadForFallback():221 maybeScheduleAutoPackDownloadForFallback()
06-21 16:20:48.680 31188 31188 I VoiceInputManager: VoiceInputManager.onKeyboardActivated():1197 onKeyboardActivated() [UD]
06-21 16:20:48.681 31188 31598 I FallbackOnDeviceRecognitionProvider: FallbackOnDeviceRecognitionProvider.maybeScheduleAutoPackDownload():213 maybeScheduleAutoPackDownload() for language tag en-US
06-21 16:20:48.681 31188 31188 I UniversalDictationUiProvider: UniversalDictationUiProvider.onActivate():63 onActivate() [UD]
06-21 16:20:48.681 31188 31598 I SpeechPackManager: SpeechPackManager.isPackAvailableToDownload():224 isPackAvailableToDownload() : LanguageTag = en-US : ManifestUrl = https://dl.google.com/android/voice/gboard/terse/superpacks-manifest-20210519.json
06-21 16:20:48.687 31188 31188 I Module  : DeviceLockedStatusModuleProvider$Module.updateDeviceLockedStatusInternal():127 repeatCheckTimes = 1, locked = false
06-21 16:20:48.687 31188 31188 I VoiceImeUtils: VoiceImeUtils.shouldStartVoiceInputAutomaticallyInCurrentInputBox():160 No private IME option set to start voice input. [RD]
06-21 16:20:48.689 31188 31226 I CrossProfileSharedPreferences: CrossProfileSharedPreferences.maybeRunSyncTaskAfterFullSyncComplete():218 Full sync is not complete when incremental sync is called, trigger full sync
06-21 16:20:48.692 24420 32265 W OplusExSystemServiceHelper: checkOplusExSystemService intent getComponent is null
06-21 16:20:48.695 31188 10184 I FallbackOnDeviceRecognitionProvider: FallbackOnDeviceRecognitionProvider$1.onSuccess():221 auto download packs.
06-21 16:20:48.696 31188 10184 I SpeechPackManager: SpeechPackManager.syncPacks():343 syncPacks()
06-21 16:20:48.696 31188 10184 I SpeechPackManager: SpeechPackManager.isPackAvailableOnDisk():205 isPackAvailableOnDisk() : LanguageTag = bn-BD
06-21 16:20:48.696 31188 10183 I CrossProfileSharedPreferences: CrossProfileSharedPreferences.syncAllAllowedPreferencesInternal():276 Cannot make cross profile calls to full sync preferences
06-21 16:20:48.699 31188 10184 I SpeechPackManager: SpeechPackManager.isPackAvailableOnDisk():205 isPackAvailableOnDisk() : LanguageTag = bn-BD
06-21 16:20:48.699 31188 10184 I SpeechPackManager: SpeechPackManager.registerManifest():519 registerManifest() : https://dl.google.com/android/voice/gboard/terse/superpacks-manifest-20210519.json
06-21 16:20:48.700 31188 10184 I SpeechPackManager: SpeechPackManager.registerManifest():526 registerManifest() : Reusing hash 1327534105
06-21 16:20:48.703 31188 31188 I GoogleInputMethodService: GoogleInputMethodService$1.onKeyboardViewShown():344 onKeyboardViewShown: keyboardType=prime, keyboardViewType=HEADER keyboardView=null
06-21 16:20:48.708 31188 31230 I SpeechPackSlicingStrategy: SpeechPackSlicingStrategy.getSlices():52 getSlices() : ForceUpdates = false : LanguageTags = [en-US]
06-21 16:20:48.709 31188 31230 I SpeechPackSlicingStrategy: SpeechPackSlicingStrategy.getSlices():66 getSlices(): slicing result: {slices=[{gboard-small-speech-packs:en-US-small-rnnt, W:C:*:*, bg}], last batch=true, sync metadata=false}
06-21 16:20:48.709 31188 31230 I SP      : Syncing gboard-small-speech-packs (1327534105) with slices: [{en-US-small-rnnt, W:C:*:*, bg}], metadata: false
06-21 16:20:48.753 31188 31188 I KeyboardViewHelper: KeyboardViewHelper.getView():180 Get view with height ratio:1.000000
06-21 16:20:48.838 31188 31201 I putmethod.lati: Background young concurrent copying GC freed 56588(2998KB) AllocSpace objects, 3(248KB) LOS objects, 44% free, 12MB/22MB, paused 170us total 109.639ms
06-21 16:20:48.876 31188 31230 I SP      : Sync for gboard-small-speech-packs succeeded in 173 ms: no changes
06-21 16:20:48.877 31188 31230 I SP      : GC for 'gboard-small-speech-packs' (10) with ttl of 0 ms took 1 ms (0/0/1)
06-21 16:20:48.877 31188 31230 I SuperpacksManagerImpl: SuperpacksManagerImpl$19.onSyncSuccess():947 gboard-small-speech-packs.sync() succeeded
06-21 16:20:48.878  1576  1833 I mtkpower_client: perf_lock_rel, hdl:13188, tid:1833
06-21 16:20:48.878  1576  1833 I mtkpower_client: perf_lock_acq, hdl:13188, dur:0, num:6, tid:1833
06-21 16:20:48.879   757   903 I libPowerHal: [perfLockRel] hdl:13188, idx:0
06-21 16:20:48.879   757   903 I libPowerHal: [PD] scn:0 hdl:13188 lock_user:system_server pid:1576 tid:1833 dur:0
06-21 16:20:48.879 31188 10184 I SpeechPackManager: SpeechPackManager$4.onSuccess():505 updatePackSetCacheAsync() : Updated the PackSet cache
06-21 16:20:48.879   757   903 I libPowerHal: system_server: cpu_ctrl set cpu freq: -1 -1 -1 -1
06-21 16:20:48.879   757   903 I libPowerHal: [PD] system_server update cmd:1410000 param:0
06-21 16:20:48.880  1576  1833 I mtkpower_client: ret_hdl:13189
06-21 16:20:48.880   757   903 I libPowerHal: [perfLockAcq] idx:0 hdl:13189 hint:-1 pid:1576 duration:0 => ret_hdl:13189
06-21 16:20:48.880   757   903 I libPowerHal: [PE] scn:0 hdl:13189 lock_user:system_server pid:1576 tid:1833 dur:0
06-21 16:20:48.881   757   903 I libPowerHal: system_server: cpu_ctrl set cpu freq: 1375000 -1 1176000 -1
06-21 16:20:48.917 31188 31188 I BaseKeyboardSizeHelper: BaseKeyboardSizeHelper.calculateMaxKeyboardBodyHeight():73 leave 194 height for app when ime window height:1506, header height:88 and isFullscreenMode:false, so the max keyboard body height is:1224
06-21 16:20:48.917 31188 31188 I SoftKeyboardView: SoftKeyboardView.setMaxHeight():1113 Set max keyboard height:1224.
06-21 16:20:48.917 31188 31188 I GoogleInputMethodService: GoogleInputMethodService$1.onKeyboardViewShown():344 onKeyboardViewShown: keyboardType=prime, keyboardViewType=BODY keyboardView=null
06-21 16:20:48.918 31188 31188 I BaseKeyboardSizeHelper: BaseKeyboardSizeHelper.calculateMaxKeyboardBodyHeight():73 leave 194 height for app when ime window height:1506, header height:88 and isFullscreenMode:false, so the max keyboard body height is:1224
06-21 16:20:48.920  1576  3329 I WindowManager: Relayout Window{ca996a5 u0 InputMethod}: oldVis=8 newVis=0 focusMayChange = true
06-21 16:20:48.925   768   881 I BufferQueueConsumer: [](id:300000008a0,api:0,p:-1,c:768) connect(): controlledByApp=false
06-21 16:20:48.926   768   881 I BufferQueue: [unnamed-768-2208](this:0xb400007c1ef02a58,id:2208,api:0,p:-1,c:-1) BufferQueue core=(768:/system/bin/surfaceflinger)
06-21 16:20:48.932 31188 31188 I WindowMetricsNotification: WindowMetricsNotification.notifyWithWindow():165 
06-21 16:20:48.932   768   881 I BufferQueueProducer: [InputMethod#0](id:300000008a0,api:1,p:31188,c:768) connect(): api=1 producerControlledByApp=false
06-21 16:20:48.933 31188 31188 I WindowMetricsNotification: WindowMetricsNotification.notify():158 rme[bounds=Rect(0, 64 - 720, 1600), insets=Rect(0, 0 - 0, 30), densityDpi=320, smallestScreenWidthDp=360, displayWidth=720, displayHeight=1600, xdpi=269.218, ydpi=269.21, isTrustable=true, displayId=0]; DisplayMetrics{density=2.0, width=720, height=1600, scaledDensity=2.0, xdpi=269.218, ydpi=269.21}
06-21 16:20:48.946  1576  3329 I InputDispatcher: Window went away: InputMethod#0
06-21 16:20:48.966 31188 31188 I KeyboardDefManager: KeyboardDefManager$Companion$addFutureCallbackForKeyboardDefReceiver$1.onSuccess():425 requestKeyboardDef onSuccess(): info=oir{defIds=[#0x7f1705fa, #0x7f170891], defIdsCacheKey=[2132215290, 2132215953]}
06-21 16:20:48.966 31188 31188 I KeyboardWrapper: KeyboardWrapper.onKeyboardReady():226 onKeyboardReady(): type=prime(prime), kb=com.google.android.apps.inputmethod.latin.keyboard.LatinPrimeKeyboard@f137636
06-21 16:20:48.966 31188 31188 I KeyboardWrapper: KeyboardWrapper.doActivateKeyboard():624 doActivateKeyboard(): prime
06-21 16:20:48.971   768  2815 I BufferQueueProducer: [app.lawnchair/app.lawnchair.LawnchairLauncher#0](this:0xb400007c3e15a458,id:2207,api:1,p:3249,c:768) queueBuffer: fps=21.10 dur=1184.80 max=477.96 min=2.46
06-21 16:20:48.983  1576  1605 I ColorZoomWindowManagerService: updateInputVisibility: mInputMethodVisibility = false, surfaceShown = true
06-21 16:20:48.986  2036  2036 I OplusWallpaperServiceHelper: getDarkModeWallpaperWindowAlpha. nightMode = true
06-21 16:20:49.037 31188 31188 I BaseKeyboardSizeHelper: BaseKeyboardSizeHelper.calculateMaxKeyboardBodyHeight():73 leave 194 height for app when ime window height:1506, header height:88 and isFullscreenMode:false, so the max keyboard body height is:1224
06-21 16:20:49.041 31188 31188 I chatty  : uid=10150(com.google.android.inputmethod.latin) identical 2 lines
06-21 16:20:49.042 31188 31188 I BaseKeyboardSizeHelper: BaseKeyboardSizeHelper.calculateMaxKeyboardBodyHeight():73 leave 194 height for app when ime window height:1506, header height:88 and isFullscreenMode:false, so the max keyboard body height is:1224
06-21 16:20:49.043 31188 31188 I GlobeKeyExtension: GlobeKeyExtension.getKeyboardInitialStates():186 
06-21 16:20:49.044 31188 31188 W Keyboard: Keyboard.getKeyboardViewHelper():607 null helper is returned: keyboardDef=oil{processedConditions={show_comma_key=true, enable_more_candidates_view_for_multilingual=false, layout_9key_split=false, enable_secondary_symbols=true, pref_enable_flick_symbols=true, enable_scrub_move=false, language=en-US, deprecate_long_press_space_for_ime_picker=false, expressions=normal, android_software_xr_api_spatial=false, variant=qwerty, free_cursor=false, show_period_key=true, enable_number_row=true, device=phone, keyboard_mode=normal, show_secondary_digits=false, enable_pk_simulator=false, enable_preemptive_decode=true}, globalConditions={global_theme_key=theme,BORDER,FLAVOR_DPI=XHDPI,KEYBOARD_WIDTH_CATEGORY=NORMAL,KEY_BORDER_SHAPE=1,LIGHT_THEME=false,PHYSICAL_DIAGONAL=5.3011794,POPUP,SCREEN_SHORTEST_WIDTH=360,SCREEN_SHORTEST_WIDTH_NO_SCALE=360,XHDPI,bottom4dp,builtin_google_blue_dark.binarypb,enable_popup_on_keypress=true,non_linear_scale, global_locale=en_US, global_density_dpi=320, global_orientation=1}, className=.latin.keyboard.LatinPrimeKeyboard, resourceIds=[#0x7f1705fa, #0x7f170891], initialStates=0, keyboardViewDefs=[ojd{direction=null, id=#0x7f0b0230, isScalable=true, layoutId=#0x7f0e02c3, type=BODY, touchable=true, defaultShow=true}, ojd{direction=null, id=#0x7f0b0230, isScalable=false, layoutId=#0x7f0e021e, type=FLOATING_CANDIDATES, touchable=false, defaultShow=false}, ojd{direction=LOCALE, id=#0x7f0b0230, isScalable=false, layoutId=#0x7f0e0527, type=HEADER, touchable=true, defaultShow=true}], persistentStates=0, persistentStatesPrefKey=null, popupBubbleLayoutId=#0x7f0e0605, recentKeyLayoutId=#0x0, recentKeyPopupLayoutId=#0x0, recentKeyType=null, rememberRecentKey=NONE, sessionStates=26388279066624}, type=WIDGET, helpersCreated={HEADER=ntb@82ea938, BODY=ntb@cbd4d11, FLOATING_CANDIDATES=ntb@63b2e76}, context.getResources().getConfiguration(): {1.0 470mcc2mnc [en_US] ldltr sw360dp w360dp h768dp 320dpi nrml long port night finger -keyb/v/h -nav/h winConfig={ mBounds=Rect(0, 0 - 720, 1600) mAppBounds=Rect(0, 64 - 720, 1600) mWindowingMode=fullscreen mDisplayWindowingMode=fullscreen mActivityType=undefined mAlwaysOnTop=undefined mRotation=ROTATION_0} s.883mThemeChanged= 0, mThemeChangedFlags= 0, mFlipFont= 0, mAccessibleChanged= -1, mUxIconConfig= 3465545683393052705, mMaterialColor= 0, mUserId= 0, mFontUserId= 0, mFontVariationSettings= 226, mIconPackName= , mDarkModeBackgroundMaxL= 0.0, mDarkModeDialogBgMaxL= 27.0, mDarkModeForegroundMinL= 100.0, mOplusConfigType= 1}
06-21 16:20:49.044 31188 31188 I BaseKeyboardSizeHelper: BaseKeyboardSizeHelper.calculateMaxKeyboardBodyHeight():73 leave 194 height for app when ime window height:1506, header height:88 and isFullscreenMode:false, so the max keyboard body height is:1224
06-21 16:20:49.070 31188 31188 I AndroidIME: KeyboardViewManager.updateKeyboardBackgroundFrameVisibility():392 Set background frame visibility. old:8, new:8
06-21 16:20:49.078  2036  2036 I OplusWallpaperServiceHelper: getDarkModeWallpaperWindowAlpha. nightMode = true
06-21 16:20:49.105 31188 31188 I GoogleInputMethodService: GoogleInputMethodService$1.onKeyboardViewShown():344 onKeyboardViewShown: keyboardType=prime, keyboardViewType=HEADER keyboardView=com.google.android.libraries.inputmethod.widgets.SoftKeyboardView{fdd110d V.E...... ........ 0,0-720,88}
06-21 16:20:49.105 31188 31188 I BaseKeyboardSizeHelper: BaseKeyboardSizeHelper.calculateMaxKeyboardBodyHeight():73 leave 194 height for app when ime window height:1506, header height:88 and isFullscreenMode:false, so the max keyboard body height is:1224
06-21 16:20:49.106 31188 31188 I GoogleInputMethodService: GoogleInputMethodService$1.onKeyboardViewShown():344 onKeyboardViewShown: keyboardType=prime, keyboardViewType=BODY keyboardView=com.google.android.libraries.inputmethod.widgets.SoftKeyboardView{439e8f2 V.E...... ........ 0,0-720,480}
06-21 16:20:49.106 31188 31188 I BaseKeyboardSizeHelper: BaseKeyboardSizeHelper.calculateMaxKeyboardBodyHeight():73 leave 194 height for app when ime window height:1506, header height:88 and isFullscreenMode:false, so the max keyboard body height is:1224
06-21 16:20:49.106 31188 31188 I GlobeKeyExtension: GlobeKeyExtension$1.onKeyboardViewShown():77 maybeDisableLanguageSwitchKeyPref when the keyboard is shown
06-21 16:20:49.106 31188 31188 I GlobeKeyExtension: GlobeKeyExtension.maybeDisableLanguageSwitchKeyPref():211 maybeDisableLanguageSwitchKeyPref hasGlobeKeyBeenDisabled: false, shouldDisableLanguageSwitchKey: false
06-21 16:20:49.106 31188 31188 I NewLanguagePromptExtension: NewLanguagePromptExtension$1.onKeyboardViewShown():98 Not show new language banner: no change in enabled input method entries
06-21 16:20:49.107 31188 31188 I DynamicLayoutHandler: DynamicLayoutHandler.loadDynamicKeys():92 This isn't a dynamic layout.
06-21 16:20:49.108 31188 31188 I DynamicLayoutHandler: DynamicLayoutHandler.loadDynamicKeys():92 This isn't a dynamic layout.
06-21 16:20:49.108 31188 31244 I Delight5Decoder: Delight5DecoderWrapper.setKeyboardLayout():553 setKeyboardLayout()
06-21 16:20:49.108 31188 31188 I KeyboardModeUtils: KeyboardModeUtils.getKeyboardBottomOffset():435 inch: 0.000000 ydpi: 269.209991 adjustKeyboardBottomByDisplaySize: false currentDensityDpi: 320 defaultDensityDpi: 320 keyboardBottomToScreenPx: 0 keyboardBottomToNavBarPx: -30 navBarHeight: 30
06-21 16:20:49.109 31188 31188 I BaseKeyboardSizeHelper: BaseKeyboardSizeHelper.calculateMaxKeyboardBodyHeight():73 leave 194 height for app when ime window height:1506, header height:88 and isFullscreenMode:false, so the max keyboard body height is:1224
06-21 16:20:49.109 31188 31188 I chatty  : uid=10150(com.google.android.inputmethod.latin) identical 1 line
06-21 16:20:49.109 31188 31188 I BaseKeyboardSizeHelper: BaseKeyboardSizeHelper.calculateMaxKeyboardBodyHeight():73 leave 194 height for app when ime window height:1506, header height:88 and isFullscreenMode:false, so the max keyboard body height is:1224
06-21 16:20:49.109 31188 31188 I KeyboardModeUtils: KeyboardModeUtils.getKeyboardBottomOffset():435 inch: 0.000000 ydpi: 269.209991 adjustKeyboardBottomByDisplaySize: false currentDensityDpi: 320 defaultDensityDpi: 320 keyboardBottomToScreenPx: 0 keyboardBottomToNavBarPx: -30 navBarHeight: 30
06-21 16:20:49.109 31188 31188 I BaseKeyboardSizeHelper: BaseKeyboardSizeHelper.calculateMaxKeyboardBodyHeight():73 leave 194 height for app when ime window height:1506, header height:88 and isFullscreenMode:false, so the max keyboard body height is:1224
06-21 16:20:49.109 31188 31188 I BaseKeyboardSizeHelper: BaseKeyboardSizeHelper.calculateMaxKeyboardBodyHeight():73 leave 194 height for app when ime window height:1506, header height:88 and isFullscreenMode:false, so the max keyboard body height is:1224
06-21 16:20:49.110 31188 31188 I KeyboardModeUtils: KeyboardModeUtils.getKeyboardBottomOffset():435 inch: 0.000000 ydpi: 269.209991 adjustKeyboardBottomByDisplaySize: false currentDensityDpi: 320 defaultDensityDpi: 320 keyboardBottomToScreenPx: 0 keyboardBottomToNavBarPx: -30 navBarHeight: 30
06-21 16:20:49.110 31188 31188 I BaseKeyboardSizeHelper: BaseKeyboardSizeHelper.calculateMaxKeyboardBodyHeight():73 leave 194 height for app when ime window height:1506, header height:88 and isFullscreenMode:false, so the max keyboard body height is:1224
06-21 16:20:49.110 31188 31188 I BaseKeyboardSizeHelper: BaseKeyboardSizeHelper.calculateMaxKeyboardBodyHeight():73 leave 194 height for app when ime window height:1506, header height:88 and isFullscreenMode:false, so the max keyboard body height is:1224
06-21 16:20:49.117 31188 31244 I Delight5Decoder: Delight5DecoderWrapper.setKeyboardLayout():553 setKeyboardLayout()
06-21 16:20:49.190  1576  1833 I mtkpower_client: perf_lock_rel, hdl:13189, tid:1833
06-21 16:20:49.190   757   903 I libPowerHal: [perfLockRel] hdl:13189, idx:0
06-21 16:20:49.190   757   903 I libPowerHal: [PD] scn:0 hdl:13189 lock_user:system_server pid:1576 tid:1833 dur:0
06-21 16:20:49.191   757   903 I libPowerHal: system_server: cpu_ctrl set cpu freq: -1 -1 -1 -1
06-21 16:20:49.264   757   903 I libPowerHal: [perfLockAcq] idx:0 hdl:13190 hint:25 pid:757 duration:10000 => ret_hdl:13190
06-21 16:20:49.264   757   903 I libPowerHal: [PE] scn:0 hdl:13190 hint:25 comm:mtkpower@1.0-se pid:757
06-21 16:20:49.265   757   903 I libPowerHal: [PE] MTKPOWER_HINT_APP_TOUCH update cmd:3408600 param:1
06-21 16:20:49.347   757   903 I libPowerHal: [perfLockRel] hdl:13190, idx:0
06-21 16:20:49.347   757   903 I libPowerHal: [PD] scn:0 hdl:13190 hint:25 comm:mtkpower@1.0-se pid:757
06-21 16:20:49.347   757   903 I libPowerHal: [PD] MTKPOWER_HINT_APP_TOUCH update cmd:3408600 param:0
06-21 16:20:49.355  1576  3860 I ActivityTaskManager: START u0 {act=android.intent.action.MAIN cat=[android.intent.category.LAUNCHER] flg=0x10200000 cmp=com.mhm.speaktowrite/.MainActivity bnds=[20,640][190,880] mCallingUid=10258} from uid 10258 and from pid 3249
06-21 16:20:49.356  1576  1833 I mtkpower_client: perf_lock_acq, hdl:13189, dur:0, num:6, tid:1833
06-21 16:20:49.357  1576  1833 I mtkpower_client: ret_hdl:13191
06-21 16:20:49.357   757   903 I libPowerHal: [perfLockAcq] idx:0 hdl:13191 hint:-1 pid:1576 duration:0 => ret_hdl:13191
06-21 16:20:49.357   757   903 I libPowerHal: [PE] scn:0 hdl:13191 lock_user:system_server pid:1576 tid:1833 dur:0
06-21 16:20:49.357   757   903 I libPowerHal: system_server: cpu_ctrl set cpu freq: 1800000 -1 1532000 -1
06-21 16:20:49.358  1576  3860 E ColorZoomWindowManagerService: onConfigurationChanged rotation not changed - prevRotation: 0
06-21 16:20:49.366  1576  3860 E ColorZoomWindowManagerService: onConfigurationChanged rotation not changed - prevRotation: 0
06-21 16:20:49.369   757   784 I mtkpower@impl: [setMode] type:5, enabled:1
06-21 16:20:49.370   757   903 I libPowerHal: [perfLockAcq] idx:1 hdl:13192 hint:11 pid:757 duration:30000 => ret_hdl:13192
06-21 16:20:49.370   757   903 I libPowerHal: [PE] scn:1 hdl:13192 hint:11 comm:mtkpower@1.0-se pid:757
06-21 16:20:49.370   757   903 I libPowerHal: LAUNCH: cpu_ctrl set cpu freq: 1800000 -1 2000000 -1
06-21 16:20:49.370   757   903 I libPowerHal: [PE] LAUNCH update cmd:1000000, param:0
06-21 16:20:49.370   757   903 I libPowerHal: [PE] LAUNCH update cmd:1408300, param:100
06-21 16:20:49.371   757   903 I libPowerHal: [PE] LAUNCH update cmd:1000000 param:0
06-21 16:20:49.371   757   903 I libPowerHal: [perfLockAcq] idx:2 hdl:13193 hint:22 pid:757 duration:10000 => ret_hdl:13193
06-21 16:20:49.371   757   903 I libPowerHal: [PE] scn:2 hdl:13193 hint:22 comm:mtkpower@1.0-se pid:757
06-21 16:20:49.376  3249  3249 W SplitSelectStateCtor: Missing session instanceIds
06-21 16:20:49.378  1576  3798 I ColorHansManager : ColorHansManager : resume pkg: com.mhm.speaktowrite, uid:10420, prev pkg: app.lawnchair, prev uid: 10258
06-21 16:20:49.378  1576  1833 I mtkpower_client: perf_lock_rel, hdl:13191, tid:1833
06-21 16:20:49.378  1576  1833 I mtkpower_client: perf_lock_acq, hdl:13191, dur:0, num:6, tid:1833
06-21 16:20:49.378  1576  2456 I ColorHansManager : enter fastfreezer
06-21 16:20:49.378   757   903 I libPowerHal: [perfLockRel] hdl:13191, idx:0
06-21 16:20:49.378   757   903 I libPowerHal: [PD] scn:0 hdl:13191 lock_user:system_server pid:1576 tid:1833 dur:0
06-21 16:20:49.379  1576  1833 I mtkpower_client: ret_hdl:13194
06-21 16:20:49.379   757   903 I libPowerHal: [perfLockAcq] idx:0 hdl:13194 hint:-1 pid:1576 duration:0 => ret_hdl:13194
06-21 16:20:49.379   757   903 I libPowerHal: [PE] scn:0 hdl:13194 lock_user:system_server pid:1576 tid:1833 dur:0
06-21 16:20:49.380   757   903 I libPowerHal: [perfLockAcq] idx:3 hdl:13195 hint:21 pid:757 duration:10000 => ret_hdl:13195
06-21 16:20:49.380  1576  1833 I mtkpower_client: perf_lock_rel, hdl:13194, tid:1833
06-21 16:20:49.380   757   903 I libPowerHal: [PE] scn:3 hdl:13195 hint:21 comm:mtkpower@1.0-se pid:757
06-21 16:20:49.380   757   903 I libPowerHal: [PE] MTKPOWER_HINT_PROCESS_CREATE update cmd:2020000, param:15
06-21 16:20:49.380   757   903 I libPowerHal: [PE] MTKPOWER_HINT_PROCESS_CREATE update cmd:1410000, param:1
06-21 16:20:49.380  1576  1833 I mtkpower_client: perf_lock_acq, hdl:13194, dur:0, num:10, tid:1833
06-21 16:20:49.380   757   903 I libPowerHal: [perfLockRel] hdl:13098, idx:-1
06-21 16:20:49.380   757   903 I libPowerHal: [perfLockRel] hdl:13194, idx:0
06-21 16:20:49.380   757   903 I libPowerHal: [PD] scn:0 hdl:13194 lock_user:system_server pid:1576 tid:1833 dur:0
06-21 16:20:49.380  1576  2456 I ColorHansManager : freeze uid: 10243 package: dev.imranr.obtainium.fdroid reason: fastfreezer|10420 scene: FastFreezerScene
06-21 16:20:49.381  1576  1833 I mtkpower_client: ret_hdl:13196
06-21 16:20:49.381   757   903 I libPowerHal: cmdSetting - unknown cmd:1c3c000, scmd:(null) ,param_1:0
06-21 16:20:49.381   757   903 I libPowerHal: [perfLockAcq] idx:0 hdl:13196 hint:-1 pid:1576 duration:0 => ret_hdl:13196
06-21 16:20:49.381   757   903 I libPowerHal: [PE] scn:0 hdl:13196 lock_user:system_server pid:1576 tid:1833 dur:0
06-21 16:20:49.381  1576  2456 I ColorHansManager : freeze uid: 10375 package: com.warden.app reason: fastfreezer|10420 scene: FastFreezerScene
06-21 16:20:49.382  1576  1833 I mtkpower_client: perf_lock_rel, hdl:13196, tid:1833
06-21 16:20:49.382  1576  1833 I mtkpower_client: perf_lock_acq, hdl:13196, dur:0, num:10, tid:1833
06-21 16:20:49.382  4466  4485 E IHansComunication: HANS printMessageBody: RCVed message body: type = 0, port = 86870, caller_pid = 3249, caller_uid = 10258, target_pid = 21556, target_uid = 10375, pkg_cmd = -1
06-21 16:20:49.384  1576  2456 I ColorHansManager : freeze uid: 10252 package: com.github.bmx666.appcachecleaner reason: fastfreezer|10420 scene: FastFreezerScene
06-21 16:20:49.384   757   903 I libPowerHal: [perfLockRel] hdl:13196, idx:0
06-21 16:20:49.384   757   903 I libPowerHal: [PD] scn:0 hdl:13196 lock_user:system_server pid:1576 tid:1833 dur:0
06-21 16:20:49.385  1576  2456 I ColorHansManager : freeze uid: 10288 package: com.whatsapp reason: fastfreezer|10420 scene: FastFreezerScene
06-21 16:20:49.385  1576  1833 I mtkpower_client: ret_hdl:13197
06-21 16:20:49.385   757   903 I libPowerHal: cmdSetting - unknown cmd:1c3c000, scmd:(null) ,param_1:0
06-21 16:20:49.385   757   903 I libPowerHal: [perfLockAcq] idx:0 hdl:13197 hint:-1 pid:1576 duration:0 => ret_hdl:13197
06-21 16:20:49.385   757   903 I libPowerHal: [PE] scn:0 hdl:13197 lock_user:system_server pid:1576 tid:1833 dur:0
06-21 16:20:49.385  1576  2456 I ColorHansManager : freeze uid: 10418 package: com.example.lockedsecure reason: fastfreezer|10420 scene: FastFreezerScene
06-21 16:20:49.386  1576  2456 I ColorHansManager : freeze uid: 10297 package: com.github.catfriend1.syncthingandroid reason: fastfreezer|10420 scene: FastFreezerScene
06-21 16:20:49.387  1576  2456 I ColorHansManager : freeze uid: 10302 package: app.revanced.android.gms reason: fastfreezer|10420 scene: FastFreezerScene
06-21 16:20:49.387  1576  2456 I ColorHansManager : freeze uid: 10328 package: anddea.youtube reason: fastfreezer|10420 scene: FastFreezerScene
06-21 16:20:49.388  1576  2456 I ColorHansManager : freeze uid: 10367 package: moe.shizuku.privileged.api reason: fastfreezer|10420 scene: FastFreezerScene
06-21 16:20:49.390   768   881 I SurfaceFlinger: [SF client] NEW(0xb400007c297d2040) for (1576:system_server)
06-21 16:20:49.394  1576  1606 E libEGL  : Invalid file path for libcolorx-loader.so
06-21 16:20:49.395  1576  1606 I chatty  : uid=1000(system) android.anim identical 4 lines
06-21 16:20:49.395  1576  1606 E libEGL  : Invalid file path for libcolorx-loader.so
06-21 16:20:49.395  1576  1606 I InputTransport: Create ARC handle: 0xb4000079e4318c00
06-21 16:20:49.400  1576  1621 I ActivityManager: Start proc 10185:com.mhm.speaktowrite/u0a420 for pre-top-activity {com.mhm.speaktowrite/com.mhm.speaktowrite.MainActivity}
06-21 16:20:49.400  4466  4485 E IHansComunication: HANS printMessageBody: RCVed message body: type = 0, port = 86870, caller_pid = 1576, caller_uid = 1000, target_pid = 21556, target_uid = 10375, pkg_cmd = -1
06-21 16:20:49.403   768   881 I BufferQueueConsumer: [](id:300000008a1,api:0,p:-1,c:768) connect(): controlledByApp=false
06-21 16:20:49.403   768   881 I BufferQueue: [unnamed-768-2209](this:0xb400007c1ef03858,id:2209,api:0,p:-1,c:-1) BufferQueue core=(768:/system/bin/surfaceflinger)
06-21 16:20:49.405  1576  1606 W WindowManager: Changing focus fromWindow{194d8b2 u0 app.lawnchair/app.lawnchair.LawnchairLauncher} to null displayId=0 Callers=com.android.server.wm.RootWindowContainer.updateFocusedWindowLocked:497 com.android.server.wm.WindowManagerService.updateFocusedWindowLocked:6036 com.android.server.wm.WindowManagerService.relayoutWindow:2682 com.android.server.wm.Session.relayout:229 
06-21 16:20:49.408  4466  4485 E IHansComunication: HANS printMessageBody: RCVed message body: type = 0, port = 86870, caller_pid = 1576, caller_uid = 1000, target_pid = 21556, target_uid = 10375, pkg_cmd = -1
06-21 16:20:49.408 10185 10185 I hm.speaktowrit: Late-enabling -Xcheck:jni
06-21 16:20:49.409   768   881 I BufferQueueProducer: [Splash Screen com.mhm.speaktowrite#0](id:300000008a1,api:2,p:1576,c:768) connect(): api=2 producerControlledByApp=false
06-21 16:20:49.409  4466  4485 E IHansComunication: HANS printMessageBody: RCVed message body: type = 0, port = 86870, caller_pid = 1576, caller_uid = 1000, target_pid = 21556, target_uid = 10375, pkg_cmd = -1
06-21 16:20:49.410  4466  4485 E IHansComunication: HANS printMessageBody: RCVed message body: type = 0, port = 86870, caller_pid = 1576, caller_uid = 1000, target_pid = 22623, target_uid = 10418, pkg_cmd = -1
06-21 16:20:49.416  1576  3798 I InputDispatcher: Focus left window: Window{194d8b2 u0 app.lawnchair/app.lawnchair.LawnchairLauncher} in display 0
06-21 16:20:49.416  1576  3798 I InputDispatcher: Window went away: Window{194d8b2 u0 app.lawnchair/app.lawnchair.LawnchairLauncher}
06-21 16:20:49.433  1576  3798 I InputDispatcher: Window went away: Splash Screen com.mhm.speaktowrite#0
06-21 16:20:49.435 10185 10185 I hm.speaktowrit: Unquickening 22 vdex files!
06-21 16:20:49.435 10185 10185 E hm.speaktowrit: Unknown bits set in runtime_flags: 0x40000000
06-21 16:20:49.440  9268  9277 I adbd    : jdwp connection from 10185
06-21 16:20:49.447 10185 10185 E RefClass: java.lang.reflect.InvocationTargetException
06-21 16:20:49.459  2476  2476 E OplusNecManagerHelper: com.oplus.nec.OplusNecManager.notifyOrigSignalStrengthChanged [class android.telephony.SignalStrength, int]
06-21 16:20:49.460  1576  3325 I ColorAppSwitchManagerService: appswitch hasProcess ActivityRecord{5713748 u0 com.mhm.speaktowrite/.MainActivity t2010}
06-21 16:20:49.460  1576  3325 I ColorAppSwitchManagerService: appswitch hasProcess ActivityRecord{5713748 u0 com.mhm.speaktowrite/.MainActivity t2010}
06-21 16:20:49.460  1576  1833 I mtkpower_client: perf_lock_rel, hdl:13197, tid:1833
06-21 16:20:49.461  1576  1833 I mtkpower_client: perf_lock_acq, hdl:13197, dur:0, num:10, tid:1833
06-21 16:20:49.461  1576  3325 I InputDispatcher: setFocusedApplication displayId=0 ActivityRecord{5713748 u0 com.mhm.speaktowrite/.MainActivity t2010}
06-21 16:20:49.461   757   903 I libPowerHal: [perfLockRel] hdl:13197, idx:0
06-21 16:20:49.461   757   903 I libPowerHal: [PD] scn:0 hdl:13197 lock_user:system_server pid:1576 tid:1833 dur:0
06-21 16:20:49.462  7582  7618 I [10]DCS-StrategyManager: isNeedUpload: cache, appID: 20200, logTag: launch, eventID: launch
06-21 16:20:49.462  2761  3220 W OppoGuardElf: ThermalControlUtils: mForegroundPkg=com.mhm.speaktowrite
06-21 16:20:49.464  7582  7618 W System.err: android.content.pm.PackageManager$NameNotFoundException: app.lawnchair
06-21 16:20:49.464  7582  7618 W System.err: 	at android.app.ApplicationPackageManager.getPackageInfoAsUser(ApplicationPackageManager.java:238)
06-21 16:20:49.464  7582  7618 W System.err: 	at android.app.ApplicationPackageManager.getPackageInfo(ApplicationPackageManager.java:207)
06-21 16:20:49.464  7582  7618 W System.err: 	at com.nearme.statistics.rom.c.j.i.b(Utils.java:2)
06-21 16:20:49.464  7582  7618 W System.err: 	at com.nearme.statistics.rom.business.helper.g.a(LaunchHelper.java:10)
06-21 16:20:49.464  7582  7618 W System.err: 	at com.nearme.statistics.rom.business.helper.g.d(LaunchHelper.java:22)
06-21 16:20:49.464  7582  7618 W System.err: 	at com.nearme.statistics.rom.d.d.d(BroadcastMsgHandler.java:6)
06-21 16:20:49.464  7582  7618 W System.err: 	at com.nearme.statistics.rom.d.d.b(BroadcastMsgHandler.java:6)
06-21 16:20:49.464  7582  7618 W System.err: 	at com.nearme.statistics.rom.d.c.handleMessage(BaseMsgHandler.java:8)
06-21 16:20:49.464  7582  7618 W System.err: 	at android.os.Handler.dispatchMessage(Handler.java:106)
06-21 16:20:49.464  7582  7618 W System.err: 	at android.os.Looper.loop(Looper.java:255)
06-21 16:20:49.464  7582  7618 W System.err: 	at android.os.HandlerThread.run(HandlerThread.java:67)
06-21 16:20:49.468  1576  1833 I mtkpower_client: ret_hdl:13198
06-21 16:20:49.468   757   903 I libPowerHal: [perfNotifyAppState] foreground:com.mhm.speaktowrite, pid:10185, uid:10420
06-21 16:20:49.469   757   903 E UxUtility: notifyAppState error = NULL
06-21 16:20:49.469   757   903 I TouchUtility: notifyAppState error = NULL
06-21 16:20:49.469   757   782 I mtkpower@impl: [notifyAppState] pc:1, app.lawnchair => com.mhm.speaktowrite
06-21 16:20:49.469   757   903 I libPowerHal: cmdSetting - unknown cmd:1c3c000, scmd:(null) ,param_1:0
06-21 16:20:49.469   757   903 I libPowerHal: [perfLockAcq] idx:0 hdl:13198 hint:-1 pid:1576 duration:0 => ret_hdl:13198
06-21 16:20:49.469   757   903 I libPowerHal: [PE] scn:0 hdl:13198 lock_user:system_server pid:1576 tid:1833 dur:0
06-21 16:20:49.470  7582  7618 I [10]DCS-BackgroundAppData: sendAppBgEvent: has no pkgName=com.mhm.speaktowrite
06-21 16:20:49.471  7582  7618 W System.err: android.content.pm.PackageManager$NameNotFoundException: app.lawnchair
06-21 16:20:49.471  7582  7618 W System.err: 	at android.app.ApplicationPackageManager.getApplicationInfoAsUser(ApplicationPackageManager.java:461)
06-21 16:20:49.471  7582  7618 W System.err: 	at android.app.ApplicationPackageManager.getApplicationInfo(ApplicationPackageManager.java:450)
06-21 16:20:49.471  7582  7618 W System.err: 	at com.nearme.statistics.rom.c.j.i.o(Utils.java:2)
06-21 16:20:49.471  7582  7618 W System.err: 	at com.nearme.statistics.rom.usermodel.a.h(BackgroundAppData.java:2)
06-21 16:20:49.471  7582  7618 W System.err: 	at com.nearme.statistics.rom.usermodel.i.h(UserModelHelper.java:1)
06-21 16:20:49.471  7582  7618 W System.err: 	at com.nearme.statistics.rom.d.d.d(BroadcastMsgHandler.java:8)
06-21 16:20:49.471  7582  7618 W System.err: 	at com.nearme.statistics.rom.d.d.b(BroadcastMsgHandler.java:6)
06-21 16:20:49.471  7582  7618 W System.err: 	at com.nearme.statistics.rom.d.c.handleMessage(BaseMsgHandler.java:8)
06-21 16:20:49.471  7582  7618 W System.err: 	at android.os.Handler.dispatchMessage(Handler.java:106)
06-21 16:20:49.471  7582  7618 W System.err: 	at android.os.Looper.loop(Looper.java:255)
06-21 16:20:49.471  7582  7618 W System.err: 	at android.os.HandlerThread.run(HandlerThread.java:67)
06-21 16:20:49.477 10185 10185 I oplus.android.OplusFrameworkFactoryImpl: get feature:IOplusScreenModeFeature
06-21 16:20:49.477 10185 10185 I oplus.android.OplusFrameworkFactoryImpl: getOplusScreenModeFeature
06-21 16:20:49.481  7582  7618 W System.err: android.content.pm.PackageManager$NameNotFoundException: app.lawnchair
06-21 16:20:49.482  7582  7618 W System.err: 	at android.app.ApplicationPackageManager.getPackageInfoAsUser(ApplicationPackageManager.java:238)
06-21 16:20:49.482  7582  7618 W System.err: 	at android.app.ApplicationPackageManager.getPackageInfo(ApplicationPackageManager.java:207)
06-21 16:20:49.482  7582  7618 W System.err: 	at com.nearme.statistics.rom.c.j.i.b(Utils.java:2)
06-21 16:20:49.482  7582  7618 W System.err: 	at com.nearme.statistics.rom.usermodel.a.o(BackgroundAppData.java:3)
06-21 16:20:49.482  7582  7618 W System.err: 	at com.nearme.statistics.rom.usermodel.a.h(BackgroundAppData.java:15)
06-21 16:20:49.484  7582  7618 W System.err: 	at com.nearme.statistics.rom.usermodel.i.h(UserModelHelper.java:1)
06-21 16:20:49.484  7582  7618 W System.err: 	at com.nearme.statistics.rom.d.d.d(BroadcastMsgHandler.java:8)
06-21 16:20:49.484  7582  7618 W System.err: 	at com.nearme.statistics.rom.d.d.b(BroadcastMsgHandler.java:6)
06-21 16:20:49.484  7582  7618 W System.err: 	at com.nearme.statistics.rom.d.c.handleMessage(BaseMsgHandler.java:8)
06-21 16:20:49.484  7582  7618 W System.err: 	at android.os.Handler.dispatchMessage(Handler.java:106)
06-21 16:20:49.484  7582  7618 W System.err: 	at android.os.Looper.loop(Looper.java:255)
06-21 16:20:49.484  7582  7618 W System.err: 	at android.os.HandlerThread.run(HandlerThread.java:67)
06-21 16:20:49.488  2761  3220 W OppoGuardElf: ThermalControllHandler: tempLevel=5,userMode=2,gameUserMode=-1,appType=-1,envTempType=0,appStates=[]
06-21 16:20:49.489   768   768 I BufferQueueProducer: [FramebufferSurface](this:0xb400007c2942eed0,id:-1,api:1,p:768,c:768) queueBuffer: fps=1.53 dur=7186.55 max=7019.71 min=15.47
06-21 16:20:49.493  2761  3220 W OppoGuardElf: ThermalControlUtils: mForegroundPkg=com.mhm.speaktowrite
06-21 16:20:49.493  2761  3220 W OppoGuardElf: ThermalControllHandler: tempGear=5,configItemName=common_config
06-21 16:20:49.493  2761  4438 W OppoGuardElf: ThermalControllHandler: MSG_THERMAL_CONTROL_CATEGORY_CHANGED
06-21 16:20:49.612   768   881 I BufferQueueProducer: [Toast#0](id:3000000089d,api:1,p:2036,c:768) disconnect(): api=1
06-21 16:20:49.618  2036  2036 I InputTransport: Destroy ARC handle: 0xb400007a6b028da0
06-21 16:20:49.619  1576  2554 W NotificationService: Toast already killed. pkg=com.warden.app token=android.os.BinderProxy@a64896f
06-21 16:20:49.620  4466  4485 E IHansComunication: HANS printMessageBody: RCVed message body: type = 0, port = 86870, caller_pid = 2036, caller_uid = 10107, target_pid = 21556, target_uid = 10375, pkg_cmd = -1
06-21 16:20:49.625   768  1914 I SurfaceFlinger: [SF client] NEW(0xb400007c297d0f00) for (2036:com.android.systemui)
06-21 16:20:49.634  2036  2036 E libEGL  : Invalid file path for libcolorx-loader.so
06-21 16:20:49.634  2036  2036 I chatty  : uid=10107(com.android.systemui) identical 4 lines
06-21 16:20:49.634  2036  2036 E libEGL  : Invalid file path for libcolorx-loader.so
06-21 16:20:49.634  2036  2036 I InputTransport: Create ARC handle: 0xb400007a70e50320
06-21 16:20:49.639  4466  4485 E IHansComunication: HANS printMessageBody: RCVed message body: type = 0, port = 86870, caller_pid = 2036, caller_uid = 10107, target_pid = 21556, target_uid = 10375, pkg_cmd = -1
06-21 16:20:49.644   768   881 I BufferQueueConsumer: [](id:300000008a2,api:0,p:-1,c:768) connect(): controlledByApp=false
06-21 16:20:49.644   768   881 I BufferQueue: [unnamed-768-2210](this:0xb400007c1ef04658,id:2210,api:0,p:-1,c:-1) BufferQueue core=(768:/system/bin/surfaceflinger)
06-21 16:20:49.651  1576  1928 I InputDispatcher: Window went away: Window{672737f u0 Toast}
06-21 16:20:49.652   768   881 I BufferQueueProducer: [Toast#1](id:300000008a2,api:1,p:2036,c:768) connect(): api=1 producerControlledByApp=false
06-21 16:20:49.655  1576  1606 I ColorAppSwitchManagerService:  handleAppVisible , r = ActivityRecord{5713748 u0 com.mhm.speaktowrite/.MainActivity t2010}
06-21 16:20:49.655  1576  1606 I OplusMirageDisplayManagerService: onAnimationFinished:
06-21 16:20:49.655  1576  1606 I OplusMirageDisplayManagerService: onAnimationFinished:
06-21 16:20:49.669  1576  3325 I InputDispatcher: Window went away: Toast#1
06-21 16:20:49.672   768  1914 I BufferQueueProducer: [app.lawnchair/app.lawnchair.LawnchairLauncher#0](id:3000000089f,api:1,p:3249,c:768) disconnect(): api=1
06-21 16:20:49.686   736   902 I hwcomposer: [HWCDisplay] [Display_0 (type:1)] fps:40.661945,dur:1008.31,max:189.84,min:4.91  
06-21 16:20:49.748  1576  2483 I ColorGameSpaceManager: in handleApplicationSwitchInner ---- gamemode = 0 ----mModeStatus = 0
06-21 16:20:49.823 10074 10100 W chbox:googleap: Accessing hidden method Landroid/view/ScrollCaptureTarget;-><init>(Landroid/view/View;Landroid/graphics/Rect;Landroid/graphics/Point;Landroid/view/ScrollCaptureCallback;)V (blacklist, linking, denied)
06-21 16:20:49.878  4466  4485 E IHansComunication: HANS printMessageBody: RCVed message body: type = 0, port = 86870, caller_pid = 1576, caller_uid = 1000, target_pid = 21556, target_uid = 10375, pkg_cmd = -1
06-21 16:20:49.892   768  1914 I BufferQueueProducer: [StatusBar#0](this:0xb400007c1f92fa58,id:7,api:1,p:2036,c:768) queueBuffer: fps=0.25 dur=3991.37 max=3991.37 min=3991.37
06-21 16:20:49.902   768   768 I BufferQueueConsumer: [Toast#0](id:3000000089d,api:0,p:-1,c:768) disconnect()
06-21 16:20:49.902   768   768 I BufferQueue: [Toast#0](this:0xb400007c1f934e58,id:2205,api:1,p:-1,c:-1) onDestructor()
06-21 16:20:49.903  1576  3860 I InputDispatcher: Window went away: Toast#0
06-21 16:20:49.986  4466  4485 E IHansComunication: HANS printMessageBody: RCVed message body: type = 0, port = 86870, caller_pid = 1576, caller_uid = 1000, target_pid = 21556, target_uid = 10375, pkg_cmd = -1
06-21 16:20:50.700  1576  1626 I ColorHansManager : unfreeze uid: 10328 package: anddea.youtube reason: Broadcast scene: FastFreezerScene
06-21 16:20:50.703  1576  1626 I ColorHansManager : unfreeze uid: 10288 package: com.whatsapp reason: Broadcast scene: FastFreezerScene
06-21 16:20:50.887  1576  3133 E TaskPersister: File error accessing recents directory (directory doesn't exist?).
06-21 16:20:50.968  1576  2456 I ColorHansManager : unfreeze uid: 10297 package: com.github.catfriend1.syncthingandroid reason: F-timeout scene: FastFreezerScene
06-21 16:20:50.969  1576  2456 I ColorHansManager : unfreeze uid: 10418 package: com.example.lockedsecure reason: F-timeout scene: FastFreezerScene
06-21 16:20:50.970  1576  2456 I ColorHansManager : unfreeze uid: 10375 package: com.warden.app reason: F-timeout scene: FastFreezerScene
06-21 16:20:50.970  1576  2456 I ColorHansManager : unfreeze uid: 10367 package: moe.shizuku.privileged.api reason: F-timeout scene: FastFreezerScene
06-21 16:20:50.970 21556 21556 E ANR_LOG : >>> msg's executing time is too long
06-21 16:20:50.970 21556 21556 E ANR_LOG : Blocked msg = { when=-1s595ms what=3 target=com.android.internal.os.HandlerCaller$MyHandler obj=EventType: TYPE_WINDOW_STATE_CHANGED; EventTime: 39982562; PackageName: com.mhm.speaktowrite; MovementGranularity: 0; Action: 0; ContentChangeTypes: []; WindowChangeTypes: [] [ ClassName: android.widget.FrameLayout; Text: []; ContentDescription: null; ItemCount: -1; CurrentItemIndex: -1; Enabled: true; Password: false; Checked: false; FullScreen: false; Scrollable: false; BeforeText: null; FromIndex: -1; ToIndex: -1; ScrollX: 0; ScrollY: 0; MaxScrollX: 0; MaxScrollY: 0; ScrollDeltaX: -1; ScrollDeltaY: -1; AddedCount: -1; RemovedCount: -1; ParcelableData: null ]; recordCount: 0 } , cost  = 1595 ms
06-21 16:20:50.970 21556 21556 E ANR_LOG : >>>Current msg List is:
06-21 16:20:50.970 21556 21556 E ANR_LOG : Current msg <1> = { when=-1ms what=3 target=com.android.internal.os.HandlerCaller$MyHandler arg1=1 obj=EventType: TYPE_WINDOW_CONTENT_CHANGED; EventTime: 39982555; PackageName: com.mhm.speaktowrite; MovementGranularity: 0; Action: 0; ContentChangeTypes: [CONTENT_CHANGE_TYPE_SUBTREE]; WindowChangeTypes: [] [ ClassName: android.widget.FrameLayout; Text: []; ContentDescription: null; ItemCount: -1; CurrentItemIndex: -1; Enabled: true; Password: false; Checked: false; FullScreen: false; Scrollable: false; BeforeText: null; FromIndex: -1; ToIndex: -1; ScrollX: 0; ScrollY: 0; MaxScrollX: 0; MaxScrollY: 0; ScrollDeltaX: -1; ScrollDeltaY: -1; AddedCount: -1; RemovedCount: -1; ParcelableData: null ]; recordCount: 0 }
06-21 16:20:50.971 21556 21556 E ANR_LOG : Current msg <2> = { when=-1ms what=0 target=android.os.Handler callback=android.widget.-$$Lambda$Toast$CallbackBinder$SR1aRrAMSFwOe15ZWVhbrCRpoJE }
06-21 16:20:50.971 21556 21556 E ANR_LOG : Current msg <3> = { when=-1ms what=0 target=android.os.Handler callback=android.widget.-$$Lambda$Toast$CallbackBinder$_s9yPuiT4nCWyRQ8LFD5klzoGtY }
06-21 16:20:50.971 21556 21556 E ANR_LOG : Current msg <4> = { when=0 what=3 target=com.android.internal.os.HandlerCaller$MyHandler arg1=1 obj=EventType: TYPE_WINDOW_CONTENT_CHANGED; EventTime: 39982562; PackageName: com.mhm.speaktowrite; MovementGranularity: 0; Action: 0; ContentChangeTypes: [CONTENT_CHANGE_TYPE_SUBTREE]; WindowChangeTypes: [] [ ClassName: android.widget.FrameLayout; Text: []; ContentDescription: null; ItemCount: -1; CurrentItemIndex: -1; Enabled: true; Password: false; Checked: false; FullScreen: false; Scrollable: false; BeforeText: null; FromIndex: -1; ToIndex: -1; ScrollX: 0; ScrollY: 0; MaxScrollX: 0; MaxScrollY: 0; ScrollDeltaX: -1; ScrollDeltaY: -1; AddedCount: -1; RemovedCount: -1; ParcelableData: null ]; recordCount: 0 }
06-21 16:20:50.971  1576  2456 I ColorHansManager : unfreeze uid: 10302 package: app.revanced.android.gms reason: F-timeout scene: FastFreezerScene
06-21 16:20:50.971 21556 21556 E ANR_LOG : Current msg <5> = { when=0 what=3 target=com.android.internal.os.HandlerCaller$MyHandler arg1=1 obj=EventType: TYPE_WINDOW_STATE_CHANGED; EventTime: 39982562; PackageName: com.mhm.speaktowrite; MovementGranularity: 0; Action: 0; ContentChangeTypes: []; WindowChangeTypes: [] [ ClassName: android.widget.FrameLayout; Text: []; ContentDescription: null; ItemCount: -1; CurrentItemIndex: -1; Enabled: true; Password: false; Checked: false; FullScreen: false; Scrollable: false; BeforeText: null; FromIndex: -1; ToIndex: -1; ScrollX: 0; ScrollY: 0; MaxScrollX: 0; MaxScrollY: 0; ScrollDeltaX: -1; ScrollDeltaY: -1; AddedCount: -1; RemovedCount: -1; ParcelableData: null ]; recordCount: 0 }
06-21 16:20:50.971 21556 21556 E ANR_LOG : Current msg <6> = { when=0 what=3 target=com.android.internal.os.HandlerCaller$MyHandler obj=EventType: TYPE_WINDOW_CONTENT_CHANGED; EventTime: 39983032; PackageName: com.android.systemui; MovementGranularity: 0; Action: 0; ContentChangeTypes: [CONTENT_CHANGE_TYPE_TEXT]; WindowChangeTypes: [] [ ClassName: android.widget.TextView; Text: []; ContentDescription: null; ItemCount: -1; CurrentItemIndex: -1; Enabled: true; Password: false; Checked: false; FullScreen: false; Scrollable: false; BeforeText: null; FromIndex: -1; ToIndex: -1; ScrollX: 0; ScrollY: 0; MaxScrollX: 0; MaxScrollY: 0; ScrollDeltaX: -1; ScrollDeltaY: -1; AddedCount: -1; RemovedCount: -1; ParcelableData: null ]; recordCount: 1 }
06-21 16:20:50.971 21556 21556 E ANR_LOG : Current msg <7> = { when=0 what=3 target=com.android.internal.os.HandlerCaller$MyHandler arg1=1 obj=EventType: TYPE_WINDOW_CONTENT_CHANGED; EventTime: 39983132; PackageName: com.android.systemui; MovementGranularity: 0; Action: 0; ContentChangeTypes: [CONTENT_CHANGE_TYPE_TEXT, CONTENT_CHANGE_TYPE_CONTENT_DESCRIPTION]; WindowChangeTypes: [] [ ClassName: android.widget.FrameLayout; Text: []; ContentDescription: Network Speed Status Bar Item 844 B/s; ItemCount: -1; CurrentItemIndex: -1; Enabled: true; Password: false; Checked: false; FullScreen: false; Scrollable: false; BeforeText: null; FromIndex: -1; ToIndex: -1; ScrollX: 0; ScrollY: 0; MaxScrollX: 0; MaxScrollY: 0; ScrollDeltaX: -1; ScrollDeltaY: -1; AddedCount: -1; RemovedCount: -1; ParcelableData: null ]; recordCount: 1 }
06-21 16:20:50.971 21556 21556 E ANR_LOG : >>>CURRENT MSG DUMP OVER<<<
06-21 16:20:50.971  1576  2456 I ColorHansManager : unfreeze uid: 10252 package: com.github.bmx666.appcachecleaner reason: F-timeout scene: FastFreezerScene
06-21 16:20:50.972  1576  2456 I ColorHansManager : unfreeze uid: 10243 package: dev.imranr.obtainium.fdroid reason: F-timeout scene: FastFreezerScene
06-21 16:20:50.972  1576  2456 I ColorHansManager : exit fastfreezer, reason:F-timeout
06-21 16:20:50.973  1576  2457 I ColorHansManager : stateRToFFreeze--imporant case: pkgName: dev.imranr.obtainium.fdroid, reason: lastResumeProtect
06-21 16:20:50.973  1576  2457 I ColorHansManager : stateRToFFreeze--imporant case: pkgName: com.warden.app, reason: lastResumeProtect
06-21 16:20:50.973  1576  2457 I ColorHansManager : stateRToFFreeze--imporant case: pkgName: com.github.bmx666.appcachecleaner, reason: lastResumeProtect
