06-21 16:20:35.204  1576  3325 W WindowManager: Changing focus fromWindow{dde0cfa u0 com.android.settings/com.android.settings.Settings$AccessibilitySettingsActivity} to null displayId=0 Callers=com.android.server.wm.RootWindowContainer.updateFocusedWindowLocked:497 com.android.server.wm.WindowManagerService.updateFocusedWindowLocked:6036 com.android.server.wm.DisplayContent.setFocusedApp:5856 com.android.server.wm.ActivityTaskManagerService.setResumedActivityUncheckLocked:5843 
06-21 16:20:35.228  5895 10049 E ActivityThread: Failed to find provider info for com.qti.smq.Feedback.provider
06-21 16:20:35.313  1576  2055 I WindowManager: Relayout Window{1739ae6 u0 com.android.settings/com.android.settings.SubSettings}: oldVis=4 newVis=0 focusMayChange = true
06-21 16:20:35.319  1576  2055 W WindowManager: Changing focus fromnull to Window{1739ae6 u0 com.android.settings/com.android.settings.SubSettings} displayId=0 Callers=com.android.server.wm.RootWindowContainer.updateFocusedWindowLocked:497 com.android.server.wm.WindowManagerService.updateFocusedWindowLocked:6036 com.android.server.wm.WindowManagerService.relayoutWindow:2682 com.android.server.wm.Session.relayout:229 
06-21 16:20:35.486  1576  1606 I OplusMirageDisplayManagerService: onAnimationFinished:
06-21 16:20:35.486  1576  1606 I ColorAppSwitchManagerService:  handleAppVisible , r = ActivityRecord{e2d604f u0 com.android.settings/.SubSettings t2009}
06-21 16:20:35.486  1576  1606 I OplusMirageDisplayManagerService: onAnimationFinished:
06-21 16:20:35.948  1576  3860 W WindowManager: Changing focus fromWindow{1739ae6 u0 com.android.settings/com.android.settings.SubSettings} to Window{5c58ea0 u0 com.android.settings/com.android.settings.SubSettings} displayId=0 Callers=com.android.server.wm.RootWindowContainer.updateFocusedWindowLocked:497 com.android.server.wm.WindowManagerService.updateFocusedWindowLocked:6036 com.android.server.wm.WindowManagerService.addWindow:1925 com.android.server.wm.Session.addToDisplayAsUser:184 
06-21 16:20:36.557  1576  3860 W WindowManager: Changing focus fromWindow{5c58ea0 u0 com.android.settings/com.android.settings.SubSettings EXITING} to Window{1739ae6 u0 com.android.settings/com.android.settings.SubSettings} displayId=0 Callers=com.android.server.wm.RootWindowContainer.updateFocusedWindowLocked:497 com.android.server.wm.WindowManagerService.updateFocusedWindowLocked:6036 com.android.server.wm.WindowState.setupWindowForRemoveOnExit:2536 com.android.server.wm.WindowState.removeIfPossible:2501 
06-21 16:20:37.163  1576  1833 W ORMS_CORE: Unknown request!!!
06-21 16:20:37.763  1576  2055 I WindowManager: Relayout Window{df29cf u0 ColorSideGestureRight}: oldVis=8 newVis=0 focusMayChange = true
06-21 16:20:37.900  1576  2056 E OplusCustomizeRestrictionManagerService: isBackButtonDisabled start
06-21 16:20:37.900  1576  2056 W ColorGameSpaceManager: mInterceptGamepadKey is false
06-21 16:20:37.901  1576  2055 W ActivityManager: Unable to start service Intent { cmp=com.nearme.statistics.rom/.service.ReceiverService (has extras) } U=0: not found
06-21 16:20:37.904  1576  2056 W ColorGameSpaceManager: mInterceptGamepadKey is false
06-21 16:20:37.908  1576  2056 W ActivityManager: Unable to start service Intent { cmp=com.nearme.statistics.rom/.service.ReceiverService (has extras) } U=0: not found
06-21 16:20:37.926  1576  2055 I OppoBaseActivityStack: notifyAppSwitch the same packageName!
06-21 16:20:37.928  1576  2055 W WindowManager: Changing focus fromWindow{1739ae6 u0 com.android.settings/com.android.settings.SubSettings} to null displayId=0 Callers=com.android.server.wm.RootWindowContainer.updateFocusedWindowLocked:497 com.android.server.wm.WindowManagerService.updateFocusedWindowLocked:6036 com.android.server.wm.DisplayContent.setFocusedApp:5856 com.android.server.wm.ActivityTaskManagerService.setResumedActivityUncheckLocked:5843 
06-21 16:20:37.968  1576  3319 I WindowManager: Relayout Window{dde0cfa u0 com.android.settings/com.android.settings.Settings$AccessibilitySettingsActivity}: oldVis=8 newVis=0 focusMayChange = true
06-21 16:20:37.971  1576  3319 W WindowManager: Changing focus fromnull to Window{dde0cfa u0 com.android.settings/com.android.settings.Settings$AccessibilitySettingsActivity} displayId=0 Callers=com.android.server.wm.RootWindowContainer.updateFocusedWindowLocked:497 com.android.server.wm.WindowManagerService.updateFocusedWindowLocked:6036 com.android.server.wm.WindowManagerService.relayoutWindow:2682 com.android.server.wm.Session.relayout:229 
06-21 16:20:38.009  1576  1605 I ActivityManager: Killing 9139:com.google.process.gservices/u0a132 (adj 985): empty #17
06-21 16:20:38.082  1576  1606 I ColorAppSwitchManagerService:  handleAppVisible , r = ActivityRecord{82ca119 u0 com.android.settings/.Settings$AccessibilitySettingsActivity t2009}
06-21 16:20:38.082  1576  1606 I OplusMirageDisplayManagerService: onAnimationFinished:
06-21 16:20:38.083  1576  1606 I OplusMirageDisplayManagerService: onAnimationFinished:
06-21 16:20:38.704  1576  1833 W ORMS_CORE: Unknown request!!!
06-21 16:20:38.709  1576  3133 E TaskPersister: File error accessing recents directory (directory doesn't exist?).
06-21 16:20:38.711  1576  3798 I ActivityTaskManager: START u0 {act=android.intent.action.MAIN cmp=com.android.settings/.SubSettings (has extras) mCallingUid=1000} from uid 1000 and from pid 5895
06-21 16:20:38.712  1576  3798 I ColorZoomWindowRUSConfigManager: target pkg is unsupport zoom window mode
06-21 16:20:38.712  1576  3798 I ColorZoomWindowDebugConfig: disableDebugLifeCycle before: DEBUG_LIFE_CYCLE = false
06-21 16:20:38.712  1576  3798 I ColorZoomWindowDebugConfig: disableDebugLifeCycle after: DEBUG_LIFE_CYCLE = false
06-21 16:20:38.713  1576  3798 W ColorAccessControlManagerService: notifyZoomWindowExit: stack=Task{7b2d7a7 #2009 visible=true type=standard mode=fullscreen translucent=false A=10420:com.mhm.speaktowrite U=0 StackId=2009 sz=2}  windowMode=1  topActivity=ActivityRecord{82ca119 u0 com.android.settings/.Settings$AccessibilitySettingsActivity t2009}  toFullScreen = true
06-21 16:20:38.717  1576  3798 I ColorZoomWindowRUSConfigManager: target pkg is unsupport zoom window mode
06-21 16:20:38.717  1576  3798 I ColorZoomWindowDebugConfig: disableDebugLifeCycle before: DEBUG_LIFE_CYCLE = false
06-21 16:20:38.717  1576  3798 I ColorZoomWindowDebugConfig: disableDebugLifeCycle after: DEBUG_LIFE_CYCLE = false
06-21 16:20:38.718  1576  3798 W ColorAccessControlManagerService: notifyZoomWindowExit: stack=Task{7b2d7a7 #2009 visible=true type=standard mode=fullscreen translucent=false A=10420:com.mhm.speaktowrite U=0 StackId=2009 sz=3}  windowMode=1  topActivity=ActivityRecord{75cdb8f u0 com.android.settings/.SubSettings t2009}  toFullScreen = true
06-21 16:20:38.729  1576  3860 I OppoBaseActivityStack: notifyAppSwitch the same packageName!
06-21 16:20:38.729  1576  3860 W ActivityTaskManager: Tried to set launchTime (0) < mLastActivityLaunchTime (39968356)
06-21 16:20:38.733  1576  3860 W WindowManager: Changing focus fromWindow{dde0cfa u0 com.android.settings/com.android.settings.Settings$AccessibilitySettingsActivity} to null displayId=0 Callers=com.android.server.wm.RootWindowContainer.updateFocusedWindowLocked:497 com.android.server.wm.WindowManagerService.updateFocusedWindowLocked:6036 com.android.server.wm.DisplayContent.setFocusedApp:5856 com.android.server.wm.ActivityTaskManagerService.setResumedActivityUncheckLocked:5843 
06-21 16:20:38.753  5895 10049 E ActivityThread: Failed to find provider info for com.qti.smq.Feedback.provider
06-21 16:20:38.806  1576  3798 I WindowManager: Relayout Window{12d518b u0 com.android.settings/com.android.settings.SubSettings}: oldVis=4 newVis=0 focusMayChange = true
06-21 16:20:38.812  1576  3798 W WindowManager: Changing focus fromnull to Window{12d518b u0 com.android.settings/com.android.settings.SubSettings} displayId=0 Callers=com.android.server.wm.RootWindowContainer.updateFocusedWindowLocked:497 com.android.server.wm.WindowManagerService.updateFocusedWindowLocked:6036 com.android.server.wm.WindowManagerService.relayoutWindow:2682 com.android.server.wm.Session.relayout:229 
06-21 16:20:38.923  1576  1576 W ContextImpl: Calling a method in the system process without a qualified user: android.app.ContextImpl.sendBroadcast:1158 com.android.server.OppoBaseBatteryService$2.run:280 android.os.Handler.handleCallback:938 android.os.Handler.dispatchMessage:99 android.os.Looper.loop:255 
06-21 16:20:38.945  1576  3798 E OplusCustomizeRestrictionManagerService: isHomeButtonDisabled start
06-21 16:20:38.945  1576  3798 W ColorGameSpaceManager: mInterceptGamepadKey is false
06-21 16:20:38.946  1576  3798 W ColorGameSpaceManager: mInterceptGamepadKey is false
06-21 16:20:38.978  1576  1734 I ActivityTaskManager: START u0 {act=android.intent.action.MAIN cat=[android.intent.category.HOME] flg=0x10000100 cmp=app.lawnchair/.LawnchairLauncher (has extras)} from uid 0 and from pid 0
06-21 16:20:38.989  1576  1734 W WindowManager: Changing focus fromWindow{12d518b u0 com.android.settings/com.android.settings.SubSettings} to null displayId=0 Callers=com.android.server.wm.RootWindowContainer.updateFocusedWindowLocked:497 com.android.server.wm.WindowManagerService.updateFocusedWindowLocked:6036 com.android.server.wm.DisplayContent.setFocusedApp:5856 com.android.server.wm.ActivityTaskManagerService.setResumedActivityUncheckLocked:5843 
06-21 16:20:39.012  1576  1606 I OplusMirageDisplayManagerService: onAnimationFinished:
06-21 16:20:39.012  1576  1606 I OplusMirageDisplayManagerService: onAnimationFinished:
06-21 16:20:39.055  1576  1621 I ActivityManager: Start proc 10074:com.google.android.googlequicksearchbox:googleapp/u0a135 for service {com.google.android.googlequicksearchbox/com.google.android.apps.gsa.nowoverlayservice.DrawerOverlayService}
06-21 16:20:39.084  1576  1928 E OplusCustomizeRestrictionManagerService: isHomeButtonDisabled start
06-21 16:20:39.084  1576  1928 W ColorGameSpaceManager: mInterceptGamepadKey is false
06-21 16:20:39.086  1576  2056 W ColorGameSpaceManager: mInterceptGamepadKey is false
06-21 16:20:39.116  1576  1734 I ActivityTaskManager: START u0 {act=android.intent.action.MAIN cat=[android.intent.category.HOME] flg=0x10000100 cmp=app.lawnchair/.LawnchairLauncher (has extras)} from uid 0 and from pid 0
06-21 16:20:39.135  1576  3798 I WindowManager: Relayout Window{194d8b2 u0 app.lawnchair/app.lawnchair.LawnchairLauncher}: oldVis=4 newVis=0 focusMayChange = true
06-21 16:20:39.140  1576  3798 W WindowManager: Changing focus fromnull to Window{194d8b2 u0 app.lawnchair/app.lawnchair.LawnchairLauncher} displayId=0 Callers=com.android.server.wm.RootWindowContainer.updateFocusedWindowLocked:497 com.android.server.wm.WindowManagerService.updateFocusedWindowLocked:6036 com.android.server.wm.WindowManagerService.relayoutWindow:2682 com.android.server.wm.Session.relayout:229 
06-21 16:20:39.308  1576  1606 I ColorAppSwitchManagerService:  handleAppVisible , r = ActivityRecord{73612f2 u0 app.lawnchair/.LawnchairLauncher t1899}
06-21 16:20:39.309  1576  1606 I OplusMirageDisplayManagerService: onAnimationFinished:
06-21 16:20:39.309  1576  1606 I OplusMirageDisplayManagerService: onAnimationFinished:
06-21 16:20:39.409  1576  1928 I WindowManager: Relayout Window{df29cf u0 ColorSideGestureRight}: oldVis=8 newVis=0 focusMayChange = true
06-21 16:20:39.535  1576  1576 W NotificationHistory: Attempted to add notif for locked/gone/disabled user 0
06-21 16:20:39.554  1576  2524 W ActivityManager: Unable to start service Intent { cmp=com.nearme.statistics.rom/.service.ReceiverService (has extras) } U=0: not found
06-21 16:20:39.778  1576  2524 E OplusCustomizeRestrictionManagerService: isBackButtonDisabled start
06-21 16:20:39.778  1576  2524 W ColorGameSpaceManager: mInterceptGamepadKey is false
06-21 16:20:39.779  1576  3798 W ActivityManager: Unable to start service Intent { cmp=com.nearme.statistics.rom/.service.ReceiverService (has extras) } U=0: not found
06-21 16:20:39.780  1576  3798 W ColorGameSpaceManager: mInterceptGamepadKey is false
06-21 16:20:39.826  1576  1621 I ActivityManager: Start proc 10115:com.google.process.gservices/u0a132 for content provider {com.google.android.gsf/com.google.android.gsf.gservices.GservicesProvider}
06-21 16:20:40.889  1576  2055 I ActivityTaskManager: START u0 {act=android.intent.action.MAIN cat=[android.intent.category.DEFAULT] flg=0x10000000 cmp=com.oppo.launcher/com.android.quickstep.RecentsActivity (has extras) mCallingUid=10105} from uid 10105 and from pid 2578
06-21 16:20:40.929  1576  2055 W WindowManager: Changing focus fromWindow{194d8b2 u0 app.lawnchair/app.lawnchair.LawnchairLauncher} to null displayId=0 Callers=com.android.server.wm.RootWindowContainer.updateFocusedWindowLocked:497 com.android.server.wm.WindowManagerService.updateFocusedWindowLocked:6036 com.android.server.wm.DisplayContent.setFocusedApp:5856 com.android.server.wm.ActivityTaskManagerService.setResumedActivityUncheckLocked:5843 
--------- beginning of main
06-21 16:20:40.966  7582  7618 W System.err: 	at android.os.Handler.dispatchMessage(Handler.java:106)
06-21 16:20:40.966  7582  7618 W System.err: 	at android.os.Looper.loop(Looper.java:255)
06-21 16:20:40.966  7582  7618 W System.err: 	at android.os.HandlerThread.run(HandlerThread.java:67)
06-21 16:20:40.971  2761  3220 W OppoGuardElf: ThermalControllHandler: tempLevel=5,userMode=2,gameUserMode=-1,appType=-1,envTempType=0,appStates=[]
06-21 16:20:40.972  7582  7618 I [10]DCS-BackgroundAppData: sendAppBgEvent: has no pkgName=com.oppo.launcher
06-21 16:20:40.973  7582  7618 W System.err: android.content.pm.PackageManager$NameNotFoundException: app.lawnchair
06-21 16:20:40.974  7582  7618 W System.err: 	at android.app.ApplicationPackageManager.getApplicationInfoAsUser(ApplicationPackageManager.java:461)
06-21 16:20:40.974  7582  7618 W System.err: 	at android.app.ApplicationPackageManager.getApplicationInfo(ApplicationPackageManager.java:450)
06-21 16:20:40.974  7582  7618 W System.err: 	at com.nearme.statistics.rom.c.j.i.o(Utils.java:2)
06-21 16:20:40.974  2761  3220 W OppoGuardElf: ThermalControlUtils: mForegroundPkg=com.oppo.launcher
06-21 16:20:40.974  7582  7618 W System.err: 	at com.nearme.statistics.rom.usermodel.a.h(BackgroundAppData.java:2)
06-21 16:20:40.974  7582  7618 W System.err: 	at com.nearme.statistics.rom.usermodel.i.h(UserModelHelper.java:1)
06-21 16:20:40.974  7582  7618 W System.err: 	at com.nearme.statistics.rom.d.d.d(BroadcastMsgHandler.java:8)
06-21 16:20:40.974  2761  3220 W OppoGuardElf: ThermalControllHandler: tempGear=5,configItemName=common_config
06-21 16:20:40.974  7582  7618 W System.err: 	at com.nearme.statistics.rom.d.d.b(BroadcastMsgHandler.java:6)
06-21 16:20:40.974  7582  7618 W System.err: 	at com.nearme.statistics.rom.d.c.handleMessage(BaseMsgHandler.java:8)
06-21 16:20:40.974   506   506 E lowmemorykiller: ignore it, cause of file_cache:293450 over watermark
06-21 16:20:40.974  7582  7618 W System.err: 	at android.os.Handler.dispatchMessage(Handler.java:106)
06-21 16:20:40.974  7582  7618 W System.err: 	at android.os.Looper.loop(Looper.java:255)
06-21 16:20:40.974  7582  7618 W System.err: 	at android.os.HandlerThread.run(HandlerThread.java:67)
06-21 16:20:40.975  2761  4438 W OppoGuardElf: ThermalControllHandler: MSG_THERMAL_CONTROL_CATEGORY_CHANGED
06-21 16:20:40.977  7582  7618 W System.err: android.content.pm.PackageManager$NameNotFoundException: app.lawnchair
06-21 16:20:40.978  7582  7618 W System.err: 	at android.app.ApplicationPackageManager.getPackageInfoAsUser(ApplicationPackageManager.java:238)
06-21 16:20:40.978  7582  7618 W System.err: 	at android.app.ApplicationPackageManager.getPackageInfo(ApplicationPackageManager.java:207)
06-21 16:20:40.978  7582  7618 W System.err: 	at com.nearme.statistics.rom.c.j.i.b(Utils.java:2)
06-21 16:20:40.978  7582  7618 W System.err: 	at com.nearme.statistics.rom.usermodel.a.o(BackgroundAppData.java:3)
06-21 16:20:40.978  7582  7618 W System.err: 	at com.nearme.statistics.rom.usermodel.a.h(BackgroundAppData.java:15)
06-21 16:20:40.979  7582  7618 W System.err: 	at com.nearme.statistics.rom.usermodel.i.h(UserModelHelper.java:1)
06-21 16:20:40.979  7582  7618 W System.err: 	at com.nearme.statistics.rom.d.d.d(BroadcastMsgHandler.java:8)
06-21 16:20:40.979  7582  7618 W System.err: 	at com.nearme.statistics.rom.d.d.b(BroadcastMsgHandler.java:6)
06-21 16:20:40.979  7582  7618 W System.err: 	at com.nearme.statistics.rom.d.c.handleMessage(BaseMsgHandler.java:8)
06-21 16:20:40.979  7582  7618 W System.err: 	at android.os.Handler.dispatchMessage(Handler.java:106)
06-21 16:20:40.979  7582  7618 W System.err: 	at android.os.Looper.loop(Looper.java:255)
06-21 16:20:40.979  7582  7618 W System.err: 	at android.os.HandlerThread.run(HandlerThread.java:67)
06-21 16:20:40.982   768   882 I BufferQueueProducer: [app.lawnchair/app.lawnchair.LawnchairLauncher#0](this:0xb400007c3e15c058,id:2196,api:1,p:3249,c:768) queueBuffer: fps=1.67 dur=1791.85 max=1725.11 min=10.53
06-21 16:20:40.987   506   506 E lowmemorykiller: ignore it, cause of file_cache:293677 over watermark
06-21 16:20:40.998   506   506 E lowmemorykiller: ignore it, cause of file_cache:293871 over watermark
06-21 16:20:41.005  1576  2483 I ColorGameSpaceManager: in handleApplicationSwitchInner ---- gamemode = 0 ----mModeStatus = 0
06-21 16:20:41.010   506   506 E lowmemorykiller: ignore it, cause of file_cache:294267 over watermark
06-21 16:20:41.022   506   506 E lowmemorykiller: ignore it, cause of file_cache:294395 over watermark
06-21 16:20:41.035   506   506 E lowmemorykiller: ignore it, cause of file_cache:294476 over watermark
06-21 16:20:41.035  1576  1734 E InputDispatcher: isAppWait false: 1
06-21 16:20:41.036   757   903 I libPowerHal: [perfLockRel] hdl:13137, idx:0
06-21 16:20:41.036   757   903 I libPowerHal: [PD] scn:0 hdl:13137 hint:25 comm:mtkpower@1.0-se pid:757
06-21 16:20:41.036   757   903 I libPowerHal: [PD] MTKPOWER_HINT_APP_TOUCH update cmd:3408600 param:0
06-21 16:20:41.039  1576  1833 I mtkpower_client: perf_lock_rel, hdl:13140, tid:1833
06-21 16:20:41.040  1576  1833 I mtkpower_client: perf_lock_acq, hdl:13140, dur:0, num:10, tid:1833
06-21 16:20:41.040   757   903 I libPowerHal: [perfLockRel] hdl:13140, idx:1
06-21 16:20:41.040   757   903 I libPowerHal: [PD] scn:1 hdl:13140 lock_user:system_server pid:1576 tid:1833 dur:0
06-21 16:20:41.040   757   903 I libPowerHal: [PD] system_server update cmd:1410000 param:0
06-21 16:20:41.040  1576  1833 I mtkpower_client: ret_hdl:13142
06-21 16:20:41.041   757   903 I libPowerHal: cmdSetting - unknown cmd:1c3c000, scmd:(null) ,param_1:0
06-21 16:20:41.041   757   903 I libPowerHal: [perfLockAcq] idx:0 hdl:13142 hint:-1 pid:1576 duration:0 => ret_hdl:13142
06-21 16:20:41.041   757   903 I libPowerHal: [PE] scn:0 hdl:13142 lock_user:system_server pid:1576 tid:1833 dur:0
06-21 16:20:41.041   757   903 I libPowerHal: [PE] system_server update cmd:1410000, param:1
06-21 16:20:41.042  4466  4485 E IHansComunication: HANS printMessageBody: RCVed message body: type = 0, port = 86870, caller_pid = 1576, caller_uid = 1000, target_pid = 21556, target_uid = 10375, pkg_cmd = -1
06-21 16:20:41.043  4466  4485 E IHansComunication: HANS printMessageBody: RCVed message body: type = 0, port = 86870, caller_pid = 1576, caller_uid = 1000, target_pid = 22623, target_uid = 10418, pkg_cmd = -1
06-21 16:20:41.045   506   506 E lowmemorykiller: ignore it, cause of file_cache:294468 over watermark
06-21 16:20:41.048  1576  3801 I WindowManager: Relayout Window{4cc10b8 u0 com.oppo.launcher/com.android.quickstep.RecentsActivity}: oldVis=8 newVis=0 focusMayChange = true
06-21 16:20:41.051   768   882 I BufferQueueConsumer: [](id:30000000897,api:0,p:-1,c:768) connect(): controlledByApp=false
06-21 16:20:41.051   768   882 I BufferQueue: [unnamed-768-2199](this:0xb400007cbf4c0c58,id:2199,api:0,p:-1,c:-1) BufferQueue core=(768:/system/bin/surfaceflinger)
06-21 16:20:41.052  1576  3801 W WindowManager: Changing focus fromnull to Window{4cc10b8 u0 com.oppo.launcher/com.android.quickstep.RecentsActivity} displayId=0 Callers=com.android.server.wm.RootWindowContainer.updateFocusedWindowLocked:497 com.android.server.wm.WindowManagerService.updateFocusedWindowLocked:6036 com.android.server.wm.WindowManagerService.relayoutWindow:2682 com.android.server.wm.Session.relayout:229 
06-21 16:20:41.058  4466  4485 E IHansComunication: HANS printMessageBody: RCVed message body: type = 0, port = 86870, caller_pid = 1576, caller_uid = 1000, target_pid = 21556, target_uid = 10375, pkg_cmd = -1
06-21 16:20:41.058   506   506 E lowmemorykiller: ignore it, cause of file_cache:294445 over watermark
06-21 16:20:41.058   768   882 I BufferQueueProducer: [com.oppo.launcher/com.android.quickstep.RecentsActivity#0](id:30000000897,api:1,p:2578,c:768) connect(): api=1 producerControlledByApp=false
06-21 16:20:41.059  4466  4485 E IHansComunication: HANS printMessageBody: RCVed message body: type = 0, port = 86870, caller_pid = 1576, caller_uid = 1000, target_pid = 21556, target_uid = 10375, pkg_cmd = -1
06-21 16:20:41.062  4466  4485 I chatty  : uid=1000(system) /system_ext/bin/hans identical 1 line
06-21 16:20:41.064  4466  4485 E IHansComunication: HANS printMessageBody: RCVed message body: type = 0, port = 86870, caller_pid = 1576, caller_uid = 1000, target_pid = 21556, target_uid = 10375, pkg_cmd = -1
06-21 16:20:41.066  4466  4485 E IHansComunication: HANS printMessageBody: RCVed message body: type = 0, port = 86870, caller_pid = 1576, caller_uid = 1000, target_pid = 22623, target_uid = 10418, pkg_cmd = -1
06-21 16:20:41.070   506   506 E lowmemorykiller: ignore it, cause of file_cache:294549 over watermark
06-21 16:20:41.082  1576  2055 I InputDispatcher: Window went away: com.oppo.launcher/com.android.quickstep.RecentsActivity#0
06-21 16:20:41.082   506   506 E lowmemorykiller: ignore it, cause of file_cache:294450 over watermark
06-21 16:20:41.095   506   506 E lowmemorykiller: ignore it, cause of file_cache:294304 over watermark
06-21 16:20:41.105  1576  2055 I InputDispatcher: Focus entered window: Window{4cc10b8 u0 com.oppo.launcher/com.android.quickstep.RecentsActivity} in display 0
06-21 16:20:41.107   506   506 E lowmemorykiller: ignore it, cause of file_cache:294833 over watermark
06-21 16:20:41.111  1576  3801 W ActivityManager: Unable to start service Intent { cmp=com.nearme.statistics.rom/.service.ReceiverService (has extras) } U=0: not found
06-21 16:20:41.116  2578  2578 E SimulationInteractor: tryGetAnimationPainterInstance error:com.coloros.painteranimationpanel.api.AnimPainterInstance
06-21 16:20:41.116   768  1914 E SurfaceFlinger: Permission Denial: can't access SurfaceFlinger pid=0, uid=10105
06-21 16:20:41.117   506   506 E lowmemorykiller: ignore it, cause of file_cache:295157 over watermark
06-21 16:20:41.118   768  1914 I surfaceflinger: oneway function results will be dropped but finished with status PERMISSION_DENIED and parcel size 0
06-21 16:20:41.124  4466  4485 E IHansComunication: HANS printMessageBody: RCVed message body: type = 0, port = 86870, caller_pid = 1576, caller_uid = 1000, target_pid = 21556, target_uid = 10375, pkg_cmd = -1
06-21 16:20:41.126  4466  4485 E IHansComunication: HANS printMessageBody: RCVed message body: type = 0, port = 86870, caller_pid = 1576, caller_uid = 1000, target_pid = 21556, target_uid = 10375, pkg_cmd = -1
06-21 16:20:41.127   757   784 I mtkpower@impl: [setMode] type:5, enabled:0
06-21 16:20:41.128  4466  4485 E IHansComunication: HANS printMessageBody: RCVed message body: type = 0, port = 86870, caller_pid = 1576, caller_uid = 1000, target_pid = 22623, target_uid = 10418, pkg_cmd = -1
06-21 16:20:41.128   757   903 I libPowerHal: [perfLockRel] hdl:13139, idx:2
06-21 16:20:41.128   757   903 I libPowerHal: [PD] scn:2 hdl:13139 hint:11 comm:mtkpower@1.0-se pid:757
06-21 16:20:41.128 31188 31188 I GoogleInputMethodService: GoogleInputMethodService.onFinishInput():2259 
06-21 16:20:41.129   757   903 I libPowerHal: [perfLockRel] hdl:13141, idx:3
06-21 16:20:41.129   757   903 I libPowerHal: [PD] scn:3 hdl:13141 hint:22 comm:mtkpower@1.0-se pid:757
06-21 16:20:41.130   506   506 E lowmemorykiller: ignore it, cause of file_cache:295360 over watermark
06-21 16:20:41.130   757   903 I libPowerHal: [PD] MTKPOWER_HINT_PACK_SWITCH update cmd:1000000, param:-1
06-21 16:20:41.131   757   903 I libPowerHal: [PD] MTKPOWER_HINT_PACK_SWITCH update cmd:1408300 param:0
06-21 16:20:41.131   757   903 I libPowerHal: [PD] MTKPOWER_HINT_PACK_SWITCH update cmd:1000000 param:-1
06-21 16:20:41.131 31188 31188 I Module  : DeviceLockedStatusModuleProvider$Module.updateDeviceLockedStatusInternal():127 repeatCheckTimes = 0, locked = false
06-21 16:20:41.132 31188 31188 I GoogleInputMethodService: GoogleInputMethodService.onStartInput():1446 onStartInput(EditorInfo{EditorInfo{packageName=com.oppo.launcher, inputType=0, inputTypeString=NULL, enableLearning=false, autoCorrection=false, autoComplete=false, imeOptions=0, privateImeOptions=null, actionName=UNSPECIFIED, actionLabel=null, initialSelStart=-1, initialSelEnd=-1, initialCapsMode=0, label=null, fieldId=-1, fieldName=null, extras=null, hintText=null, hintLocales=[]}}, false)
06-21 16:20:41.132 31188 31188 I AndroidIME: LatinIMEBase.updateInputViewCoverNavigation():321 Update input view padding, isNavbarOverInputWindow=false, bottom inset=30
06-21 16:20:41.134 31188 31188 I Module  : DeviceLockedStatusModuleProvider$Module.updateDeviceLockedStatusInternal():127 repeatCheckTimes = 1, locked = false
06-21 16:20:41.142   506   506 E lowmemorykiller: ignore it, cause of file_cache:295748 over watermark
06-21 16:20:41.154   506   506 E lowmemorykiller: ignore it, cause of file_cache:295888 over watermark
06-21 16:20:41.159  4466  4485 E IHansComunication: HANS printMessageBody: RCVed message body: type = 0, port = 86870, caller_pid = 1576, caller_uid = 1000, target_pid = 21556, target_uid = 10375, pkg_cmd = -1
06-21 16:20:41.167   506   506 E lowmemorykiller: ignore it, cause of file_cache:296187 over watermark
06-21 16:20:41.179   506   506 E lowmemorykiller: ignore it, cause of file_cache:296136 over watermark
06-21 16:20:41.189   506   506 E lowmemorykiller: ignore it, cause of file_cache:295992 over watermark
06-21 16:20:41.201  4466  4485 E IHansComunication: HANS printMessageBody: RCVed message body: type = 0, port = 86870, caller_pid = 1576, caller_uid = 1000, target_pid = 21556, target_uid = 10375, pkg_cmd = -1
06-21 16:20:41.202   506   506 E lowmemorykiller: ignore it, cause of file_cache:295698 over watermark
06-21 16:20:41.202  4466  4485 E IHansComunication: HANS printMessageBody: RCVed message body: type = 0, port = 86870, caller_pid = 1576, caller_uid = 1000, target_pid = 21556, target_uid = 10375, pkg_cmd = -1
06-21 16:20:41.214   506   506 E lowmemorykiller: ignore it, cause of file_cache:295501 over watermark
06-21 16:20:41.223  1576  2055 I OplusMirageDisplayManagerService: onAnimationFinished:
06-21 16:20:41.224  1576  2055 I ColorAppSwitchManagerService:  handleAppVisible , r = ActivityRecord{c15ff0f u0 com.oppo.launcher/com.android.quickstep.RecentsActivity t1901}
06-21 16:20:41.224  1576  2055 I OplusMirageDisplayManagerService: onAnimationFinished:
06-21 16:20:41.224  1576  2456 I ColorHansManager : unfreeze uid: 10288 package: com.whatsapp reason: F-direct scene: FastFreezerScene
06-21 16:20:41.225  1576  2456 I ColorHansManager : unfreeze uid: 10297 package: com.github.catfriend1.syncthingandroid reason: F-direct scene: FastFreezerScene
06-21 16:20:41.226  1576  2456 I ColorHansManager : unfreeze uid: 10420 package: com.mhm.speaktowrite reason: F-direct scene: FastFreezerScene
06-21 16:20:41.226  1576  2456 I ColorHansManager : unfreeze uid: 10418 package: com.example.lockedsecure reason: F-direct scene: FastFreezerScene
06-21 16:20:41.226   506   506 E lowmemorykiller: ignore it, cause of file_cache:295256 over watermark
06-21 16:20:41.227  1576  2456 I ColorHansManager : unfreeze uid: 10375 package: com.warden.app reason: F-direct scene: FastFreezerScene
06-21 16:20:41.228  1576  2456 I ColorHansManager : unfreeze uid: 10367 package: moe.shizuku.privileged.api reason: F-direct scene: FastFreezerScene
06-21 16:20:41.228  1576  2456 I ColorHansManager : unfreeze uid: 10328 package: anddea.youtube reason: F-direct scene: FastFreezerScene
06-21 16:20:41.229  1576  2456 I ColorHansManager : unfreeze uid: 10302 package: app.revanced.android.gms reason: F-direct scene: FastFreezerScene
06-21 16:20:41.230  1576  2456 I ColorHansManager : unfreeze uid: 10252 package: com.github.bmx666.appcachecleaner reason: F-direct scene: FastFreezerScene
06-21 16:20:41.230  1576  2456 I ColorHansManager : unfreeze uid: 10243 package: dev.imranr.obtainium.fdroid reason: F-direct scene: FastFreezerScene
06-21 16:20:41.231  1576  2456 I ColorHansManager : exit fastfreezer, reason:F-direct
06-21 16:20:41.232  1576  2457 I ColorHansManager : stateRToFFreeze--imporant case: pkgName: dev.imranr.obtainium.fdroid, reason: lastResumeProtect
06-21 16:20:41.232  1576  2457 I ColorHansManager : stateRToFFreeze--imporant case: pkgName: com.warden.app, reason: lastResumeProtect
06-21 16:20:41.232  1576  2457 I ColorHansManager : stateRToFFreeze--imporant case: pkgName: com.github.bmx666.appcachecleaner, reason: lastResumeProtect
06-21 16:20:41.233  1576  2457 I ColorHansManager : stateRToFFreeze--imporant case: pkgName: com.example.lockedsecure, reason: lastResumeProtect
06-21 16:20:41.233  1576  2457 I ColorHansManager : stateRToFFreeze--imporant case: pkgName: com.mhm.speaktowrite, reason: lastResumeProtect
06-21 16:20:41.233  1576  2457 I ColorHansManager : stateRToFFreeze--imporant case: pkgName: app.revanced.android.gms, reason: lastResumeProtect
06-21 16:20:41.233  1576  2457 I ColorHansManager : stateRToFFreeze--imporant case: pkgName: anddea.youtube, reason: lastResumeProtect
06-21 16:20:41.234  1576  2457 I ColorHansManager : stateRToFFreeze--imporant case: pkgName: moe.shizuku.privileged.api, reason: lastResumeProtect
06-21 16:20:41.238   768   768 E Layer   : [Surface(name=Task=1901)/@0x63b6ac3 - animation-leash#0] No local sync point found
06-21 16:20:41.238   768   768 E Layer   : [Surface(name=Task=1901)/@0x63b6ac3 - animation-leash#0] No local sync point found
06-21 16:20:41.238   768   768 E Layer   : [Surface(name=Task=1899)/@0xbcd004d - animation-leash#0] No local sync point found
06-21 16:20:41.238   768   768 E Layer   : [Surface(name=Task=1899)/@0xbcd004d - animation-leash#0] No local sync point found
06-21 16:20:41.239   506   506 E lowmemorykiller: ignore it, cause of file_cache:295012 over watermark
06-21 16:20:41.245   768   881 I BufferQueueProducer: [app.lawnchair/app.lawnchair.LawnchairLauncher#0](id:30000000894,api:1,p:3249,c:768) disconnect(): api=1
06-21 16:20:41.251   506   506 E lowmemorykiller: ignore it, cause of file_cache:294769 over watermark
06-21 16:20:41.253  3249  3449 I GED     : ged_boost_gpu_freq, level 100, eOrigin 2, final_idx 31, oppidx_max 31, oppidx_min 0
06-21 16:20:41.255   768   768 E Layer   : [Surface(name=Task=1901)/@0x63b6ac3 - animation-leash#0] No local sync point found
06-21 16:20:41.255   768   768 E Layer   : [Surface(name=Task=1899)/@0xbcd004d - animation-leash#0] No local sync point found
06-21 16:20:41.261   506   506 E lowmemorykiller: ignore it, cause of file_cache:294622 over watermark
06-21 16:20:41.269  1576  2055 I ActivityManager: Killing 9435:com.google.process.gapps/u0a132 (adj 975): empty #17
06-21 16:20:41.275   506   506 E lowmemorykiller: ignore it, cause of file_cache:294303 over watermark
06-21 16:20:41.285   506   506 E lowmemorykiller: ignore it, cause of file_cache:294106 over watermark
06-21 16:20:41.289   768   768 I BufferQueueConsumer: [app.lawnchair/app.lawnchair.LawnchairLauncher#0](id:30000000894,api:0,p:-1,c:768) disconnect()
06-21 16:20:41.289   768   768 I BufferQueue: [app.lawnchair/app.lawnchair.LawnchairLauncher#0](this:0xb400007c3e15c058,id:2196,api:1,p:-1,c:-1) onDestructor()
06-21 16:20:41.291  1576  1928 I InputDispatcher: Window went away: app.lawnchair/app.lawnchair.LawnchairLauncher#0
06-21 16:20:41.298   506   506 E lowmemorykiller: ignore it, cause of file_cache:293813 over watermark
06-21 16:20:41.299   706   706 I Zygote  : Process 9435 exited due to signal 9 (Killed)
06-21 16:20:41.299   757   903 I libPowerHal: [perfNotifyAppState] pack:com.google.android.gsf, pid:9435, STATE_DEAD
06-21 16:20:41.301  1576  1622 I libprocessgroup: Successfully killed process cgroup uid 10132 pid 9435 in 31ms
06-21 16:20:41.309   506   506 E lowmemorykiller: ignore it, cause of file_cache:293668 over watermark
06-21 16:20:41.399  2476  2476 E OplusNecManagerHelper: com.oplus.nec.OplusNecManager.notifyOrigSignalStrengthChanged [class android.telephony.SignalStrength, int]
06-21 16:20:41.434  1576  1833 I mtkpower_client: perf_lock_rel, hdl:13142, tid:1833
06-21 16:20:41.435  1576  1833 I mtkpower_client: perf_lock_acq, hdl:13142, dur:0, num:6, tid:1833
06-21 16:20:41.435   757   903 I libPowerHal: [perfLockRel] hdl:13142, idx:0
06-21 16:20:41.435   757   903 I libPowerHal: [PD] scn:0 hdl:13142 lock_user:system_server pid:1576 tid:1833 dur:0
06-21 16:20:41.436   757   903 I libPowerHal: system_server: cpu_ctrl set cpu freq: -1 -1 -1 -1
06-21 16:20:41.436   757   903 I libPowerHal: [PD] system_server update cmd:1410000 param:0
06-21 16:20:41.436  1576  1833 I mtkpower_client: ret_hdl:13143
06-21 16:20:41.436   757   903 I libPowerHal: [perfLockAcq] idx:0 hdl:13143 hint:-1 pid:1576 duration:0 => ret_hdl:13143
06-21 16:20:41.436   757   903 I libPowerHal: [PE] scn:0 hdl:13143 lock_user:system_server pid:1576 tid:1833 dur:0
06-21 16:20:41.436   757   903 I libPowerHal: system_server: cpu_ctrl set cpu freq: 1800000 -1 1532000 -1
06-21 16:20:41.459 19254 19280 I WM-WorkerWrapper: Worker result RETRY for Work [ id=bcc8d86a-d9a3-49f3-9145-6a3288685a70, tags={ moe.shizuku.manager.worker.AdbStartWorker } ]
06-21 16:20:41.643  1576  1833 I mtkpower_client: perf_lock_rel, hdl:13143, tid:1833
06-21 16:20:41.643   757   903 I libPowerHal: [perfLockRel] hdl:13143, idx:0
06-21 16:20:41.643   757   903 I libPowerHal: [PD] scn:0 hdl:13143 lock_user:system_server pid:1576 tid:1833 dur:0
06-21 16:20:41.644   757   903 I libPowerHal: system_server: cpu_ctrl set cpu freq: -1 -1 -1 -1
06-21 16:20:41.662  1576  1576 W NotificationHistory: Attempted to add notif for locked/gone/disabled user 0
06-21 16:20:41.728  1576  3133 E TaskPersister: File error accessing recents directory (directory doesn't exist?).
06-21 16:20:41.741   768  1914 I BufferQueueProducer: [StatusBar#0](this:0xb400007c1f92fa58,id:7,api:1,p:2036,c:768) queueBuffer: fps=0.47 dur=2143.66 max=2143.66 min=2143.66
06-21 16:20:41.745  1576  1585 I system_server: Background young concurrent copying GC freed 438493(20MB) AllocSpace objects, 98(2816KB) LOS objects, 29% free, 55MB/78MB, paused 474us total 155.222ms
06-21 16:20:41.760  1576  1587 W System  : A resource failed to call release. 
06-21 16:20:41.761  1576  1587 I chatty  : uid=1000(system) FinalizerDaemon identical 1 line
06-21 16:20:41.763  1576  1587 W System  : A resource failed to call release. 
06-21 16:20:41.897   736   902 I hwcomposer: [HWCDisplay] [Display_0 (type:1)] fps:23.013708,dur:1042.86,max:438.16,min:3.22  
06-21 16:20:41.995  1576  2457 I ColorHansManager : stateRToFFreeze--imporant case: pkgName: com.mhm.speaktowrite, reason: lastResumeProtect
06-21 16:20:42.130   757   903 I libPowerHal: [perfLockAcq] idx:0 hdl:13144 hint:25 pid:757 duration:10000 => ret_hdl:13144
06-21 16:20:42.130   757   903 I libPowerHal: [PE] scn:0 hdl:13144 hint:25 comm:mtkpower@1.0-se pid:757
06-21 16:20:42.130   757   903 I libPowerHal: [PE] MTKPOWER_HINT_APP_TOUCH update cmd:3408600 param:1
06-21 16:20:42.130  1576  1833 I mtkpower_client: perf_lock_acq, hdl:13143, dur:0, num:6, tid:1833
06-21 16:20:42.132  1576  1833 I mtkpower_client: ret_hdl:13145
06-21 16:20:42.132   757   903 I libPowerHal: [perfLockAcq] idx:1 hdl:13145 hint:-1 pid:1576 duration:0 => ret_hdl:13145
06-21 16:20:42.132   757   903 I libPowerHal: [PE] scn:1 hdl:13145 lock_user:system_server pid:1576 tid:1833 dur:0
06-21 16:20:42.133   757   903 I libPowerHal: system_server: cpu_ctrl set cpu freq: 1800000 -1 1532000 -1
06-21 16:20:42.228   757   903 I libPowerHal: [perfLockRel] hdl:13144, idx:0
06-21 16:20:42.228   757   903 I libPowerHal: [PD] scn:0 hdl:13144 hint:25 comm:mtkpower@1.0-se pid:757
06-21 16:20:42.228   757   903 I libPowerHal: [PD] MTKPOWER_HINT_APP_TOUCH update cmd:3408600 param:0
06-21 16:20:42.233   757   784 I mtkpower@impl: [setMode] type:5, enabled:1
06-21 16:20:42.234   757   903 I libPowerHal: [perfLockAcq] idx:0 hdl:13146 hint:11 pid:757 duration:30000 => ret_hdl:13146
06-21 16:20:42.234  1576  1833 I mtkpower_client: perf_lock_rel, hdl:13145, tid:1833
06-21 16:20:42.234   757   903 I libPowerHal: [PE] scn:0 hdl:13146 hint:11 comm:mtkpower@1.0-se pid:757
06-21 16:20:42.234  1576  1833 I mtkpower_client: perf_lock_acq, hdl:13145, dur:0, num:10, tid:1833
06-21 16:20:42.234  1576  2524 I InputDispatcher: setFocusedApplication displayId=0 ActivityRecord{75cdb8f u0 com.android.settings/.SubSettings t2009}
06-21 16:20:42.234   757   903 I libPowerHal: LAUNCH: cpu_ctrl set cpu freq: 1800000 -1 2000000 -1
06-21 16:20:42.234   757   903 I libPowerHal: [PE] LAUNCH update cmd:1000000, param:0
06-21 16:20:42.234   757   903 I libPowerHal: [PE] LAUNCH update cmd:1408300, param:100
06-21 16:20:42.234   757   903 I libPowerHal: [PE] LAUNCH update cmd:1000000 param:0
06-21 16:20:42.234  1576  2524 W WindowManager: Changing focus fromWindow{4cc10b8 u0 com.oppo.launcher/com.android.quickstep.RecentsActivity} to null displayId=0 Callers=com.android.server.wm.RootWindowContainer.updateFocusedWindowLocked:497 com.android.server.wm.WindowManagerService.updateFocusedWindowLocked:6036 com.android.server.wm.DisplayContent.setFocusedApp:5856 com.android.server.wm.ActivityTaskManagerService.setResumedActivityUncheckLocked:5843 
06-21 16:20:42.235   757   903 I libPowerHal: [perfLockRel] hdl:13145, idx:1
06-21 16:20:42.235   757   903 I libPowerHal: [PD] scn:1 hdl:13145 lock_user:system_server pid:1576 tid:1833 dur:0
06-21 16:20:42.236  1576  1833 I mtkpower_client: ret_hdl:13147
06-21 16:20:42.236   757   903 I libPowerHal: cmdSetting - unknown cmd:1c3c000, scmd:(null) ,param_1:0
06-21 16:20:42.236   757   903 I libPowerHal: [perfLockAcq] idx:1 hdl:13147 hint:-1 pid:1576 duration:0 => ret_hdl:13147
06-21 16:20:42.236   757   903 I libPowerHal: [PE] scn:1 hdl:13147 lock_user:system_server pid:1576 tid:1833 dur:0
06-21 16:20:42.236   757   903 I libPowerHal: [PE] system_server update cmd:1410000, param:1
06-21 16:20:42.236   768  1390 I BufferQueueProducer: [com.oppo.launcher/com.android.quickstep.RecentsActivity#0](this:0xb400007cbf4c0c58,id:2199,api:1,p:2578,c:768) queueBuffer: fps=9.56 dur=1150.81 max=955.63 min=6.32
06-21 16:20:42.236  1576  1833 I mtkpower_client: perf_lock_rel, hdl:13147, tid:1833
06-21 16:20:42.237  1576  1833 I mtkpower_client: perf_lock_acq, hdl:13147, dur:0, num:10, tid:1833
06-21 16:20:42.237   757   903 I libPowerHal: [perfLockRel] hdl:13147, idx:1
06-21 16:20:42.237   757   903 I libPowerHal: [PD] scn:1 hdl:13147 lock_user:system_server pid:1576 tid:1833 dur:0
06-21 16:20:42.237   757   903 I libPowerHal: [PD] system_server update cmd:1410000 param:0
06-21 16:20:42.238  1576  1833 I mtkpower_client: ret_hdl:13148
06-21 16:20:42.238   757   903 I libPowerHal: cmdSetting - unknown cmd:1c3c000, scmd:(null) ,param_1:0
06-21 16:20:42.238   757   903 I libPowerHal: [perfLockAcq] idx:1 hdl:13148 hint:-1 pid:1576 duration:0 => ret_hdl:13148
06-21 16:20:42.238   757   903 I libPowerHal: [PE] scn:1 hdl:13148 lock_user:system_server pid:1576 tid:1833 dur:0
06-21 16:20:42.238   757   903 I libPowerHal: [PE] system_server update cmd:1410000, param:1
06-21 16:20:42.238  1576  1833 I mtkpower_client: perf_lock_rel, hdl:13148, tid:1833
06-21 16:20:42.239  1576  1833 I mtkpower_client: perf_lock_acq, hdl:13148, dur:0, num:10, tid:1833
06-21 16:20:42.239   757   903 I libPowerHal: [perfLockRel] hdl:13148, idx:1
06-21 16:20:42.239   757   903 I libPowerHal: [PD] scn:1 hdl:13148 lock_user:system_server pid:1576 tid:1833 dur:0
06-21 16:20:42.239   757   903 I libPowerHal: [PD] system_server update cmd:1410000 param:0
06-21 16:20:42.239  1576  1833 I mtkpower_client: ret_hdl:13149
06-21 16:20:42.239   757   903 I libPowerHal: cmdSetting - unknown cmd:1c3c000, scmd:(null) ,param_1:0
06-21 16:20:42.239   757   903 I libPowerHal: [perfLockAcq] idx:1 hdl:13149 hint:-1 pid:1576 duration:0 => ret_hdl:13149
06-21 16:20:42.239   757   903 I libPowerHal: [PE] scn:1 hdl:13149 lock_user:system_server pid:1576 tid:1833 dur:0
06-21 16:20:42.239   757   903 I libPowerHal: [PE] system_server update cmd:1410000, param:1
06-21 16:20:42.243  1576  1928 W ActivityManager: Unable to start service Intent { cmp=com.nearme.statistics.rom/.service.ReceiverService (has extras) } U=0: not found
06-21 16:20:42.244  1576  1606 I WindowManager: Relayout Window{62258ce u0 SnapshotStartingWindow for taskId=2009}: oldVis=8 newVis=0 focusMayChange = true
06-21 16:20:42.246   768  1390 I BufferQueueConsumer: [](id:30000000898,api:0,p:-1,c:768) connect(): controlledByApp=false
06-21 16:20:42.247   768  1390 I BufferQueue: [unnamed-768-2200](this:0xb400007c1f933258,id:2200,api:0,p:-1,c:-1) BufferQueue core=(768:/system/bin/surfaceflinger)
06-21 16:20:42.247  1576  1928 I InputDispatcher: Focus left window: Window{4cc10b8 u0 com.oppo.launcher/com.android.quickstep.RecentsActivity} in display 0
06-21 16:20:42.249   768  1390 I BufferQueueProducer: [SnapshotStartingWindow for taskId=2009#0](id:30000000898,api:2,p:1576,c:768) connect(): api=2 producerControlledByApp=false
06-21 16:20:42.250  1576  2524 I ColorHansManager : ColorHansManager : resume pkg: com.android.settings, uid:1000, prev pkg: com.oppo.launcher, prev uid: 10105
06-21 16:20:42.250  1576  1833 I mtkpower_client: perf_lock_rel, hdl:13149, tid:1833
06-21 16:20:42.250  1576  1833 I mtkpower_client: perf_lock_acq, hdl:13149, dur:0, num:10, tid:1833
06-21 16:20:42.250   757   903 I libPowerHal: [perfLockRel] hdl:13149, idx:1
06-21 16:20:42.250   757   903 I libPowerHal: [PD] scn:1 hdl:13149 lock_user:system_server pid:1576 tid:1833 dur:0
06-21 16:20:42.250   757   903 I libPowerHal: [PD] system_server update cmd:1410000 param:0
06-21 16:20:42.251   768  1914 I BufferQueueProducer: [SnapshotStartingWindow for taskId=2009#0](id:30000000898,api:2,p:1576,c:768) disconnect(): api=2
06-21 16:20:42.251  1576  1833 I mtkpower_client: ret_hdl:13150
06-21 16:20:42.251   757   903 I libPowerHal: [perfNotifyAppState] foreground:com.android.settings, pid:5895, uid:1000
06-21 16:20:42.252   757   903 E UxUtility: notifyAppState error = NULL
06-21 16:20:42.252   757   903 I TouchUtility: notifyAppState error = NULL
06-21 16:20:42.252   757   903 I libPowerHal: [perfNotifyAppState] actName:com.android.settings.SubSettings !!!
06-21 16:20:42.252   757   903 I libPowerHal: [PE] scn:279 pack:com.android.settings
06-21 16:20:42.252   757   903 I libPowerHal: [PE] com.android.settings update cmd:2020000, param:15
06-21 16:20:42.252   757   782 I mtkpower@impl: [notifyAppState] pc:0, com.oppo.launcher => com.android.settings
06-21 16:20:42.252  2761  3220 W OppoGuardElf: ThermalControlUtils: mForegroundPkg=com.android.settings
06-21 16:20:42.252  7582  7618 I [10]DCS-StrategyManager: isNeedUpload: cache, appID: 20200, logTag: launch, eventID: launch
06-21 16:20:42.253   757   903 I libPowerHal: cmdSetting - unknown cmd:1c3c000, scmd:(null) ,param_1:0
06-21 16:20:42.254   757   903 I libPowerHal: [perfLockAcq] idx:1 hdl:13150 hint:-1 pid:1576 duration:0 => ret_hdl:13150
06-21 16:20:42.254   757   903 I libPowerHal: [PE] scn:1 hdl:13150 lock_user:system_server pid:1576 tid:1833 dur:0
06-21 16:20:42.254   757   903 I libPowerHal: [PE] system_server update cmd:1410000, param:1
06-21 16:20:42.266  7582  7618 I [10]DCS-BackgroundAppData: sendAppBgEvent: has no pkgName=com.android.settings
06-21 16:20:42.280  1576  2554 I InputDispatcher: Window went away: Window{4cc10b8 u0 com.oppo.launcher/com.android.quickstep.RecentsActivity}
06-21 16:20:42.285  1576  1833 I mtkpower_client: perf_lock_rel, hdl:13150, tid:1833
06-21 16:20:42.285  1576  1833 I mtkpower_client: perf_lock_acq, hdl:13150, dur:0, num:10, tid:1833
06-21 16:20:42.285  2761  3220 W OppoGuardElf: ThermalControllHandler: tempLevel=5,userMode=2,gameUserMode=-1,appType=-1,envTempType=0,appStates=[]
06-21 16:20:42.285   757   782 I mtkpower@impl: [check_work_req] i:0, msg:1 hdl:13150, wait
06-21 16:20:42.287   757   903 I libPowerHal: [perfLockRel] hdl:13150, idx:1
06-21 16:20:42.287   757   903 I libPowerHal: [PD] scn:1 hdl:13150 lock_user:system_server pid:1576 tid:1833 dur:0
06-21 16:20:42.287   757   903 I libPowerHal: [PD] system_server update cmd:1410000 param:0
06-21 16:20:42.288  1576  1833 I mtkpower_client: ret_hdl:13151
06-21 16:20:42.288   757   903 I libPowerHal: cmdSetting - unknown cmd:1c3c000, scmd:(null) ,param_1:0
06-21 16:20:42.288   757   903 I libPowerHal: [perfLockAcq] idx:1 hdl:13151 hint:-1 pid:1576 duration:0 => ret_hdl:13151
06-21 16:20:42.288   757   903 I libPowerHal: [PE] scn:1 hdl:13151 lock_user:system_server pid:1576 tid:1833 dur:0
06-21 16:20:42.288   757   903 I libPowerHal: [PE] system_server update cmd:1410000, param:1
06-21 16:20:42.289  2761  3220 W OppoGuardElf: ThermalControlUtils: mForegroundPkg=com.android.settings
06-21 16:20:42.289  2761  3220 W OppoGuardElf: ThermalControllHandler: tempGear=5,configItemName=common_config
06-21 16:20:42.290  2761  4438 W OppoGuardElf: ThermalControllHandler: MSG_THERMAL_CONTROL_CATEGORY_CHANGED
06-21 16:20:42.302   768   768 I BufferQueueProducer: [FramebufferSurface](this:0xb400007c2942eed0,id:-1,api:1,p:768,c:768) queueBuffer: fps=0.80 dur=6262.81 max=6195.11 min=16.08
06-21 16:20:42.306  1576  3319 W ContentService: Observer is already registered. Pid is 5895
06-21 16:20:42.306  1576  3319 W ContentService: Observer is already registered. Pid is 5895
06-21 16:20:42.309  1576  3319 I WindowManager: Relayout Window{12d518b u0 com.android.settings/com.android.settings.SubSettings}: oldVis=4 newVis=0 focusMayChange = true
06-21 16:20:42.312   768   882 I BufferQueueConsumer: [](id:30000000899,api:0,p:-1,c:768) connect(): controlledByApp=false
06-21 16:20:42.312   768   882 I BufferQueue: [unnamed-768-2201](this:0xb400007cbf4c4458,id:2201,api:0,p:-1,c:-1) BufferQueue core=(768:/system/bin/surfaceflinger)
06-21 16:20:42.314  1576  3319 W WindowManager: Changing focus fromnull to Window{12d518b u0 com.android.settings/com.android.settings.SubSettings} displayId=0 Callers=com.android.server.wm.RootWindowContainer.updateFocusedWindowLocked:497 com.android.server.wm.WindowManagerService.updateFocusedWindowLocked:6036 com.android.server.wm.WindowManagerService.relayoutWindow:2682 com.android.server.wm.Session.relayout:229 
06-21 16:20:42.322   768   882 I BufferQueueProducer: [com.android.settings/com.android.settings.SubSettings#0](id:30000000899,api:1,p:5895,c:768) connect(): api=1 producerControlledByApp=false
06-21 16:20:42.344   757   784 I mtkpower@impl: [setMode] type:5, enabled:0
06-21 16:20:42.344   757   903 I libPowerHal: [perfLockRel] hdl:13146, idx:0
06-21 16:20:42.344   757   903 I libPowerHal: [PD] scn:0 hdl:13146 hint:11 comm:mtkpower@1.0-se pid:757
06-21 16:20:42.344   757   903 I libPowerHal: [PD] LAUNCH update cmd:1000000, param:-1
06-21 16:20:42.344   757   903 I libPowerHal: [PD] LAUNCH update cmd:1408300 param:0
06-21 16:20:42.345   757   903 I libPowerHal: [PD] LAUNCH update cmd:1000000 param:-1
06-21 16:20:42.347  1576  3860 I InputDispatcher: Focus entered window: Window{12d518b u0 com.android.settings/com.android.settings.SubSettings} in display 0
06-21 16:20:42.348  1576  3860 I InputDispatcher: Window went away: com.android.settings/com.android.settings.SubSettings#0
06-21 16:20:42.363 31188 31188 I GoogleInputMethodService: GoogleInputMethodService.onFinishInput():2259 
06-21 16:20:42.366 31188 31188 I Module  : DeviceLockedStatusModuleProvider$Module.updateDeviceLockedStatusInternal():127 repeatCheckTimes = 0, locked = false
06-21 16:20:42.367 31188 31188 I GoogleInputMethodService: GoogleInputMethodService.onStartInput():1446 onStartInput(EditorInfo{EditorInfo{packageName=com.android.settings, inputType=0, inputTypeString=NULL, enableLearning=false, autoCorrection=false, autoComplete=false, imeOptions=0, privateImeOptions=null, actionName=UNSPECIFIED, actionLabel=null, initialSelStart=-1, initialSelEnd=-1, initialCapsMode=0, label=null, fieldId=-1, fieldName=null, extras=null, hintText=null, hintLocales=[]}}, false)
06-21 16:20:42.367 31188 31188 I AndroidIME: LatinIMEBase.updateInputViewCoverNavigation():321 Update input view padding, isNavbarOverInputWindow=false, bottom inset=30
06-21 16:20:42.369 31188 31188 I Module  : DeviceLockedStatusModuleProvider$Module.updateDeviceLockedStatusInternal():127 repeatCheckTimes = 1, locked = false
06-21 16:20:42.372  1576  2524 E OplusCustomizeRestrictionManagerService: isHomeButtonDisabled start
06-21 16:20:42.372  1576  2524 W ColorGameSpaceManager: mInterceptGamepadKey is false
06-21 16:20:42.373  1576  2524 W ColorGameSpaceManager: mInterceptGamepadKey is false
06-21 16:20:42.376  1576  3319 W ActivityManager: Unable to start service Intent { cmp=com.nearme.statistics.rom/.service.ReceiverService (has extras) } U=0: not found
06-21 16:20:42.388  1576  3798 E OplusCustomizeRestrictionManagerService: isHomeButtonDisabled start
06-21 16:20:42.389  1576  3798 W ColorGameSpaceManager: mInterceptGamepadKey is false
06-21 16:20:42.390  1576  3798 W ColorGameSpaceManager: mInterceptGamepadKey is false
