06-21 16:20:13.097  1576  1642 D ColorSensitivePermGrantPolicyManager: allow refined permission oppo.permission.OPPO_COMPONENT_SAFE for com.heytap.pictorial
06-21 16:20:13.097  1576  1642 D ColorSensitivePermGrantPolicyManager: allow refined permission oplus.permission.OPLUS_COMPONENT_SAFE for com.heytap.pictorial
06-21 16:20:13.099  1576  1642 D ColorSensitivePermGrantPolicyManager: allow refined permission com.oplus.permission.safe.SECURITY for com.heytap.pictorial
06-21 16:20:13.099  1576  1642 D ColorSensitivePermGrantPolicyManager: allow refined permission com.oppo.permission.safe.SECURITY for com.heytap.pictorial
06-21 16:20:13.099  1576  1642 D ColorSensitivePermGrantPolicyManager: allow refined permission com.oppo.permission.safe.SETTINGS for com.heytap.pictorial
06-21 16:20:13.099  1576  1642 D ColorSensitivePermGrantPolicyManager: allow refined permission com.oplus.permission.safe.SAU for com.heytap.pictorial
06-21 16:20:13.099  1576  1642 D ColorSensitivePermGrantPolicyManager: allow refined permission com.oppo.permission.safe.SAU for com.heytap.pictorial
06-21 16:20:13.100  1576  1642 D ColorSensitivePermGrantPolicyManager: allow refined permission oppo.permission.OPPO_COMPONENT_SAFE for com.coloros.smartsidebar
06-21 16:20:13.101  1576  1642 D ColorSensitivePermGrantPolicyManager: allow refined permission com.oppo.permission.safe.PICTURE for com.coloros.smartsidebar
06-21 16:20:13.101  1576  1642 D ColorSensitivePermGrantPolicyManager: allow refined permission com.oppo.permission.safe.LOG for com.coloros.smartsidebar
06-21 16:20:13.101  1576  1642 D ColorSensitivePermGrantPolicyManager: allow refined permission com.oppo.permission.safe.SAU for com.coloros.smartsidebar
06-21 16:20:13.102  1576  1642 D ColorSensitivePermGrantPolicyManager: allow refined permission com.oppo.permission.safe.APP_MANAGER for com.coloros.smartsidebar
06-21 16:20:13.102  1576  1642 D ColorSensitivePermGrantPolicyManager: allow refined permission com.oppo.permission.safe.SECURITY for com.coloros.smartsidebar
06-21 16:20:13.103  1576  1642 D ColorSensitivePermGrantPolicyManager: allow refined permission oppo.permission.OPPO_COMPONENT_SAFE for com.coloros.karaoke
06-21 16:20:13.104  1576  1642 D ColorSensitivePermGrantPolicyManager: permission-key is not suitable for com.coloros.karaoke: 64AAFAF1D5BC9155A9E417A849E4F8EDA1D0D1341667C28ED7C443C76F820B9A
06-21 16:20:13.107  1576  1642 D ColorSensitivePermGrantPolicyManager: allow refined permission oppo.permission.OPPO_COMPONENT_SAFE for com.heytap.music
06-21 16:20:13.108  1576  1642 D ColorSensitivePermGrantPolicyManager: allow refined permission com.oppo.permission.safe.SAU for com.heytap.music
06-21 16:20:13.109  1576  1642 D ColorSensitivePermGrantPolicyManager: allow refined permission oppo.permission.OPPO_COMPONENT_SAFE for com.coloros.gamespace
06-21 16:20:13.110  1576  1642 D ColorSensitivePermGrantPolicyManager: allow refined permission com.oppo.permission.safe.PERSISTENT for com.coloros.gamespace
06-21 16:20:13.110  1576  1642 D ColorSensitivePermGrantPolicyManager: allow refined permission com.oppo.permission.safe.SECURITY for com.coloros.gamespace
06-21 16:20:13.110  1576  1642 D ColorSensitivePermGrantPolicyManager: allow refined permission com.oppo.permission.safe.GAME for com.coloros.gamespace
06-21 16:20:13.110  1576  1642 D ColorSensitivePermGrantPolicyManager: allow refined permission com.oppo.permission.safe.LOG for com.coloros.gamespace
06-21 16:20:13.110  1576  1642 D ColorSensitivePermGrantPolicyManager: allow refined permission oppo.permission.OPPO_COMPONENT_SAFE for com.oppoex.afterservice
06-21 16:20:13.111  1576  1642 D ColorSensitivePermGrantPolicyManager: allow refined permission oplus.permission.OPLUS_COMPONENT_SAFE for com.oppoex.afterservice
06-21 16:20:13.112  1576  1642 D ColorSensitivePermGrantPolicyManager: allow refined permission oppo.permission.OPPO_COMPONENT_SAFE for com.oppo.operationManual
06-21 16:20:13.112  1576  1642 D ColorSensitivePermGrantPolicyManager: allow refined permission oplus.permission.OPLUS_COMPONENT_SAFE for com.oppo.operationManual
06-21 16:20:13.114  1576  1642 D ColorSensitivePermGrantPolicyManager: no OplusPermissionKey in com.android.htmlviewer
06-21 16:20:13.114  1576  1642 D ColorSensitivePermGrantPolicyManager: allow refined permission oppo.permission.OPPO_COMPONENT_SAFE for com.coloros.healthcheck
06-21 16:20:13.115  1576  1642 D ColorSensitivePermGrantPolicyManager: allow refined permission com.oppo.permission.safe.SAU for com.coloros.healthcheck
06-21 16:20:13.115  1576  1642 D ColorSensitivePermGrantPolicyManager: allow refined permission com.oppo.permission.safe.SECURITY for com.coloros.healthcheck
06-21 16:20:13.115  1576  1642 D ColorSensitivePermGrantPolicyManager: allow refined permission com.oppo.permission.safe.SETTINGS for com.coloros.healthcheck
06-21 16:20:13.115  1576  1642 D ColorSensitivePermGrantPolicyManager: allow refined permission com.oplus.permission.safe.LOG for com.coloros.healthcheck
06-21 16:20:13.115  1576  1642 D ColorSensitivePermGrantPolicyManager: allow refined permission oplus.permission.OPLUS_COMPONENT_SAFE for com.coloros.healthcheck
06-21 16:20:13.116  1576  1642 D ColorSensitivePermGrantPolicyManager: allow refined permission oppo.permission.OPPO_COMPONENT_SAFE for com.coloros.weather.service
06-21 16:20:13.118  1576  1642 D ColorSensitivePermGrantPolicyManager: allow refined permission com.oppo.permission.safe.SECURITY for com.coloros.weather.service
06-21 16:20:13.118  1576  1642 D ColorSensitivePermGrantPolicyManager: allow refined permission oplus.permission.OPLUS_COMPONENT_SAFE for com.coloros.weather.service
06-21 16:20:13.119  1576  1642 D ColorSensitivePermGrantPolicyManager: allow refined permission oppo.permission.OPPO_COMPONENT_SAFE for com.android.providers.downloads
06-21 16:20:13.120  1576  1642 D ColorSensitivePermGrantPolicyManager: no OplusPermissionKey in com.android.providers.downloads
06-21 16:20:13.120  1576  1642 D ColorSensitivePermGrantPolicyManager: allow refined permission oppo.permission.OPPO_COMPONENT_SAFE for com.coloros.providers.downloads.ui
06-21 16:20:13.120  1576  1642 D ColorSensitivePermGrantPolicyManager: no OplusPermissionKey in com.coloros.providers.downloads.ui
06-21 16:20:13.123  1576  1642 D ColorSensitivePermGrantPolicyManager: allow refined permission com.oppo.permission.safe.SECURITY for com.mediatek.omacp
06-21 16:20:13.124  1576  1642 D ColorSensitivePermGrantPolicyManager: allow refined permission oppo.permission.OPPO_COMPONENT_SAFE for com.mediatek.omacp
06-21 16:20:13.124  1576  1642 D ColorSensitivePermGrantPolicyManager: no OplusPermissionKey in com.coloros.locationproxy
06-21 16:20:13.124  1576  1642 D ColorSensitivePermGrantPolicyManager: allow refined permission oppo.permission.OPPO_COMPONENT_SAFE for com.coloros.systemclone
06-21 16:20:13.125  1576  1642 D ColorSensitivePermGrantPolicyManager: allow refined permission com.oppo.permission.safe.SECURITY for com.coloros.systemclone
06-21 16:20:13.125  1576  1642 D ColorSensitivePermGrantPolicyManager: allow refined permission com.oppo.permission.safe.PASSWORD for com.coloros.systemclone
06-21 16:20:13.126  1576  1642 D ColorSensitivePermGrantPolicyManager: allow refined permission com.oppo.permission.safe.SETTINGS for com.coloros.systemclone
06-21 16:20:13.126  1576  1642 D ColorSensitivePermGrantPolicyManager: allow refined permission com.oppo.permission.safe.SAU for com.coloros.systemclone
06-21 16:20:13.126  1576  1642 D ColorSensitivePermGrantPolicyManager: allow refined permission com.oppo.permission.safe.LOG for com.coloros.systemclone
06-21 16:20:13.128  1576  1642 D ColorSensitivePermGrantPolicyManager: allow refined permission oppo.permission.OPPO_COMPONENT_SAFE for com.heytap.openid
06-21 16:20:13.129  1576  1642 D ColorSensitivePermGrantPolicyManager: allow refined permission com.oppo.permission.safe.SECURITY for com.heytap.openid
06-21 16:20:13.130  1576  1642 D ColorSensitivePermGrantPolicyManager: allow refined permission com.oppo.permission.safe.SAU for com.heytap.usercenter
06-21 16:20:13.130  1576  1642 D ColorSensitivePermGrantPolicyManager: allow refined permission oppo.permission.OPPO_COMPONENT_SAFE for com.heytap.usercenter
06-21 16:20:13.131  1576  1642 D ColorSensitivePermGrantPolicyManager: allow refined permission com.oppo.permission.safe.SAU for com.coloros.focusmode
06-21 16:20:13.131  1576  1642 D ColorSensitivePermGrantPolicyManager: allow refined permission com.oppo.permission.safe.PERSISTENT for com.coloros.focusmode
06-21 16:20:13.131  1576  1642 D ColorSensitivePermGrantPolicyManager: allow refined permission com.oppo.permission.safe.SECURITY for com.coloros.focusmode
06-21 16:20:13.131  1576  1642 D ColorSensitivePermGrantPolicyManager: allow refined permission oppo.permission.OPPO_COMPONENT_SAFE for com.coloros.focusmode
06-21 16:20:13.131  1576  1642 D ColorSensitivePermGrantPolicyManager: allow refined permission com.oppo.permission.safe.SETTINGS_SEARCH for com.coloros.focusmode
06-21 16:20:13.132  1576  1642 D ColorSensitivePermGrantPolicyManager: allow refined permission oppo.permission.OPPO_COMPONENT_SAFE for com.coloros.oshare
06-21 16:20:13.133  1576  1642 D ColorSensitivePermGrantPolicyManager: allow refined permission com.oppo.permission.safe.PERSISTENT for com.coloros.oshare
06-21 16:20:13.133  1576  1642 D ColorSensitivePermGrantPolicyManager: allow refined permission com.oppo.permission.safe.SAU for com.coloros.oshare
06-21 16:20:13.134  1576  1642 D ColorSensitivePermGrantPolicyManager: allow refined permission com.oppo.permission.safe.SECURITY for com.coloros.oshare
06-21 16:20:13.135  1576  1642 D ColorSensitivePermGrantPolicyManager: allow refined permission com.oppo.permission.safe.SECURITY for com.coloros.scenemode
06-21 16:20:13.135  1576  1642 D ColorSensitivePermGrantPolicyManager: allow refined permission oppo.permission.OPPO_COMPONENT_SAFE for com.coloros.scenemode
06-21 16:20:13.137  1576  1642 D ColorSensitivePermGrantPolicyManager: allow refined permission oppo.permission.OPPO_COMPONENT_SAFE for com.coloros.bootreg
06-21 16:20:13.137  1576  1642 D ColorSensitivePermGrantPolicyManager: allow refined permission com.oppo.permission.safe.SECURITY for com.coloros.bootreg
06-21 16:20:13.137  1576  1642 D ColorSensitivePermGrantPolicyManager: allow refined permission com.oppo.permission.safe.SETTINGS for com.coloros.bootreg
06-21 16:20:13.138  1576  1642 D ColorSensitivePermGrantPolicyManager: allow refined permission oppo.permission.OPPO_COMPONENT_SAFE for com.coloros.screenrecorder
06-21 16:20:13.139  1576  1642 D ColorSensitivePermGrantPolicyManager: allow refined permission com.oppo.permission.safe.SAU for com.coloros.screenrecorder
06-21 16:20:13.139  1576  1642 D ColorSensitivePermGrantPolicyManager: allow refined permission com.oppo.permission.safe.SECURITY for com.coloros.screenrecorder
06-21 16:20:13.139  1576  1642 D ColorSensitivePermGrantPolicyManager: allow refined permission oplus.permission.OPLUS_COMPONENT_SAFE for com.coloros.screenrecorder
06-21 16:20:13.141  1576  1642 D ColorSensitivePermGrantPolicyManager: allow refined permission oppo.permission.OPPO_COMPONENT_SAFE for com.coloros.activation
06-21 16:20:13.142  1576  1642 D ColorSensitivePermGrantPolicyManager: allow refined permission com.oppo.permission.safe.SAU for com.coloros.activation
06-21 16:20:13.142  1576  1642 D ColorSensitivePermGrantPolicyManager: allow refined permission oplus.permission.OPLUS_COMPONENT_SAFE for com.coloros.activation
06-21 16:20:13.143  1576  1642 D ColorSensitivePermGrantPolicyManager: allow refined permission oplus.permission.OPLUS_COMPONENT_SAFE for com.realme.securitycheck
06-21 16:20:13.143  1576  1642 D ColorSensitivePermGrantPolicyManager: allow refined permission oppo.permission.OPPO_COMPONENT_SAFE for com.realme.securitycheck
06-21 16:20:13.144  1576  1642 D ColorSensitivePermGrantPolicyManager: allow refined permission com.oppo.permission.safe.SECURITY for com.realme.securitycheck
06-21 16:20:13.146  1576  1642 D ColorSensitivePermGrantPolicyManager: allow refined permission oppo.permission.OPPO_COMPONENT_SAFE for com.realme.wellbeing
06-21 16:20:13.146  1576  1642 D ColorSensitivePermGrantPolicyManager: allow refined permission com.oppo.permission.safe.SAU for com.realme.wellbeing
06-21 16:20:13.147  1576  1642 D ColorSensitivePermGrantPolicyManager: allow refined permission com.oppo.permission.safe.SECURITY for com.realme.wellbeing
06-21 16:20:13.148  1576  1642 D ColorSensitivePermGrantPolicyManager: allow refined permission oppo.permission.OPPO_COMPONENT_SAFE for com.coloros.ocs.opencapabilityservice
06-21 16:20:13.148  1576  1642 D ColorSensitivePermGrantPolicyManager: allow refined permission com.oppo.permission.safe.CAMERA for com.coloros.ocs.opencapabilityservice
06-21 16:20:13.148  1576  1642 D ColorSensitivePermGrantPolicyManager: allow refined permission com.oppo.permission.safe.AUTHENTICATE for com.coloros.ocs.opencapabilityservice
06-21 16:20:13.153  1576  1642 D ColorSensitivePermGrantPolicyManager: allow refined permission oppo.permission.OPPO_COMPONENT_SAFE for com.coloros.wallpapers
06-21 16:20:13.154  1576  1642 D ColorSensitivePermGrantPolicyManager: allow refined permission com.oppo.permission.safe.SECURITY for com.coloros.wallpapers
06-21 16:20:13.154  1576  1642 D ColorSensitivePermGrantPolicyManager: allow refined permission oppo.permission.OPPO_COMPONENT_SAFE for com.coloros.weather2
06-21 16:20:13.155  1576  1642 D ColorSensitivePermGrantPolicyManager: allow refined permission com.oppo.permission.safe.SAU for com.coloros.weather2
06-21 16:20:13.155  1576  1642 D ColorSensitivePermGrantPolicyManager: allow refined permission com.oppo.permission.safe.SAFE_MANAGER for com.coloros.weather2
06-21 16:20:13.155  1576  1642 D ColorSensitivePermGrantPolicyManager: allow refined permission oplus.permission.OPLUS_COMPONENT_SAFE for com.coloros.weather2
06-21 16:20:13.155  1576  1642 D ColorSensitivePermGrantPolicyManager: allow refined permission oppo.permission.OPPO_COMPONENT_SAFE for com.coloros.encryption
06-21 16:20:13.156  1576  1642 D ColorSensitivePermGrantPolicyManager: allow refined permission com.oppo.permission.safe.SECURITY for com.coloros.encryption
06-21 16:20:13.156  1576  1642 D ColorSensitivePermGrantPolicyManager: allow refined permission com.oppo.permission.safe.SAU for com.coloros.encryption
06-21 16:20:13.156  1576  1642 D ColorSensitivePermGrantPolicyManager: allow refined permission oplus.permission.OPLUS_COMPONENT_SAFE for com.coloros.encryption
06-21 16:20:13.158  1576  1642 D ColorSensitivePermGrantPolicyManager: allow refined permission oppo.permission.OPPO_COMPONENT_SAFE for com.coloros.compass2
06-21 16:20:13.158  1576  1642 D ColorSensitivePermGrantPolicyManager: allow refined permission com.oppo.permission.safe.SAU for com.coloros.compass2
06-21 16:20:13.159  1576  1642 D ColorSensitivePermGrantPolicyManager: allow refined permission oppo.permission.OPPO_COMPONENT_SAFE for com.nearme.statistics.rom
06-21 16:20:13.159  1576  1642 D ColorSensitivePermGrantPolicyManager: allow refined permission com.oppo.permission.safe.SECURITY for com.nearme.statistics.rom
06-21 16:20:13.159  1576  1642 D ColorSensitivePermGrantPolicyManager: allow refined permission oplus.permission.OPLUS_COMPONENT_SAFE for com.nearme.statistics.rom
06-21 16:20:13.164  1576  1642 D ColorSensitivePermGrantPolicyManager: allow refined permission oppo.permission.OPPO_COMPONENT_SAFE for com.coloros.lockassistant
06-21 16:20:13.164  1576  1642 D ColorSensitivePermGrantPolicyManager: allow refined permission com.oppo.permission.safe.CONNECTIVITY for com.coloros.lockassistant
06-21 16:20:13.165  1576  1642 D ColorSensitivePermGrantPolicyManager: allow refined permission com.oppo.permission.safe.PERSISTENT for com.coloros.lockassistant
06-21 16:20:13.165  1576  1642 D ColorSensitivePermGrantPolicyManager: allow refined permission com.oppo.permission.safe.SECURITY for com.coloros.lockassistant
06-21 16:20:13.166  1576  1642 D ColorSensitivePermGrantPolicyManager: allow refined permission com.oplus.permission.safe.SAU for com.coloros.calculator
06-21 16:20:13.166  1576  1642 D ColorSensitivePermGrantPolicyManager: allow refined permission com.oppo.permission.safe.SAU for com.coloros.calculator
06-21 16:20:13.166  1576  1642 D ColorSensitivePermGrantPolicyManager: allow refined permission oppo.permission.OPPO_COMPONENT_SAFE for com.coloros.calculator
06-21 16:20:13.168  1576  1642 D ColorSensitivePermGrantPolicyManager: allow refined permission oppo.permission.OPPO_COMPONENT_SAFE for com.oppo.sos
06-21 16:20:13.168  1576  1642 D ColorSensitivePermGrantPolicyManager: allow refined permission com.oppo.permission.safe.SECURITY for com.oppo.sos
06-21 16:20:13.168  1576  1642 D ColorSensitivePermGrantPolicyManager: allow refined permission com.oppo.permission.safe.SAU for com.oppo.sos
06-21 16:20:13.168  1576  1642 D ColorSensitivePermGrantPolicyManager: allow refined permission oplus.permission.OPLUS_COMPONENT_SAFE for com.oppo.sos
06-21 16:20:13.170  1576  1642 D ColorSensitivePermGrantPolicyManager: allow refined permission oppo.permission.OPPO_COMPONENT_SAFE for com.coloros.alarmclock
06-21 16:20:13.171  1576  1642 D ColorSensitivePermGrantPolicyManager: allow refined permission com.oppo.permission.safe.SAU for com.coloros.alarmclock
06-21 16:20:13.171  1576  1642 D ColorSensitivePermGrantPolicyManager: allow refined permission com.oppo.permission.safe.SECURITY for com.coloros.alarmclock
06-21 16:20:13.171  1576  1642 D ColorSensitivePermGrantPolicyManager: allow refined permission oplus.permission.OPLUS_COMPONENT_SAFE for com.coloros.alarmclock
06-21 16:20:13.171  1576  1642 D ColorSensitivePermGrantPolicyManager: allow refined permission com.oppo.permission.safe.SAFE_MANAGER for com.coloros.alarmclock
06-21 16:20:13.172  1576  1642 D ColorSensitivePermGrantPolicyManager: allow refined permission oppo.permission.OPPO_COMPONENT_SAFE for com.coloros.phonemanager
06-21 16:20:13.173  1576  1642 D ColorSensitivePermGrantPolicyManager: allow refined permission com.oppo.permission.safe.SECURITY for com.coloros.phonemanager
06-21 16:20:13.173  1576  1642 D ColorSensitivePermGrantPolicyManager: allow refined permission com.oppo.permission.safe.SAU for com.coloros.phonemanager
06-21 16:20:13.173  1576  1642 D ColorSensitivePermGrantPolicyManager: allow refined permission oppo.permission.OPPO_COMPONENT_SAFE for com.coloros.securepay
06-21 16:20:13.174  1576  1642 D ColorSensitivePermGrantPolicyManager: allow refined permission com.oppo.permission.safe.SECURITY for com.coloros.securepay
06-21 16:20:13.174  1576  1642 D ColorSensitivePermGrantPolicyManager: allow refined permission com.oplus.permission.safe.SECURITY for com.coloros.securepay
06-21 16:20:13.174  1576  1642 D ColorSensitivePermGrantPolicyManager: allow refined permission com.oppo.permission.safe.CONNECTIVITY for com.coloros.securepay
06-21 16:20:13.174  1576  1642 D ColorSensitivePermGrantPolicyManager: allow refined permission com.oplus.permission.safe.CONNECTIVITY for com.coloros.securepay
06-21 16:20:13.175  1576  1642 D ColorSensitivePermGrantPolicyManager: allow refined permission oppo.permission.OPPO_COMPONENT_SAFE for com.realme.movieshot
06-21 16:20:13.176  1576  1642 D ColorSensitivePermGrantPolicyManager: allow refined permission com.oppo.permission.safe.SECURITY for com.realme.movieshot
06-21 16:20:13.176  1576  1642 D ColorSensitivePermGrantPolicyManager: allow refined permission oppo.permission.OPPO_COMPONENT_SAFE for com.heytap.colorfulengine
06-21 16:20:13.176  1576  1642 D ColorSensitivePermGrantPolicyManager: no OplusPermissionKey in com.heytap.colorfulengine
06-21 16:20:13.176  1576  1642 D ColorSensitivePermGrantPolicyManager: allow refined permission oplus.permission.OPLUS_COMPONENT_SAFE for com.heytap.colorfulengine
06-21 16:20:13.180  1576  1642 D ColorSensitivePermGrantPolicyManager: allow refined permission com.oppo.permission.safe.SAU for com.nearme.atlas
06-21 16:20:13.181  1576  1642 D ColorSensitivePermGrantPolicyManager: allow refined permission oppo.permission.OPPO_COMPONENT_SAFE for com.coloros.screenshot
06-21 16:20:13.182  1576  1642 D ColorSensitivePermGrantPolicyManager: allow refined permission com.oppo.permission.safe.SECURITY for com.coloros.screenshot
06-21 16:20:13.182  1576  1642 D ColorSensitivePermGrantPolicyManager: allow refined permission com.oppo.permission.safe.SAU for com.coloros.screenshot
06-21 16:20:13.182  1576  1642 D ColorSensitivePermGrantPolicyManager: allow refined permission oplus.permission.OPLUS_COMPONENT_SAFE for com.coloros.screenshot
06-21 16:20:13.183  1576  1642 D ColorSensitivePermGrantPolicyManager: allow refined permission oppo.permission.OPPO_COMPONENT_SAFE for com.coloros.video
06-21 16:20:13.183  1576  1642 D ColorSensitivePermGrantPolicyManager: allow refined permission oplus.permission.OPLUS_COMPONENT_SAFE for com.coloros.video
06-21 16:20:13.184  1576  1642 D ColorSensitivePermGrantPolicyManager: allow refined permission com.oppo.permission.safe.SECURITY for com.coloros.video
06-21 16:20:13.184  1576  1642 D ColorSensitivePermGrantPolicyManager: allow refined permission com.oplus.permission.safe.CONNECTIVITY for com.coloros.video
06-21 16:20:13.184  1576  1642 D ColorSensitivePermGrantPolicyManager: allow refined permission oppo.permission.OPPO_COMPONENT_SAFE for com.coloros.filemanager
06-21 16:20:13.184  1576  1642 D ColorSensitivePermGrantPolicyManager: allow refined permission com.oppo.permission.safe.SAU for com.coloros.filemanager
06-21 16:20:13.185  1576  1642 D ColorSensitivePermGrantPolicyManager: allow refined permission com.oppo.permission.safe.PRIVATE for com.coloros.filemanager
06-21 16:20:13.185  1576  1642 D ColorSensitivePermGrantPolicyManager: allow refined permission com.oppo.permission.safe.SECURITY for com.coloros.filemanager
06-21 16:20:13.185  1576  1642 D ColorSensitivePermGrantPolicyManager: allow refined permission com.oppo.permission.safe.CONNECTIVITY for com.coloros.filemanager
06-21 16:20:13.185  1576  1642 D ColorSensitivePermGrantPolicyManager: allow refined permission oppo.permission.OPPO_COMPONENT_SAFE for com.coloros.soundrecorder
06-21 16:20:13.186  1576  1642 D ColorSensitivePermGrantPolicyManager: allow refined permission com.oppo.permission.safe.SAU for com.coloros.soundrecorder
06-21 16:20:13.186  1576  1642 D ColorSensitivePermGrantPolicyManager: allow refined permission com.oppo.permission.safe.PRIVATE for com.coloros.soundrecorder
06-21 16:20:13.190  1576  1642 D ColorSensitivePermGrantPolicyManager: allow refined permission oppo.permission.OPPO_COMPONENT_SAFE for com.oppo.quicksearchbox
06-21 16:20:13.192  1576  1642 D ColorSensitivePermGrantPolicyManager: allow refined permission oppo.permission.OPPO_COMPONENT_SAFE for com.heytap.themestore
06-21 16:20:13.192  1576  1642 D ColorSensitivePermGrantPolicyManager: allow refined permission oplus.permission.OPLUS_COMPONENT_SAFE for com.heytap.themestore
06-21 16:20:13.193  1576  1642 D ColorSensitivePermGrantPolicyManager: allow refined permission com.oppo.permission.safe.SECURITY for com.heytap.themestore
06-21 16:20:13.193  1576  1642 D ColorSensitivePermGrantPolicyManager: allow refined permission com.oplus.permission.safe.SECURITY for com.heytap.themestore
06-21 16:20:13.193  1576  1642 D ColorSensitivePermGrantPolicyManager: allow refined permission com.oppo.permission.safe.SAU for com.heytap.themestore
06-21 16:20:13.193  1576  1642 D ColorSensitivePermGrantPolicyManager: allow refined permission com.oplus.permission.safe.SAU for com.heytap.themestore
06-21 16:20:13.193  1576  1642 D ColorSensitivePermGrantPolicyManager: allow refined permission com.oppo.permission.safe.CONNECTIVITY for com.heytap.themestore
06-21 16:20:13.193  1576  1642 D ColorSensitivePermGrantPolicyManager: allow refined permission com.oplus.permission.safe.CONNECTIVITY for com.heytap.themestore
06-21 16:20:13.193  1576  1642 D ColorSensitivePermGrantPolicyManager: allow refined permission com.oppo.permission.safe.SETTINGS for com.heytap.themestore
06-21 16:20:13.193  1576  1642 D ColorSensitivePermGrantPolicyManager: allow refined permission com.oplus.permission.safe.SETTINGS for com.heytap.themestore
06-21 16:20:13.194  1576  1642 D ColorSensitivePermGrantPolicyManager: allow refined permission oppo.permission.OPPO_COMPONENT_SAFE for com.nearme.romupdate
06-21 16:20:13.195  1576  1642 D ColorSensitivePermGrantPolicyManager: allow refined permission com.oppo.permission.safe.SECURITY for com.nearme.romupdate
06-21 16:20:13.195  1576  1642 D ColorSensitivePermGrantPolicyManager: allow refined permission oppo.permission.OPPO_COMPONENT_SAFE for com.coloros.floatassistant
06-21 16:20:13.195  1576  1642 D ColorSensitivePermGrantPolicyManager: allow refined permission oplus.permission.OPLUS_COMPONENT_SAFE for com.coloros.floatassistant
06-21 16:20:13.196  1576  1642 D ColorSensitivePermGrantPolicyManager: allow refined permission com.oppo.permission.safe.SECURITY for com.coloros.floatassistant
06-21 16:20:13.196  1576  1642 D ColorSensitivePermGrantPolicyManager: allow refined permission com.oplus.permission.safe.SECURITY for com.coloros.floatassistant
06-21 16:20:13.196  1576  1642 D ColorSensitivePermGrantPolicyManager: allow refined permission com.oppo.permission.safe.SAU for com.coloros.floatassistant
06-21 16:20:13.196  1576  1642 D ColorSensitivePermGrantPolicyManager: allow refined permission com.oplus.permission.safe.SAU for com.coloros.floatassistant
06-21 16:20:13.196  1576  1642 D ColorSensitivePermGrantPolicyManager: allow refined permission com.oppo.permission.safe.PERSISTENT for com.coloros.floatassistant
06-21 16:20:13.196  1576  1642 D ColorSensitivePermGrantPolicyManager: allow refined permission com.oplus.permission.safe.PERSISTENT for com.coloros.floatassistant
06-21 16:20:13.196  1576  1642 D ColorSensitivePermGrantPolicyManager: allow refined permission com.oppo.permission.safe.IOT for com.coloros.floatassistant
06-21 16:20:13.196  1576  1642 D ColorSensitivePermGrantPolicyManager: allow refined permission com.oplus.permission.safe.IOT for com.coloros.floatassistant
06-21 16:20:13.196  1576  1642 D ColorSensitivePermGrantPolicyManager: allow refined permission oppo.permission.OPPO_COMPONENT_SAFE for com.coloros.childrenspace
06-21 16:20:13.197  1576  1642 D ColorSensitivePermGrantPolicyManager: allow refined permission com.oppo.permission.safe.PERSISTENT for com.coloros.childrenspace
06-21 16:20:13.197  1576  1642 D ColorSensitivePermGrantPolicyManager: allow refined permission com.oppo.permission.safe.SECURITY for com.coloros.childrenspace
06-21 16:20:13.197  1576  1642 D ColorSensitivePermGrantPolicyManager: allow refined permission com.oppo.permission.safe.SETTINGS_SEARCH for com.coloros.childrenspace
06-21 16:20:13.198  1576  1642 D ColorSensitivePermGrantPolicyManager: allow refined permission com.oppo.permission.safe.SAU for com.coloros.gallery3d
06-21 16:20:13.198  1576  1642 D ColorSensitivePermGrantPolicyManager: allow refined permission com.oplus.permission.safe.SAU for com.coloros.gallery3d
06-21 16:20:13.198  1576  1642 D ColorSensitivePermGrantPolicyManager: allow refined permission com.oplus.permission.safe.CONNECTIVITY for com.coloros.gallery3d
06-21 16:20:13.198  1576  1642 D ColorSensitivePermGrantPolicyManager: allow refined permission oppo.permission.OPPO_COMPONENT_SAFE for com.coloros.gallery3d
06-21 16:20:13.198  1576  1642 D ColorSensitivePermGrantPolicyManager: allow refined permission com.oppo.permission.safe.PRIVATE for com.coloros.gallery3d
06-21 16:20:13.198  1576  1642 D ColorSensitivePermGrantPolicyManager: allow refined permission com.oplus.permission.safe.PRIVATE for com.coloros.gallery3d
06-21 16:20:13.198  1576  1642 D ColorSensitivePermGrantPolicyManager: allow refined permission oplus.permission.OPLUS_COMPONENT_SAFE for com.coloros.gallery3d
06-21 16:20:13.198  1576  1642 D ColorSensitivePermGrantPolicyManager: allow refined permission com.oppo.permission.safe.SECURITY for com.coloros.gallery3d
06-21 16:20:13.198  1576  1642 D ColorSensitivePermGrantPolicyManager: allow refined permission com.oplus.permission.safe.SECURITY for com.coloros.gallery3d
06-21 16:20:13.200  1576  1642 D ColorSensitivePermGrantPolicyManager: allow refined permission com.oppo.permission.safe.SAU for com.android.providers.contacts
06-21 16:20:13.200  1576  1642 D ColorSensitivePermGrantPolicyManager: allow refined permission oppo.permission.OPPO_COMPONENT_SAFE for com.android.providers.contacts
06-21 16:20:13.200  1576  1642 D ColorSensitivePermGrantPolicyManager: allow refined permission com.oppo.permission.safe.SECURITY for com.android.providers.contacts
06-21 16:20:13.200  1576  1642 D ColorSensitivePermGrantPolicyManager: allow refined permission com.oplus.permission.safe.SECURITY for com.android.providers.contacts
06-21 16:20:13.200  1576  1642 D ColorSensitivePermGrantPolicyManager: allow refined permission oplus.permission.OPLUS_COMPONENT_SAFE for com.android.providers.contacts
06-21 16:20:13.316  1576  1619 I ActivityManager: Killing 8132:com.mhm.speaktowrite/u0a420 (adj 0): stop com.mhm.speaktowrite due to installPackageLI
06-21 16:20:13.324  1576  1619 W ActivityTaskManager: Force removing ActivityRecord{8d23aac u0 com.mhm.speaktowrite/.MainActivity t2008 f}}: app died, no saved state
06-21 16:20:13.333  1576  1619 D WindowManager: WARNING: focused app window can't receive keys, focusedApp:ActivityRecord{8d23aac u0 com.mhm.speaktowrite/.MainActivity t2008 f}} window:Window{3103a16 u0 com.mhm.speaktowrite/com.mhm.speaktowrite.MainActivity}
06-21 16:20:13.333  1576  1619 D WindowManager: isRecentsAnimationConsumingAppInput:false isParentWindowHidden:false mAnimatingExit:false mRelayoutCalled:true
06-21 16:20:13.334  1576  1619 D WindowManager: WARNING: focused app window can't receive keys, focusedApp:ActivityRecord{8d23aac u0 com.mhm.speaktowrite/.MainActivity t2008 f}} window:Window{3103a16 u0 com.mhm.speaktowrite/com.mhm.speaktowrite.MainActivity}
06-21 16:20:13.334  1576  1619 D WindowManager: isRecentsAnimationConsumingAppInput:false isParentWindowHidden:false mAnimatingExit:false mRelayoutCalled:true
06-21 16:20:13.343  1576  1619 W WindowManager: Changing focus fromWindow{3103a16 u0 com.mhm.speaktowrite/com.mhm.speaktowrite.MainActivity} to null displayId=0 Callers=com.android.server.wm.RootWindowContainer.updateFocusedWindowLocked:497 com.android.server.wm.WindowManagerService.updateFocusedWindowLocked:6036 com.android.server.wm.ActivityRecord.commitVisibility:4585 com.android.server.wm.ActivityRecord.onRemovedFromDisplay:3431 
06-21 16:20:13.350  1576  1619 V ColorZoomWindowManagerService: onAnimationFinished:  r = ActivityRecord{8d23aac u0 com.mhm.speaktowrite/.MainActivity t2008 f}}
06-21 16:20:13.352  1576  1619 I OplusMirageDisplayManagerService: onAnimationFinished:
06-21 16:20:13.367  1576  1619 D WindowManager: removeChild,stack:Task{56d6a6a #2008 visible=true type=standard mode=fullscreen translucent=false A=10420:com.mhm.speaktowrite U=0 StackId=2008 sz=0}
06-21 16:20:13.367  1576  1619 D WindowManager: java.lang.Throwable
06-21 16:20:13.367  1576  1619 D WindowManager: 	at com.android.server.wm.TaskDisplayArea.removeChild(TaskDisplayArea.java:366)
06-21 16:20:13.367  1576  1619 D WindowManager: 	at com.android.server.wm.TaskDisplayArea.removeChild(TaskDisplayArea.java:102)
06-21 16:20:13.367  1576  1619 D WindowManager: 	at com.android.server.wm.WindowContainer.removeImmediately(WindowContainer.java:625)
06-21 16:20:13.367  1576  1619 D WindowManager: 	at com.android.server.wm.Task.removeImmediately(Task.java:2949)
06-21 16:20:13.367  1576  1619 D WindowManager: 	at com.android.server.wm.Task.removeIfPossible(Task.java:701)
06-21 16:20:13.367  1576  1619 D WindowManager: 	at com.android.server.wm.Task.removeChild(Task.java:1576)
06-21 16:20:13.367  1576  1619 D WindowManager: 	at com.android.server.wm.Task.removeChild(Task.java:1521)
06-21 16:20:13.367  1576  1619 D WindowManager: 	at com.android.server.wm.WindowContainer.removeImmediately(WindowContainer.java:625)
06-21 16:20:13.367  1576  1619 D WindowManager: 	at com.android.server.wm.WindowToken.removeImmediately(WindowToken.java:402)
06-21 16:20:13.367  1576  1619 D WindowManager: 	at com.android.server.wm.ActivityRecord.removeImmediately(ActivityRecord.java:3405)
06-21 16:20:13.367  1576  1619 D WindowManager: 	at com.android.server.wm.ActivityRecord.removeIfPossible(ActivityRecord.java:3412)
06-21 16:20:13.367  1576  1619 D WindowManager: 	at com.android.server.wm.ActivityRecord.onRemovedFromDisplay(ActivityRecord.java:3497)
06-21 16:20:13.367  1576  1619 D WindowManager: 	at com.android.server.wm.DisplayContent.removeAppToken(DisplayContent.java:1304)
06-21 16:20:13.367  1576  1619 D WindowManager: 	at com.android.server.wm.ActivityRecord.removeAppTokenFromDisplay(ActivityRecord.java:2171)
06-21 16:20:13.367  1576  1619 D WindowManager: 	at com.android.server.wm.ActivityRecord.removeFromHistory(ActivityRecord.java:3194)
06-21 16:20:13.367  1576  1619 D WindowManager: 	at com.android.server.wm.ActivityStack$RemoveHistoryRecordsForApp.processActivity(ActivityStack.java:578)
06-21 16:20:13.367  1576  1619 D WindowManager: 	at com.android.server.wm.ActivityStack$RemoveHistoryRecordsForApp.process(ActivityStack.java:488)
06-21 16:20:13.367  1576  1619 D WindowManager: 	at com.android.server.wm.ActivityStack.handleAppDied(ActivityStack.java:3139)
06-21 16:20:13.367  1576  1619 D WindowManager: 	at com.android.server.wm.RootWindowContainer.handleAppDied(RootWindowContainer.java:3347)
06-21 16:20:13.367  1576  1619 D WindowManager: 	at com.android.server.wm.ActivityTaskManagerService$LocalService.handleAppDied(ActivityTaskManagerService.java:7164)
06-21 16:20:13.367  1576  1619 D WindowManager: 	at com.android.server.am.ActivityManagerService.handleAppDiedLocked(ActivityManagerService.java:4158)
06-21 16:20:13.367  1576  1619 D WindowManager: 	at com.android.server.am.ProcessList.removeProcessLocked(ProcessList.java:3001)
06-21 16:20:13.367  1576  1619 D WindowManager: 	at com.android.server.am.ProcessList.killPackageProcessesLocked(ProcessList.java:2938)
06-21 16:20:13.367  1576  1619 D WindowManager: 	at com.android.server.am.ActivityManagerService.forceStopPackageLocked(ActivityManagerService.java:5395)
06-21 16:20:13.367  1576  1619 D WindowManager: 	at com.android.server.am.ActivityManagerService$MainHandler.handleMessage(ActivityManagerService.java:2029)
06-21 16:20:13.367  1576  1619 D WindowManager: 	at android.os.Handler.dispatchMessage(Handler.java:106)
06-21 16:20:13.367  1576  1619 D WindowManager: 	at android.os.Looper.loop(Looper.java:255)
06-21 16:20:13.367  1576  1619 D WindowManager: 	at android.os.HandlerThread.run(HandlerThread.java:67)
06-21 16:20:13.367  1576  1619 D WindowManager: 	at com.android.server.ServiceThread.run(ServiceThread.java:44)
06-21 16:20:13.422  1576  1576 W WindowManager: removeWindowToken: Attempted to remove non-existing token: android.os.Binder@9b21ced
06-21 16:20:13.428  1576  3801 D DisplayManagerService: Display listener for pid 8132 died.
06-21 16:20:13.429  1576  1619 D OomAdjuster: TOP_APP is ProcessRecord{3b7a581 5895:com.android.settings/1000} uid is 1000
06-21 16:20:13.474  1576  1603 W Looper  : Slow dispatch took 158ms android.ui h=com.android.server.am.ActivityManagerService$UiHandler c=null m=53
06-21 16:20:13.499  1576  1605 W ActivityManager: setHasOverlayUi called on unknown pid: 8132
06-21 16:20:13.534  1576  2055 W WindowManager: Cannot find window which accessibility connection is added to
06-21 16:20:13.534  1576  2524 W WindowManager: Cannot find window which accessibility connection is added to
06-21 16:20:13.534  1576  1576 W Looper  : Slow dispatch took 216ms main h=android.app.ActivityThread$H c=android.app.LoadedApk$ServiceDispatcher$RunConnection@dcf7ae9 m=0
06-21 16:20:13.534  1576  1576 W Looper  : Slow delivery took 212ms main h=android.os.Handler c=android.telephony.-$$Lambda$PhoneStateListener$IPhoneStateListenerStub$lP7_Xy6P82nXGbUQ_ZUY6rZR4bI@200836e m=0
06-21 16:20:13.535  1576  3329 D ColorAppListInterceptManager: shouldFilterTask
06-21 16:20:13.535  1576  3329 D ColorAppListInterceptManager: shouldFilterTask::packageName = com.android.settings
06-21 16:20:13.536  1576  3329 D ColorAppListInterceptManager: shouldFilterTask
06-21 16:20:13.536  1576  3329 D ColorAppListInterceptManager: shouldFilterTask::packageName = com.mhm.speaktowrite
06-21 16:20:13.536  1576  3329 D ColorAppListInterceptManager: shouldFilterTask
06-21 16:20:13.536  1576  3329 D ColorAppListInterceptManager: shouldFilterTask::packageName = anddea.youtube
06-21 16:20:13.558  1576  1576 W Looper  : Drained
06-21 16:20:13.579  1576  3329 D ColorAppListInterceptManager: shouldFilterTask
06-21 16:20:13.579  1576  3329 D ColorAppListInterceptManager: shouldFilterTask::packageName = com.android.settings
06-21 16:20:13.579  1576  3329 D ColorAppListInterceptManager: shouldFilterTask
06-21 16:20:13.579  1576  3329 D ColorAppListInterceptManager: shouldFilterTask::packageName = com.mhm.speaktowrite
06-21 16:20:13.579  1576  3329 D ColorAppListInterceptManager: shouldFilterTask
06-21 16:20:13.579  1576  3329 D ColorAppListInterceptManager: shouldFilterTask::packageName = anddea.youtube
06-21 16:20:13.652  1576  1642 I PackageManager: set persist.sys.package.SHA1 as 2027bdb1214eacd02ff26225e81a32bfa3f6656e
06-21 16:20:13.659  1576  3329 D ORMS_CORE: Set scene action identity: android.app scene: , action: ORMS_ACTION_ACTIVITY_START, timeout: 600, handle: 2647006578796716586
06-21 16:20:13.659  1576  1833 D ORMS_CORE: FinalSceneAction scene:1000 action:2 prio:7 start:46674334 timeout:600 timeout_left:600
06-21 16:20:13.672  1576  1833 D ORMS_HISTORY: setSoCLimit sa
06-21 16:20:13.672  1576  1833 D ORMS_HISTORY: no limit in sa : 1000, 2
06-21 16:20:13.672  1576  1833 D ORMS_CORE: TCpuL:-1 TGpuL:-1 TCtrlL:-1 TModeOn:0 IdleS:0 PowerMode:NORMAL_MODE BenchMark:0 HaveCtrlD:0
06-21 16:20:13.672  1576  1833 D ORMS_CORE: saConfig:,SAResult Info{minCore=[6, 2, -1]minFreq=[1800000, 1532000, -1]maxCore=[-1, -1, -1]maxFreq=[-1, -1, -1], ddr=-1, lpm=-1, sb=-1, prio=7, fpsgo=0, migrate= migfrate: , mask=110, clkscale=-1, schedwinstats=-1, twinpolicy=-1, fgwinpolicy=-1, bgwinpolicy=-1, schedPreferSpread=-1, colocate=-1, slb=-1, nice=0, extActId=-1, extTime=-1, hardLevel=0}
06-21 16:20:13.673  1576  1833 D ORMS_CORE: request mDecision:SAResult Info{ minCpuCore: 6 2 ,  minCpuFreq: 1800000 1532000 ,  maxCpuCore: -1 -1 ,  maxCpuFreq: -1 -1 ,  minGpuCore: -1 ,  minGpuFreq: -1 ,  maxGpuCore: -1 ,  maxGpuFreq: -1 , Lpm=-1, clkscale=-1, schedwinstats=-1, twinpolicy=-1, fgwinpolicy=-1, bgwinpolicy=-1, schedPreferSpread=-1, colocate=-1, slb=-1, fpsgo=0, schedBoost=-1, ddrFreq=-1, migrate= migfrate: -1 -1 , hardLevel=false}
06-21 16:20:13.698  1576  1833 D ORMS_CORE: package fpsgo check : write force_onoff 0
06-21 16:20:13.732  1576  3329 D ORMS_CORE: Set scene action identity: com.android.server scene: , action: ORMS_ACTION_ACTIVITY_START, timeout: 1000, handle: 3862957283590775642
06-21 16:20:13.732  1576  1833 D ORMS_CORE: FinalSceneAction scene:1000 action:2 prio:7 start:46674408 timeout:1000 timeout_left:1000
06-21 16:20:13.732  1576  1833 D ORMS_HISTORY: setSoCLimit sa
06-21 16:20:13.732  1576  1833 D ORMS_HISTORY: no limit in sa : 1000, 2
06-21 16:20:13.732  1576  1833 D ORMS_CORE: TCpuL:-1 TGpuL:-1 TCtrlL:-1 TModeOn:0 IdleS:0 PowerMode:NORMAL_MODE BenchMark:0 HaveCtrlD:0
06-21 16:20:13.733  1576  1833 D ORMS_CORE: saConfig:,SAResult Info{minCore=[6, 2, -1]minFreq=[1800000, 1532000, -1]maxCore=[-1, -1, -1]maxFreq=[-1, -1, -1], ddr=-1, lpm=-1, sb=-1, prio=7, fpsgo=0, migrate= migfrate: , mask=110, clkscale=-1, schedwinstats=-1, twinpolicy=-1, fgwinpolicy=-1, bgwinpolicy=-1, schedPreferSpread=-1, colocate=-1, slb=-1, nice=0, extActId=-1, extTime=-1, hardLevel=0}
06-21 16:20:13.733  1576  1833 D ORMS_CORE: request mDecision:SAResult Info{ minCpuCore: 6 2 ,  minCpuFreq: 1800000 1532000 ,  maxCpuCore: -1 -1 ,  maxCpuFreq: -1 -1 ,  minGpuCore: -1 ,  minGpuFreq: -1 ,  maxGpuCore: -1 ,  maxGpuFreq: -1 , Lpm=-1, clkscale=-1, schedwinstats=-1, twinpolicy=-1, fgwinpolicy=-1, bgwinpolicy=-1, schedPreferSpread=-1, colocate=-1, slb=-1, fpsgo=0, schedBoost=-1, ddrFreq=-1, migrate= migfrate: -1 -1 , hardLevel=false}
06-21 16:20:13.734  1576  3329 D CompatibilityChangeReporter: Compat change id reported: 135634846; UID 10207; state: DISABLED
06-21 16:20:13.734  1576  3329 D CompatibilityChangeReporter: Compat change id reported: 135754954; UID 10207; state: DISABLED
06-21 16:20:13.734  1576  1621 D CompatibilityChangeReporter: Compat change id reported: 143937733; UID 10207; state: DISABLED
06-21 16:20:13.753  1576  1621 I ActivityManager: Start proc 9560:com.heytap.themestore/u0a207 for content provider {com.heytap.themestore/com.themestore.os_feature.setting.DynamicImageProvider}
06-21 16:20:13.777  1576  1591 V ActivityManager: New death recipient com.android.server.am.ActivityManagerService$AppDeathRecipient@85b9543 for thread android.os.BinderProxy@b4b27c0
06-21 16:20:13.782  1576  1591 I WindowManager: Relayout Window{d0734ca u0 com.android.settings/com.android.settings.SubSettings}: oldVis=4 newVis=0 focusMayChange = true
06-21 16:20:13.792  1576  1591 W WindowManager: Changing focus fromnull to Window{d0734ca u0 com.android.settings/com.android.settings.SubSettings} displayId=0 Callers=com.android.server.wm.RootWindowContainer.updateFocusedWindowLocked:497 com.android.server.wm.WindowManagerService.updateFocusedWindowLocked:6036 com.android.server.wm.WindowManagerService.relayoutWindow:2682 com.android.server.wm.Session.relayout:229 
06-21 16:20:13.822  1576  1642 D PackageManager: notifyPackageXmlVerify done. result=true
06-21 16:20:13.835  1576  1642 D PackageManager: send ACTION_PACKAGE_FULLY_REMOVED reason:dataRemoved=false !isRemovedPackageSystemUpdate=true
06-21 16:20:13.836  1576  1642 I AppsFilter: interaction: PackageSetting{215256d com.example.lockedsecure/10418} -> PackageSetting{2e99a9e com.mhm.speaktowrite/10420} BLOCKED
06-21 16:20:13.837  1576  1642 I AppsFilter: interaction: PackageSetting{215256d com.example.lockedsecure/10418} -> PackageSetting{2e99a9e com.mhm.speaktowrite/10420} BLOCKED
06-21 16:20:13.894  1576  1642 D UserUninstallRecorder: not care com.mhm.speaktowrite installed.
06-21 16:20:13.895  1576  1642 D OplusPackageManager: addPkgToNotLaunchedList com.mhm.speaktowrite
06-21 16:20:13.922  1576  1642 I ActivityManager: Force stopping com.mhm.speaktowrite appid=10420 user=10: pkg removed
06-21 16:20:13.922  1576  1642 W ContextImpl: Calling a method in the system process without a qualified user: android.app.ContextImpl.sendBroadcast:1143 com.android.server.am.OppoExtraActivityManagerService.setKeyLockModeNormal:51 com.android.server.am.ActivityManagerService.forceStopPackageLocked:5390 com.android.server.am.ActivityManagerService.broadcastIntentLocked:17331 com.android.server.am.ActivityManagerService$LocalService.broadcastIntent:20747 
06-21 16:20:13.929  1576  1591 D ColorInputMethodManagerServiceEx: onHandleImeWindowVisibleStatus handledVis: 0, switcher visible: 0, switcher active: 0, needsToShowImeSwitcher: false
06-21 16:20:13.935  1576  1626 W BroadcastQueue: Background execution not allowed: receiving Intent { act=android.intent.action.PACKAGE_REMOVED dat=package:com.mhm.speaktowrite flg=0x4000010 (has extras) } to com.coloros.safecenter/.startupapp.StartupReceiver
06-21 16:20:13.935  1576  1626 W BroadcastQueue: Background execution not allowed: receiving Intent { act=android.intent.action.PACKAGE_REMOVED dat=package:com.mhm.speaktowrite flg=0x4000010 (has extras) } to com.google.android.gms/.chimera.GmsIntentOperationService$PersistentTrustedReceiver
06-21 16:20:13.936  1576  1626 W BroadcastQueue: Background execution not allowed: receiving Intent { act=android.intent.action.PACKAGE_REMOVED dat=package:com.mhm.speaktowrite flg=0x4000010 (has extras) } to com.nearme.statistics.rom/.receiver.Receiver
06-21 16:20:13.936  1576  1626 W BroadcastQueue: Background execution not allowed: receiving Intent { act=android.intent.action.PACKAGE_REMOVED dat=package:com.mhm.speaktowrite flg=0x4000010 (has extras) } to com.oppo.quicksearchbox/.core.receiver.AndroidPackageChangeReceiver
06-21 16:20:13.941  1576  3860 W ActivityManager: Unable to start service Intent { cmp=com.nearme.statistics.rom/.service.ReceiverService (has extras) } U=0: not found
06-21 16:20:13.950  1576  1626 D CompatibilityChangeReporter: Compat change id reported: 135634846; UID 1010175; state: DISABLED
06-21 16:20:13.950  1576  1626 D CompatibilityChangeReporter: Compat change id reported: 135754954; UID 1010175; state: ENABLED
06-21 16:20:13.951  1576  1621 D CompatibilityChangeReporter: Compat change id reported: 143937733; UID 1010175; state: ENABLED
06-21 16:20:13.958  1576  1576 D CompatibilityChangeReporter: Compat change id reported: 135634846; UID 1001000; state: DISABLED
06-21 16:20:13.959  1576  1576 D CompatibilityChangeReporter: Compat change id reported: 135754954; UID 1001000; state: ENABLED
06-21 16:20:13.959  1576  1675 D ColorInputMethodManagerServiceEx: onHandleImeWindowVisibleStatus handledVis: 0, switcher visible: 0, switcher active: 0, needsToShowImeSwitcher: false
06-21 16:20:13.984  1576  1642 I ActivityManager: Force stopping com.mhm.speaktowrite appid=10420 user=0: pkg removed
06-21 16:20:13.984  1576  1642 W ContextImpl: Calling a method in the system process without a qualified user: android.app.ContextImpl.sendBroadcast:1143 com.android.server.am.OppoExtraActivityManagerService.setKeyLockModeNormal:51 com.android.server.am.ActivityManagerService.forceStopPackageLocked:5390 com.android.server.am.ActivityManagerService.broadcastIntentLocked:17331 com.android.server.am.ActivityManagerService$LocalService.broadcastIntent:20747 
06-21 16:20:14.042  1576  1621 W ActivityManager: Slow operation: 94ms so far, now at startProcess: done updating battery stats
06-21 16:20:14.043  1576  1621 W ActivityManager: Slow operation: 94ms so far, now at startProcess: building log message
06-21 16:20:14.043  1576  1621 I ActivityManager: Start proc 9581:com.coloros.childrenspace/u10a175 for broadcast {com.coloros.childrenspace/com.coloros.childrenspace.controller.ChildrenReceiver}
06-21 16:20:14.043  1576  1621 W ActivityManager: Slow operation: 95ms so far, now at startProcess: starting to update pids map
06-21 16:20:14.043  1576  1606 V ColorZoomWindowManagerService: onAnimationFinished:  r = ActivityRecord{4f15195 u0 com.android.settings/.SubSettings t2007}
06-21 16:20:14.043  1576  1606 I ColorAppSwitchManagerService:  handleAppVisible , r = ActivityRecord{4f15195 u0 com.android.settings/.SubSettings t2007}
06-21 16:20:14.043  1576  1606 I OplusMirageDisplayManagerService: onAnimationFinished:
06-21 16:20:14.043  1576  1621 W ActivityManager: Slow operation: 95ms so far, now at startProcess: done updating pids map
06-21 16:20:14.043  1576  1621 W ActivityManager: Slow operation: 91ms so far, now at startProcess: asking zygote to start proc
06-21 16:20:14.050  1576  2524 V AlarmManager: set(PendingIntent{f346ab9: PendingIntentRecord{5ebfefe com.google.android.gms/com.google.android.gms.container startService}}) : type=3 when=315406674662whenElapsed315406674662maxWhen =551926674662 win=236520000000 interval=0 flags=0x8 pkg = com.google.android.gms
06-21 16:20:14.090  1576  1603 W Looper  : Slow dispatch took 103ms android.ui h=com.android.server.am.ActivityManagerService$UiHandler c=null m=31
06-21 16:20:14.123  1576  1576 D CompatibilityChangeReporter: Compat change id reported: 135634846; UID 1000; state: DISABLED
06-21 16:20:14.124  1576  1576 D CompatibilityChangeReporter: Compat change id reported: 135754954; UID 1000; state: ENABLED
06-21 16:20:14.127  1576  1621 W ActivityManager: Slow operation: 175ms so far, now at startProcess: returned from zygote!
06-21 16:20:14.133  1576  2556 V ActivityManager: New death recipient com.android.server.am.ActivityManagerService$AppDeathRecipient@a86654f for thread android.os.BinderProxy@83164dc
06-21 16:20:14.134  1576  1576 D DeviceIdleHelper: pacakge removed: name=com.mhm.speaktowrite not in PowerSaveWhitelist
06-21 16:20:14.135  1576  1576 D OppoBrightUtils: CtsTest = false
06-21 16:20:14.154  1576  1621 W ActivityManager: Slow operation: 202ms so far, now at startProcess: done updating battery stats
06-21 16:20:14.155  1576  1621 W ActivityManager: Slow operation: 203ms so far, now at startProcess: building log message
06-21 16:20:14.155  1576  1621 I ActivityManager: Start proc 9604:com.android.keychain/u10s1000 for service {com.android.keychain/com.android.keychain.KeyChainService}
06-21 16:20:14.155  1576  1621 W ActivityManager: Slow operation: 203ms so far, now at startProcess: starting to update pids map
06-21 16:20:14.156  1576  1621 W ActivityManager: Slow operation: 204ms so far, now at startProcess: done updating pids map
06-21 16:20:14.160  1576  3325 V AlarmManager: set(PendingIntent{5de52e0: PendingIntentRecord{629b999 com.google.android.gms/com.google.android.gms.container startService}}) : type=3 when=315406674836whenElapsed315406674836maxWhen =551926674836 win=236520000000 interval=0 flags=0x8 pkg = com.google.android.gms
06-21 16:20:14.167  1576  3860 V ActivityManager: New death recipient com.android.server.am.ActivityManagerService$AppDeathRecipient@e07d86a for thread android.os.BinderProxy@943a15b
06-21 16:20:14.181  1576  1621 W ActivityManager: Slow operation: 62ms so far, now at startProcess: returned from zygote!
06-21 16:20:14.214  1576  1642 I ActivityManager: Force stopping com.mhm.speaktowrite appid=10420 user=10: pkg removed
