06-21 16:20:14.214  1576  1642 W ContextImpl: Calling a method in the system process without a qualified user: android.app.ContextImpl.sendBroadcast:1143 com.android.server.am.OppoExtraActivityManagerService.setKeyLockModeNormal:51 com.android.server.am.ActivityManagerService.forceStopPackageLocked:5390 com.android.server.am.ActivityManagerService.broadcastIntentLocked:17331 com.android.server.am.ActivityManagerService$LocalService.broadcastIntent:20747 
06-21 16:20:14.223  1576  1576 D OppoBaseLightsService: isCtsHardwareTestCases = false
06-21 16:20:14.311  2761  2853 W ContextImpl: Calling a method in the system process without a qualified user: android.app.ContextImpl.sendBroadcast:1158 android.content.ContextWrapper.sendBroadcast:483 com.coloros.notificationmanager.AppModificationReceiver.notifyAppModified:42 com.coloros.notificationmanager.NotificationBackend.processBroadcast:2304 com.coloros.notificationmanager.NotificationBackend.access$300:97 
06-21 16:20:14.451  1576  1621 W ActivityManager: Slow operation: 332ms so far, now at startProcess: done updating battery stats
06-21 16:20:14.451  1576  1621 W ActivityManager: Slow operation: 332ms so far, now at startProcess: building log message
06-21 16:20:14.451  1576  1621 I ActivityManager: Start proc 9622:com.android.keychain/1000 for service {com.android.keychain/com.android.keychain.KeyChainService}
06-21 16:20:14.451  1576  1621 W ActivityManager: Slow operation: 332ms so far, now at startProcess: starting to update pids map
06-21 16:20:14.451  1576  1621 W ActivityManager: Slow operation: 332ms so far, now at startProcess: done updating pids map
06-21 16:20:14.467  1576  3325 V ActivityManager: New death recipient com.android.server.am.ActivityManagerService$AppDeathRecipient@10047d2 for thread android.os.BinderProxy@16cc0a3
06-21 16:20:14.478  1576  2525 D CompatibilityChangeReporter: Compat change id reported: 136274596; UID 1000; state: ENABLED
06-21 16:20:14.479  1576  2919 V AlarmManager: set(PendingIntent{1a7a11b: PendingIntentRecord{d5802b8 com.google.android.gms/com.google.android.gms.container startService}}) : type=3 when=315406675154whenElapsed315406675154maxWhen =551926675154 win=236520000000 interval=0 flags=0x8 pkg = com.google.android.gms
06-21 16:20:14.486  1576  1910 W ContextImpl: Calling a method in the system process without a qualified user: android.app.ContextImpl.startService:1701 com.oplus.util.OplusStatisticsImpl.startService:216 com.oplus.util.OplusStatisticsImpl.sendDataToDCS:192 com.oplus.util.OplusStatisticsImpl.onCommonSync:84 com.oplus.util.OplusStatisticsImpl$1.run:124 
06-21 16:20:14.502  1576  1603 W Looper  : Slow dispatch took 291ms android.ui h=com.android.server.am.ActivityManagerService$UiHandler c=null m=53
06-21 16:20:14.503  1576  1603 W Looper  : Slow delivery took 229ms android.ui h=com.android.server.am.ActivityManagerService$UiHandler c=null m=31
06-21 16:20:14.505  1576  1910 W ActivityManager: Unable to start service Intent { cmp=com.nearme.statistics.rom/.service.ReceiverService (has extras) } U=0: not found
06-21 16:20:14.508  1576  1642 I ActivityManager: Force stopping com.mhm.speaktowrite appid=10420 user=0: pkg removed
06-21 16:20:14.508  1576  1642 W ContextImpl: Calling a method in the system process without a qualified user: android.app.ContextImpl.sendBroadcast:1143 com.android.server.am.OppoExtraActivityManagerService.setKeyLockModeNormal:51 com.android.server.am.ActivityManagerService.forceStopPackageLocked:5390 com.android.server.am.ActivityManagerService.broadcastIntentLocked:17331 com.android.server.am.ActivityManagerService$LocalService.broadcastIntent:20747 
06-21 16:20:14.536  1576  1910 W ContextImpl: Calling a method in the system process without a qualified user: android.app.ContextImpl.startService:1701 com.oplus.util.OplusStatisticsImpl.startService:216 com.oplus.util.OplusStatisticsImpl.sendDataToDCS:192 com.oplus.util.OplusStatisticsImpl.onCommonSync:84 com.oplus.util.OplusStatisticsImpl$1.run:124 
06-21 16:20:14.546  1576  1910 W ActivityManager: Unable to start service Intent { cmp=com.nearme.statistics.rom/.service.ReceiverService (has extras) } U=0: not found
06-21 16:20:14.547  1576  1910 W ContextImpl: Calling a method in the system process without a qualified user: android.app.ContextImpl.startService:1701 com.oplus.util.OplusStatisticsImpl.startService:216 com.oplus.util.OplusStatisticsImpl.sendDataToDCS:192 com.oplus.util.OplusStatisticsImpl.onCommonSync:84 com.oplus.util.OplusStatisticsImpl$1.run:124 
06-21 16:20:14.547  1576  1576 W Looper  : Slow dispatch took 323ms main h=com.android.server.job.JobSchedulerService$JobHandler c=null m=7
06-21 16:20:14.547  1576  1576 W Looper  : Slow delivery took 415ms main h=com.android.server.job.JobSchedulerService$JobHandler c=null m=4
06-21 16:20:14.555  1576  1603 W Looper  : Drained
06-21 16:20:14.556  1576  3860 V AlarmManager: set(PendingIntent{4ab98c9: PendingIntentRecord{a137bce com.google.android.gms/com.google.android.gms.container startService}}) : type=3 when=315406675210whenElapsed315406675210maxWhen =551926675210 win=236520000000 interval=0 flags=0x8 pkg = com.google.android.gms
06-21 16:20:14.557  1576  1910 W ActivityManager: Unable to start service Intent { cmp=com.nearme.statistics.rom/.service.ReceiverService (has extras) } U=0: not found
06-21 16:20:14.560  1576  1576 W Looper  : Drained
06-21 16:20:14.662  1576  1626 D CompatibilityChangeReporter: Compat change id reported: 135634846; UID 1010123; state: DISABLED
06-21 16:20:14.663  1576  1626 D CompatibilityChangeReporter: Compat change id reported: 135754954; UID 1010123; state: ENABLED
06-21 16:20:14.665  1576  1621 D CompatibilityChangeReporter: Compat change id reported: 143937733; UID 1010123; state: ENABLED
06-21 16:20:14.734  1576  1833 D ORMS_CORE: T(O)
06-21 16:20:14.735  1576  1833 D ORMS_CORE: Remove app timeout handle: 2647006578796716586scene/action: 1000/2  timeout_left:-476
06-21 16:20:14.735  1576  1833 D ORMS_CORE: FinalSceneAction null
06-21 16:20:14.742  1576  1833 D ORMS_CORE: TCpuL:-1 TGpuL:-1 TCtrlL:-1 TModeOn:0 IdleS:0 PowerMode:NORMAL_MODE BenchMark:0 HaveCtrlD:0
06-21 16:20:14.742  1576  1833 D ORMS_CORE: request mDecision:SAResult Info{ minCpuCore: -1 -1 ,  minCpuFreq: -1 -1 ,  maxCpuCore: -1 -1 ,  maxCpuFreq: -1 -1 ,  minGpuCore: -1 ,  minGpuFreq: -1 ,  maxGpuCore: -1 ,  maxGpuFreq: -1 , Lpm=-1, clkscale=-1, schedwinstats=-1, twinpolicy=-1, fgwinpolicy=-1, bgwinpolicy=-1, schedPreferSpread=-1, colocate=-1, slb=-1, fpsgo=-1, schedBoost=-1, ddrFreq=-1, migrate= migfrate: -1 -1 , hardLevel=false}
06-21 16:20:14.743  1576  1833 D ORMS_CORE: package fpsgo check : write force_onoff 1
06-21 16:20:14.754  1576  1621 W ActivityManager: Slow operation: 93ms so far, now at startProcess: done updating battery stats
06-21 16:20:14.754  1576  1621 W ActivityManager: Slow operation: 94ms so far, now at startProcess: building log message
06-21 16:20:14.754  1576  1621 I ActivityManager: Start proc 9674:com.oppo.quicksearchbox/u10a123 for broadcast {com.oppo.quicksearchbox/com.oppo.quicksearchbox.core.receiver.OppoPackageChangeReceiver}
06-21 16:20:14.754  1576  1621 W ActivityManager: Slow operation: 94ms so far, now at startProcess: starting to update pids map
06-21 16:20:14.755  1576  1621 W ActivityManager: Slow operation: 95ms so far, now at startProcess: done updating pids map
06-21 16:20:14.793  1576  1910 W ContextImpl: Calling a method in the system process without a qualified user: android.app.ContextImpl.startService:1701 com.oplus.util.OplusStatisticsImpl.startService:216 com.oplus.util.OplusStatisticsImpl.sendDataToDCS:192 com.oplus.util.OplusStatisticsImpl.onCommonSync:84 com.oplus.util.OplusStatisticsImpl$1.run:124 
06-21 16:20:14.812  1576  1591 V ActivityManager: New death recipient com.android.server.am.ActivityManagerService$AppDeathRecipient@60467bb for thread android.os.BinderProxy@d1d54d8
06-21 16:20:14.846  1576  1910 W ActivityManager: Unable to start service Intent { cmp=com.nearme.statistics.rom/.service.ReceiverService (has extras) } U=0: not found
06-21 16:20:14.864  1576  2333 D BatteryLed: getLightInColorState, oppoLightMgr empty!
06-21 16:20:14.872  1576  1626 W BroadcastQueue: Background execution not allowed: receiving Intent { act=android.intent.action.PACKAGE_REMOVED dat=package:com.mhm.speaktowrite flg=0x4000010 (has extras) } to com.android.vending/com.google.android.finsky.packagemonitor.impl.PackageMonitorReceiverImpl$RegisteredReceiver
06-21 16:20:14.874  1576  1603 W Looper  : Slow dispatch took 116ms android.ui h=com.android.server.am.ActivityManagerService$UiHandler c=null m=53
06-21 16:20:14.901  1576  1626 W BroadcastQueue: Background execution not allowed: receiving Intent { act=android.intent.action.PACKAGE_REMOVED dat=package:com.mhm.speaktowrite flg=0x4000010 (has extras) } to com.android.vending/com.google.android.finsky.packagemonitor.backgroundimpl.BackgroundPackageMonitorReceiverImpl$RegisteredReceiver
06-21 16:20:14.907  1576  1626 W BroadcastQueue: Background execution not allowed: receiving Intent { act=android.intent.action.PACKAGE_REMOVED dat=package:com.mhm.speaktowrite flg=0x4000010 (has extras) } to com.coloros.safecenter/.startupapp.StartupReceiver
06-21 16:20:14.907  1576  1626 W BroadcastQueue: Background execution not allowed: receiving Intent { act=android.intent.action.PACKAGE_REMOVED dat=package:com.mhm.speaktowrite flg=0x4000010 (has extras) } to com.google.android.gms/.chimera.GmsIntentOperationService$PersistentTrustedReceiver
06-21 16:20:14.907  1576  1626 W BroadcastQueue: Background execution not allowed: receiving Intent { act=android.intent.action.PACKAGE_REMOVED dat=package:com.mhm.speaktowrite flg=0x4000010 (has extras) } to app.revanced.android.gms/org.microg.gms.common.PersistentTrustedReceiver
06-21 16:20:14.953  1576  1626 W BroadcastQueue: Background execution not allowed: receiving Intent { act=android.intent.action.PACKAGE_ADDED dat=package:com.mhm.speaktowrite flg=0x4000010 (has extras) } to com.google.android.packageinstaller/com.android.packageinstaller.PackageInstalledReceiver
06-21 16:20:14.954  1576  1626 W BroadcastQueue: Background execution not allowed: receiving Intent { act=android.intent.action.PACKAGE_ADDED dat=package:com.mhm.speaktowrite flg=0x4000010 (has extras) } to com.android.vending/com.google.android.finsky.packagemonitor.impl.PackageMonitorReceiverImpl$RegisteredReceiver
06-21 16:20:14.954  1576  1626 W BroadcastQueue: Background execution not allowed: receiving Intent { act=android.intent.action.PACKAGE_ADDED dat=package:com.mhm.speaktowrite flg=0x4000010 (has extras) } to com.android.vending/com.google.android.finsky.packagemonitor.backgroundimpl.BackgroundPackageMonitorReceiverImpl$RegisteredReceiver
06-21 16:20:14.954  1576  1626 W BroadcastQueue: Background execution not allowed: receiving Intent { act=android.intent.action.PACKAGE_ADDED dat=package:com.mhm.speaktowrite flg=0x4000010 (has extras) } to com.coloros.safecenter/.startupapp.StartupReceiver
06-21 16:20:14.954  1576  1626 W BroadcastQueue: Background execution not allowed: receiving Intent { act=android.intent.action.PACKAGE_ADDED dat=package:com.mhm.speaktowrite flg=0x4000010 (has extras) } to com.google.android.gms/.gass.chimera.PackageChangeBroadcastReceiver
06-21 16:20:14.954  1576  1626 W BroadcastQueue: Background execution not allowed: receiving Intent { act=android.intent.action.PACKAGE_ADDED dat=package:com.mhm.speaktowrite flg=0x4000010 (has extras) } to com.google.android.gms/.chimera.GmsIntentOperationService$PersistentTrustedReceiver
06-21 16:20:14.955  1576  1626 W BroadcastQueue: Background execution not allowed: receiving Intent { act=android.intent.action.PACKAGE_ADDED dat=package:com.mhm.speaktowrite flg=0x4000010 (has extras) } to idm.internet.download.manager/com.appodeal.ads.AppodealPackageAddedReceiver
06-21 16:20:14.975  2761  2853 W ContextImpl: Calling a method in the system process without a qualified user: android.app.ContextImpl.sendBroadcast:1158 android.content.ContextWrapper.sendBroadcast:483 com.coloros.notificationmanager.AppModificationReceiver.notifyAppModified:42 com.coloros.notificationmanager.NotificationBackend.processBroadcast:2304 com.coloros.notificationmanager.NotificationBackend.access$300:97 
06-21 16:20:15.083  1576  1626 W BroadcastQueue: Background execution not allowed: receiving Intent { act=android.intent.action.PACKAGE_ADDED dat=package:com.mhm.speaktowrite flg=0x4000010 (has extras) } to com.google.android.packageinstaller/com.android.packageinstaller.PackageInstalledReceiver
06-21 16:20:15.084  1576  1626 W BroadcastQueue: Background execution not allowed: receiving Intent { act=android.intent.action.PACKAGE_ADDED dat=package:com.mhm.speaktowrite flg=0x4000010 (has extras) } to com.coloros.safecenter/.startupapp.StartupReceiver
06-21 16:20:15.085  1576  1626 W BroadcastQueue: Background execution not allowed: receiving Intent { act=android.intent.action.PACKAGE_ADDED dat=package:com.mhm.speaktowrite flg=0x4000010 (has extras) } to com.daemon.shelper/.wc.MonoitoringRecevier
06-21 16:20:15.086  1576  1626 W BroadcastQueue: Background execution not allowed: receiving Intent { act=android.intent.action.PACKAGE_ADDED dat=package:com.mhm.speaktowrite flg=0x4000010 (has extras) } to com.facebook.appmanager/com.facebook.oxygen.common.packages.event.manifest.ManifestPackageEventReceiver
06-21 16:20:15.086  1576  1626 W BroadcastQueue: Background execution not allowed: receiving Intent { act=android.intent.action.PACKAGE_ADDED dat=package:com.mhm.speaktowrite flg=0x4000010 (has extras) } to com.google.android.gms/.gass.chimera.PackageChangeBroadcastReceiver
06-21 16:20:15.086  1576  1626 W BroadcastQueue: Background execution not allowed: receiving Intent { act=android.intent.action.PACKAGE_ADDED dat=package:com.mhm.speaktowrite flg=0x4000010 (has extras) } to com.google.android.gms/.chimera.GmsIntentOperationService$PersistentTrustedReceiver
06-21 16:20:15.087  1576  1626 W BroadcastQueue: Background execution not allowed: receiving Intent { act=android.intent.action.PACKAGE_ADDED dat=package:com.mhm.speaktowrite flg=0x4000010 (has extras) } to com.oppo.quicksearchbox/.core.receiver.AndroidPackageChangeReceiver
06-21 16:20:15.091 21405 21405 W ContextImpl: Calling a method in the system process without a qualified user: android.app.ContextImpl.startService:1701 android.content.ContextWrapper.startService:730 android.content.ContextWrapper.startService:730 com.coloros.securitypermission.permission.OppoPermissionReceiver.a:669 com.coloros.securitypermission.permission.OppoPermissionReceiver.onReceive:272 
06-21 16:20:15.110 21405 21405 W ContextImpl: Calling a method in the system process without a qualified user: android.app.ContextImpl.startService:1701 android.content.ContextWrapper.startService:730 android.content.ContextWrapper.startService:730 com.coloros.securitypermission.permission.OppoPermissionReceiver.a:669 com.coloros.securitypermission.permission.OppoPermissionReceiver.onReceive:276 
06-21 16:20:15.144  1576  1626 D CompatibilityChangeReporter: Compat change id reported: 135634846; UID 1001000; state: DISABLED
06-21 16:20:15.144  1576  1626 D CompatibilityChangeReporter: Compat change id reported: 135754954; UID 1001000; state: ENABLED
06-21 16:20:15.275  1576  1621 W ActivityManager: Slow operation: 132ms so far, now at startProcess: returned from zygote!
06-21 16:20:15.285  1576  1621 W ActivityManager: Slow operation: 141ms so far, now at startProcess: done updating battery stats
06-21 16:20:15.285  1576  1621 W ActivityManager: Slow operation: 142ms so far, now at startProcess: building log message
06-21 16:20:15.285  1576  1621 I ActivityManager: Start proc 9720:com.daemon.shelper/u10s1000 for broadcast {com.daemon.shelper/com.daemon.shelper.wc.MonoitoringRecevier}
06-21 16:20:15.285  1576  1621 W ActivityManager: Slow operation: 142ms so far, now at startProcess: starting to update pids map
06-21 16:20:15.286  1576  1621 W ActivityManager: Slow operation: 143ms so far, now at startProcess: done updating pids map
06-21 16:20:15.298  1576  1675 I SecurityPermissionService: updateCachedPermission pkgName:com.mhm.speaktowrite, userId:0, delete:false
06-21 16:20:15.418  1576  2919 I SecurityPermissionService: updateCachedPermission pkgName:com.mhm.speaktowrite, userId:10, delete:false
06-21 16:20:15.487  1576  2055 I ActivityManager: Killing 8631:sia.netttsengine.ttslexx/u0a295 (adj 985): empty #17
06-21 16:20:15.501  2761  2761 W ContextImpl: Calling a method in the system process without a qualified user: android.app.ContextImpl.startService:1701 android.content.ContextWrapper.startService:730 android.content.ContextWrapper.startService:730 com.coloros.safecenter.appfrozen.receiver.AppFrozenReceiver.onReceive:236 android.app.ActivityThread.handleReceiver:4365 
06-21 16:20:15.543  1576  3641 V ActivityManager: New death recipient com.android.server.am.ActivityManagerService$AppDeathRecipient@c083707 for thread android.os.BinderProxy@6adc034
06-21 16:20:15.574  1576  3641 V AlarmManager: set(PendingIntent{43e0c23: PendingIntentRecord{d165e7a com.google.android.gms/com.google.android.gms.scheduler broadcastIntent}}) : type=3 when=46686068whenElapsed46686068maxWhen =46686068 win=0 interval=0 flags=0x0 pkg = com.google.android.gms
06-21 16:20:15.576  1576  2556 D DisplayManagerService: Display listener for pid 8631 died.
06-21 16:20:15.577  1576  2918 V ActivityManager: Death received in com.android.server.am.ActivityManagerService$AppDeathRecipient@51afce8 for thread android.os.BinderProxy@8fc8f01
06-21 16:20:15.583  1576  2524 D CompatibilityChangeReporter: Compat change id reported: 135634846; UID 1010132; state: DISABLED
06-21 16:20:15.584  1576  2524 D CompatibilityChangeReporter: Compat change id reported: 135754954; UID 1010132; state: ENABLED
06-21 16:20:15.584  1576  1621 D CompatibilityChangeReporter: Compat change id reported: 143937733; UID 1010132; state: ENABLED
06-21 16:20:15.587  2761  2853 W ContextImpl: Calling a method in the system process without a qualified user: android.app.ContextImpl.sendBroadcast:1158 android.content.ContextWrapper.sendBroadcast:483 com.coloros.notificationmanager.AppModificationReceiver.notifyAppModified:42 com.coloros.notificationmanager.NotificationBackend.processBroadcast:2304 com.coloros.notificationmanager.NotificationBackend.access$300:97 
06-21 16:20:15.601  1576  2918 W ActivityManager: Scheduling restart of crashed service sia.netttsengine.ttslexx/.Main in 1500ms for connection
06-21 16:20:15.613  1576  1576 W Looper  : Slow dispatch took 1012ms main h=android.app.ActivityThread$H c=android.app.-$$Lambda$LoadedApk$ReceiverDispatcher$Args$_BumDX2UKsnxLVrE6UJsJZkotuA@e9b7310 m=0
06-21 16:20:15.613  1576  1576 W Looper  : Slow delivery took 1012ms main h=android.app.ActivityThread$H c=android.app.-$$Lambda$LoadedApk$ReceiverDispatcher$Args$_BumDX2UKsnxLVrE6UJsJZkotuA@4f5e80e m=0
06-21 16:20:15.614  1576  1576 D OppoBrightUtils: CtsTest = false
06-21 16:20:15.649  1576  1626 W BroadcastQueue: Background execution not allowed: receiving Intent { act=android.intent.action.PACKAGE_REPLACED dat=package:com.mhm.speaktowrite flg=0x4000010 (has extras) } to com.coloros.safecenter/.startupapp.StartupReceiver
06-21 16:20:15.650  1576  1626 W BroadcastQueue: Background execution not allowed: receiving Intent { act=android.intent.action.PACKAGE_REPLACED dat=package:com.mhm.speaktowrite flg=0x4000010 (has extras) } to com.coloros.securitypermission/.permission.PermissionReceiver
06-21 16:20:15.650  1576  1626 W BroadcastQueue: Background execution not allowed: receiving Intent { act=android.intent.action.PACKAGE_REPLACED dat=package:com.mhm.speaktowrite flg=0x4000010 (has extras) } to com.google.android.gms/.gass.chimera.PackageChangeBroadcastReceiver
06-21 16:20:15.650  1576  1626 W BroadcastQueue: Background execution not allowed: receiving Intent { act=android.intent.action.PACKAGE_REPLACED dat=package:com.mhm.speaktowrite flg=0x4000010 (has extras) } to com.google.android.gms/.chimera.GmsIntentOperationService$PersistentTrustedReceiver
06-21 16:20:15.650  1576  1626 W BroadcastQueue: Background execution not allowed: receiving Intent { act=android.intent.action.PACKAGE_REPLACED dat=package:com.mhm.speaktowrite flg=0x4000010 (has extras) } to com.heytap.themestore/com.nearme.themespace.receiver.ThemeBizReceiver
06-21 16:20:15.650  1576  1626 W BroadcastQueue: Background execution not allowed: receiving Intent { act=android.intent.action.PACKAGE_REPLACED dat=package:com.mhm.speaktowrite flg=0x4000010 (has extras) } to com.coloros.safecenter/.startupapp.StartupReceiver
06-21 16:20:15.651  1576  1626 W BroadcastQueue: Background execution not allowed: receiving Intent { act=android.intent.action.PACKAGE_REPLACED dat=package:com.mhm.speaktowrite flg=0x4000010 (has extras) } to com.coloros.securitypermission/.permission.PermissionReceiver
06-21 16:20:15.651  1576  1626 W BroadcastQueue: Background execution not allowed: receiving Intent { act=android.intent.action.PACKAGE_REPLACED dat=package:com.mhm.speaktowrite flg=0x4000010 (has extras) } to com.facebook.appmanager/com.facebook.oxygen.common.packages.event.manifest.ManifestPackageEventReceiver
06-21 16:20:15.651  1576  1626 W BroadcastQueue: Background execution not allowed: receiving Intent { act=android.intent.action.PACKAGE_REPLACED dat=package:com.mhm.speaktowrite flg=0x4000010 (has extras) } to com.google.android.gms/.gass.chimera.PackageChangeBroadcastReceiver
06-21 16:20:15.662  1576  1626 W BroadcastQueue: Background execution not allowed: receiving Intent { act=android.intent.action.PACKAGE_REPLACED dat=package:com.mhm.speaktowrite flg=0x4000010 (has extras) } to com.google.android.gms/.chimera.GmsIntentOperationService$PersistentTrustedReceiver
06-21 16:20:15.666  1576  1626 W BroadcastQueue: Background execution not allowed: receiving Intent { act=android.intent.action.PACKAGE_REPLACED dat=package:com.mhm.speaktowrite flg=0x4000010 (has extras) } to com.oppo.quicksearchbox/.core.receiver.AndroidPackageChangeReceiver
06-21 16:20:15.692  1576  1621 W ActivityManager: Slow operation: 112ms so far, now at startProcess: returned from zygote!
06-21 16:20:15.744  1576  1621 W ActivityManager: Slow operation: 165ms so far, now at startProcess: done updating battery stats
06-21 16:20:15.744  1576  1621 W ActivityManager: Slow operation: 165ms so far, now at startProcess: building log message
06-21 16:20:15.744  1576  1621 I ActivityManager: Start proc 9762:com.google.process.gservices/u10a132 for content provider {com.google.android.gsf/com.google.android.gsf.gservices.GservicesProvider}
06-21 16:20:15.744  1576  1621 W ActivityManager: Slow operation: 165ms so far, now at startProcess: starting to update pids map
06-21 16:20:15.745  1576  1621 W ActivityManager: Slow operation: 165ms so far, now at startProcess: done updating pids map
06-21 16:20:15.796  1576  3797 V ActivityManager: New death recipient com.android.server.am.ActivityManagerService$AppDeathRecipient@fbfeb8f for thread android.os.BinderProxy@e170e1c
06-21 16:20:15.815  1576  1614 D CompatibilityChangeReporter: Compat change id reported: 135634846; UID 10420; state: DISABLED
06-21 16:20:15.816  1576  1614 D CompatibilityChangeReporter: Compat change id reported: 135754954; UID 10420; state: ENABLED
06-21 16:20:15.816  1576  1621 D CompatibilityChangeReporter: Compat change id reported: 143937733; UID 10420; state: ENABLED
06-21 16:20:15.875  1576  1621 W ActivityManager: Slow operation: 61ms so far, now at startProcess: returned from zygote!
06-21 16:20:15.875  1576  1621 W ActivityManager: Slow operation: 61ms so far, now at startProcess: done updating battery stats
06-21 16:20:15.876  1576  1621 W ActivityManager: Slow operation: 61ms so far, now at startProcess: building log message
06-21 16:20:15.876  1576  1621 I ActivityManager: Start proc 9790:com.mhm.speaktowrite/u0a420 for service {com.mhm.speaktowrite/com.mhm.speaktowrite.SpeakToWriteAccessibilityService}
06-21 16:20:15.876  1576  1621 W ActivityManager: Slow operation: 61ms so far, now at startProcess: starting to update pids map
06-21 16:20:15.876  1576  1621 W ActivityManager: Slow operation: 62ms so far, now at startProcess: done updating pids map
06-21 16:20:16.061  1576  2056 V ActivityManager: New death recipient com.android.server.am.ActivityManagerService$AppDeathRecipient@4cbe755 for thread android.os.BinderProxy@c0b956a
06-21 16:20:16.172  1576  1576 W Looper  : Slow dispatch took 548ms main h=android.app.ActivityThread$H c=android.app.-$$Lambda$LoadedApk$ReceiverDispatcher$Args$_BumDX2UKsnxLVrE6UJsJZkotuA@3f6220f m=0
06-21 16:20:16.181  1576  1576 D OppoBaseLightsService: isCtsHardwareTestCases = false
06-21 16:20:16.229  1576  2056 V ActivityManager: Death received in com.android.server.am.ActivityManagerService$AppDeathRecipient@e9092d for thread android.os.BinderProxy@9d2ce62
06-21 16:20:16.230  1576  2056 I ActivityManager: Process com.google.android.dialer (pid 8595) has died: cch+75 CEM 
06-21 16:20:16.230  1576  3797 D DisplayManagerService: Display listener for pid 8595 died.
06-21 16:20:16.235  1576  1576 V BackupManagerConstants: getFullBackupIntervalMilliseconds(...) returns 86400000
06-21 16:20:16.235  1576  1576 V BackupManagerConstants: getFullBackupRequiredNetworkType(...) returns 2
06-21 16:20:16.235  1576  1576 V BackupManagerConstants: getFullBackupRequireCharging(...) returns true
06-21 16:20:16.242  1576  2056 W ContextImpl: Calling a method in the system process without a qualified user: android.app.ContextImpl.sendBroadcast:1143 com.android.server.am.OppoExtraActivityManagerService.setKeyLockModeNormal:51 com.android.server.am.ActivityManagerService.appDiedLocked:4323 com.android.server.am.ActivityManagerService$AppDeathRecipient.binderDied:1777 android.os.IBinder$DeathRecipient.binderDied:305 
06-21 16:20:16.296  1576  1576 W Looper  : Slow dispatch took 114ms main h=android.app.ActivityThread$H c=android.app.-$$Lambda$LoadedApk$ReceiverDispatcher$Args$_BumDX2UKsnxLVrE6UJsJZkotuA@8b6a43d m=0
06-21 16:20:16.424  1576  3797 V AlarmManager: set(null) : type=3 when=46690353whenElapsed46690353maxWhen =46700292 win=9939 interval=0 flags=0x0 pkg = android
06-21 16:20:16.455  1576  1576 W Looper  : Slow dispatch took 159ms main h=com.android.server.job.JobSchedulerService$JobHandler c=null m=0
06-21 16:20:16.476  1576  3801 D ColorDefaultAppPolicyManager: check , currentMode = false
06-21 16:20:16.479  1576  1602 D CompatibilityChangeReporter: Compat change id reported: 135634846; UID 1010221; state: DISABLED
06-21 16:20:16.479  1576  1602 D CompatibilityChangeReporter: Compat change id reported: 135754954; UID 1010221; state: DISABLED
06-21 16:20:16.479  1576  1621 D CompatibilityChangeReporter: Compat change id reported: 143937733; UID 1010221; state: DISABLED
06-21 16:20:16.622  1576  1621 W ActivityManager: Slow operation: 144ms so far, now at startProcess: returned from zygote!
06-21 16:20:16.640  1576  1576 W Looper  : Slow dispatch took 170ms main h=android.app.ActivityThread$H c=android.app.-$$Lambda$LoadedApk$ReceiverDispatcher$Args$_BumDX2UKsnxLVrE6UJsJZkotuA@7dbe31a m=0
06-21 16:20:16.642  1576  1576 D OppoBaseBatteryService: send broadcast : oppo.intent.action.BATTERY_DATA_UPDATE
06-21 16:20:16.651  1576  1621 W ActivityManager: Slow operation: 173ms so far, now at startProcess: done updating battery stats
06-21 16:20:16.652  1576  1621 W ActivityManager: Slow operation: 174ms so far, now at startProcess: building log message
06-21 16:20:16.652  1576  1621 I ActivityManager: Start proc 9826:com.google.android.permissioncontroller/u10a221 for service {com.google.android.permissioncontroller/com.android.permissioncontroller.permission.service.PermissionControllerServiceImpl}
06-21 16:20:16.652  1576  1621 W ActivityManager: Slow operation: 174ms so far, now at startProcess: starting to update pids map
06-21 16:20:16.653  1576  1621 W ActivityManager: Slow operation: 174ms so far, now at startProcess: done updating pids map
06-21 16:20:16.660  1576  1576 W ContextImpl: Calling a method in the system process without a qualified user: android.app.ContextImpl.sendBroadcast:1158 com.android.server.OppoBaseBatteryService$2.run:280 android.os.Handler.handleCallback:938 android.os.Handler.dispatchMessage:99 android.os.Looper.loop:255 
06-21 16:20:16.703  1576  3801 V ActivityManager: New death recipient com.android.server.am.ActivityManagerService$AppDeathRecipient@43e0162 for thread android.os.BinderProxy@69ea2f3
06-21 16:20:16.869  1576  1576 W Looper  : Drained
06-21 16:20:16.972  1576  3133 E TaskPersister: File error accessing recents directory (directory doesn't exist?).
06-21 16:20:17.165  1576  2055 D ColorDefaultAppPolicyManager: check , currentMode = false
06-21 16:20:17.302  1576  2919 V ActivityManager: Death received in com.android.server.am.ActivityManagerService$AppDeathRecipient@88b12fd for thread android.os.BinderProxy@fae5bf2
06-21 16:20:17.303  1576  2524 D MtkConnectivityService: ConnectivityService NetworkRequestInfo binderDied(NetworkRequest [ TRACK_DEFAULT id=2564, [ Capabilities: INTERNET&NOT_RESTRICTED&TRUSTED Uid: 10268 AdministratorUids: [] RequestorUid: 10268 RequestorPackageName: ch.protonvpn.android] ], android.os.BinderProxy@209d2f4)
06-21 16:20:17.303  1576  2056 D DisplayManagerService: Display listener for pid 8722 died.
06-21 16:20:17.303  1576  1591 D MtkConnectivityService: ConnectivityService NetworkRequestInfo binderDied(NetworkRequest [ TRACK_DEFAULT id=2565, [ Capabilities: INTERNET&NOT_RESTRICTED&TRUSTED Uid: 10268 AdministratorUids: [] RequestorUid: 10268 RequestorPackageName: ch.protonvpn.android] ], android.os.BinderProxy@9326492)
06-21 16:20:17.303  1576  2919 I ActivityManager: Process ch.protonvpn.android (pid 8722) has died: cch+75 CEM 
06-21 16:20:17.303  1576  2919 W ContextImpl: Calling a method in the system process without a qualified user: android.app.ContextImpl.sendBroadcast:1143 com.android.server.am.OppoExtraActivityManagerService.setKeyLockModeNormal:51 com.android.server.am.ActivityManagerService.appDiedLocked:4323 com.android.server.am.ActivityManagerService$AppDeathRecipient.binderDied:1777 android.os.IBinder$DeathRecipient.binderDied:305 
06-21 16:20:17.303  1576  3797 D MtkConnectivityService: ConnectivityService NetworkRequestInfo binderDied(NetworkRequest [ TRACK_DEFAULT id=2566, [ Capabilities: INTERNET&NOT_RESTRICTED&TRUSTED Uid: 10268 AdministratorUids: [] RequestorUid: 10268 RequestorPackageName: ch.protonvpn.android] ], android.os.BinderProxy@57e63)
06-21 16:20:17.304  1576  1675 D MtkConnectivityService: ConnectivityService NetworkRequestInfo binderDied(NetworkRequest [ TRACK_DEFAULT id=2563, [ Capabilities: INTERNET&NOT_RESTRICTED&TRUSTED Uid: 10268 AdministratorUids: [] RequestorUid: 10268 RequestorPackageName: ch.protonvpn.android] ], android.os.BinderProxy@92d5a1d)
06-21 16:20:17.664  1576  1621 W ActivityManager: Slow operation: 148ms so far, now at startProcess: returned from zygote!
06-21 16:20:17.664  1576  1621 W ActivityManager: Slow operation: 148ms so far, now at startProcess: done updating battery stats
06-21 16:20:17.665  1576  1621 W ActivityManager: Slow operation: 148ms so far, now at startProcess: building log message
06-21 16:20:17.665  1576  1621 I ActivityManager: Start proc 9867:android.process.acore/u10a65 for content provider {com.android.providers.contacts/com.android.providers.contacts.ContactsProvider2}
06-21 16:20:17.665  1576  1621 W ActivityManager: Slow operation: 149ms so far, now at startProcess: starting to update pids map
06-21 16:20:17.665  1576  1621 W ActivityManager: Slow operation: 149ms so far, now at startProcess: done updating pids map
06-21 16:20:18.369  1576  2919 I ActivityManager: Process com.nearme.romupdate (pid 8985) has died: cch+65 CEM 
06-21 16:20:18.370  1576  2919 W ContextImpl: Calling a method in the system process without a qualified user: android.app.ContextImpl.sendBroadcast:1143 com.android.server.am.OppoExtraActivityManagerService.setKeyLockModeNormal:51 com.android.server.am.ActivityManagerService.appDiedLocked:4323 com.android.server.am.ActivityManagerService$AppDeathRecipient.binderDied:1777 android.os.IBinder$DeathRecipient.binderDied:305 
06-21 16:20:18.388  1576  1717 W ContextImpl: Calling a method in the system process without a qualified user: android.app.ContextImpl.sendBroadcast:1158 com.android.server.ColorAlarmManagerHelper$WorkerHandler.handleMessage:1587 android.os.Handler.dispatchMessage:106 android.os.Looper.loop:255 android.os.HandlerThread.run:67 
06-21 16:20:18.686  1576  1676 I ColorAppSwitchManagerService: appswitch registerAppSwitchObserver pName = com@@coloros@@gamespace observer = com.oplus.app.IOplusAppSwitchObserver$Stub$Proxy@72a3149 config = OplusAppSwitchConfig = {  mConfigs = {2=[TOM@@google@@android@@apps@@wellbeing, TOM@@android@@storagemanager, TOM@@android@@printspooler, TOM@@mediatek@@frameworkresoverlay, android@@frameworkres@@overlay, TOM@@CO@@healthcheck, TOM@@google@@ar@@core, TOM@@android@@pacprocessor, TOM@@mediatek@@capctrl@@service, TOM@@google@@android@@apps@@restore, TOM@@android@@wallpaper@@livepicker, TOM@@google@@android@@overlay@@modules@@permissioncontroller@@forframework, TOM@@google@@android@@cellbroadcastservice, TOM@@android@@providers@@telephony, TOM@@google@@android@@partnersetup, TOM@@android@@internal@@display@@cutout@@emulation@@waterfall, TOM@@google@@android@@tts, TOM@@OP@@quicksearchbox, TOM@@mediatek@@voiceTOMmand, TOM@@mediatek@@systemuiresoverlay, TOM@@android@@wifi@@resources@@overlay@@oplus, TOM@@oplus@@onetrace, TOM@@google@@android@@ext@@shared, TOM@@android@@cts@@ctsshim, TOM@@google@@android@@networkstack@@permissionconfig, TOM@@OP@@OPpowermonitor, TOM@@android@@mtp, TOM@@color@@uiengine, TOM@@google@@android@@connectivity@@resources, TOM@@CO@@securepay, TOM@@android@@nfc, TOM@@OP@@atlas, TOM@@android@@email@@partnerprovider, TOM@@android@@bookmarkprovider, TOM@@CO@@oshare, TOM@@google@@android@@overlay@@gms, TOM@@google@@android@@ims, TOM@@android@@systemui@@overlay@@fingerprint@@anim@@lgsy, TOM@@OP@@engineermode@@camera, TOM@@android@@carrierdefaultapp, TOM@@google@@mainline@@telemetry, TOM@@CO@@bootreg, TOM@@google@@android@@overlay@@gmsconfig@@TOMms, TOM@@CO@@screenshot, TOM@@android@@location@@fused, TOM@@CO@@weather@@service, TOM@@heytap@@appplatform, TOM@@android@@localtransport, TOM@@CO@@gamespace, TOM@@android@@theme@@icon@@squircle, TOM@@CO@@eyeprotect, TOM@@android@@TOMpaniondevicemanager, TOM@@oplus@@customize@@coreapp, TOM@@google@@android@@networkstack@@tethering, TOM@@mediatek@@smartratswitch@@service, TOM@@facebook@@system, TOM@@android@@theme@@icon_pack@@rounded@@themepicker, TOM@@google@@android@@overlay@@modules@@documentsui, TOM@@realme@@movieshot, TOM@@CO@@childrenspace, TOM@@OP@@operationManual, TOM@@google@@android@@overlay@@gmsconfig@@gsa, TOM@@CO@@OPmultiapp, TOM@@mediatek@@lbs@@em2@@ui, TOM@@android@@theme@@icon_pack@@rounded@@launcher, TOM@@android@@shell, android@@autoinstalls@@config@@OP, TOM@@android@@providers@@userdictionary, TOM@@google@@android@@gms@@location@@history, TOM@@google@@android@@feedback, TOM@@android@@theme@@icon_pack@@rounded@@systemui, TOM@@OP@@ota, TOM@@android@@settings@@intelligence, TOM@@mediatek@@location@@lppe@@main, TOM@@heytap@@openid, TOM@@CO@@safecenter, TOM@@android@@theme@@icon_pack@@filled@@android, TOM@@android@@theme@@icon_pack@@filled@@launcher, TOM@@android@@bluetoothmidiservice, TOM@@google@@android@@cellbroadcastservice@@overlay, TOM@@mhm@@speaktowrite, TOM@@android@@carrierconfig, TOM@@google@@android@@webview, TOM@@CO@@exsystemservice, TOM@@android@@theme@@icon_pack@@circular@@systemui, TOM@@fido@@uafclient, TOM@@google@@android@@printservice@@reTOMmendation, TOM@@android@@theme@@icon@@pebble, TOM@@mediatek@@engineermode, TOM@@CO@@uxdesign, TOM@@android@@externalstorage, TOM@@CO@@wallpapers, TOM@@android@@keychain, TOM@@OP@@lfeh, TOM@@CO@@ocs@@opencapabilityservice, TOM@@mediatek@@batterywarning, TOM@@android@@managedprovisioning, TOM@@android@@soundpicker, TOM@@android@@vendors@@bridge@@softsim, android, TOM@@google@@android@@gms, TOM@@CO@@screenrecorder, TOM@@google@@android@@cellbroadcastreceiver@@overlay, TOM@@CO@@lockassistant, TOM@@OPex@@afterservice, TOM@@debug@@loggerui, TOM@@oplus@@postmanservice, TOM@@google@@android@@marvin@@talkback, TOM@@OP@@qualityprotect, TOM@@heytap@@cast, TOM@@android@@theme@@color@@green, TOM@@android@@se, oplus, TOM@@android@@proxyhandler, TOM@@android@@simappdialog, TOM@@android@@systemui@@overlay@@fingerprint@@anim@@jslz, TOM@@android@@systemui@@overlay@@fingerprint@@anim@@tyjw, TOM@@mediatek@@gba, TOM@@google
06-21 16:20:18.688  1576  1676 I ColorAppSwitchStateDispatcher: registerAppSwitchObserver addDynamicListener OK, info = ColorAppSwitchRuleInfo = {  observer = com.oplus.app.IOplusAppSwitchObserver$Stub$Proxy@72a3149 observerFingerPrint = 202725553} rule size =1
06-21 16:20:18.691  1576  1676 I ColorAppSwitchManagerService: appswitch unregisterAppSwitchObserver pkgName = com.coloros.gamespace config = OplusAppSwitchConfig = {  mConfigs = {} observerFingerPrint = 216312180}
06-21 16:20:18.691  1576  1676 I ColorAppSwitchStateDispatcher: unregisterAppSwitchObserver ok, pkgName = com.coloros.gamespace info = ColorAppSwitchRuleInfo = {  observer = null observerFingerPrint = 216312180}
06-21 16:20:20.623  1576  1576 W Looper  : Slow dispatch took 144ms main h=com.android.server.job.JobSchedulerService$JobHandler c=null m=1
06-21 16:20:23.211  1576  1675 I ActivityManager: Force stopping com.mhm.speaktowrite appid=10420 user=0: from pid 9953
06-21 16:20:23.227  1576  1675 W ContextImpl: Calling a method in the system process without a qualified user: android.app.ContextImpl.sendBroadcast:1143 com.android.server.am.OppoExtraActivityManagerService.setKeyLockModeNormal:51 com.android.server.am.ActivityManagerService.forceStopPackageLocked:5390 com.android.server.am.ActivityManagerService.forceStopPackageLocked:5230 com.android.server.am.ActivityManagerService.forceStopPackage:4979 
06-21 16:20:23.231  1576  1675 I ActivityManager: Killing 9790:com.mhm.speaktowrite/u0a420 (adj 100): stop com.mhm.speaktowrite due to from pid 9953
06-21 16:20:23.258  1576  1576 W WindowManager: removeWindowToken: Attempted to remove non-existing token: android.os.Binder@63302fe
06-21 16:20:23.284  1576  1675 I ActivityManager: Force stopping com.mhm.speaktowrite appid=10420 user=10: from pid 9953
06-21 16:20:23.284  1576  1675 W ContextImpl: Calling a method in the system process without a qualified user: android.app.ContextImpl.sendBroadcast:1143 com.android.server.am.OppoExtraActivityManagerService.setKeyLockModeNormal:51 com.android.server.am.ActivityManagerService.forceStopPackageLocked:5390 com.android.server.am.ActivityManagerService.forceStopPackageLocked:5230 com.android.server.am.ActivityManagerService.forceStopPackage:4979 
06-21 16:20:23.393  1576  2055 I ActivityTaskManager: START u0 {flg=0x10000000 cmp=com.mhm.speaktowrite/.MainActivity mCallingUid=2000} from uid 2000 and from pid 9958
06-21 16:20:23.432  1576  2055 E ColorZoomWindowManagerService: onConfigurationChanged rotation not changed - prevRotation: 0
06-21 16:20:23.435  1576  2055 E ColorZoomWindowManagerService: onConfigurationChanged rotation not changed - prevRotation: 0
06-21 16:20:23.451  1576  3639 W WindowManager: Cannot find window which accessibility connection is added to
06-21 16:20:23.460  1576  1605 W ActivityManager: setHasOverlayUi called on unknown pid: 9790
06-21 16:20:23.472  1576  1621 I ActivityManager: Start proc 9962:com.mhm.speaktowrite/u0a420 for pre-top-activity {com.mhm.speaktowrite/com.mhm.speaktowrite.MainActivity}
06-21 16:20:23.510  1576  1621 W ActivityManager: Slow operation: 52ms so far, now at startProcess: done updating pids map
06-21 16:20:23.533  1576  1606 W WindowManager: Changing focus fromWindow{d0734ca u0 com.android.settings/com.android.settings.SubSettings} to null displayId=0 Callers=com.android.server.wm.RootWindowContainer.updateFocusedWindowLocked:497 com.android.server.wm.WindowManagerService.updateFocusedWindowLocked:6036 com.android.server.wm.WindowManagerService.relayoutWindow:2682 com.android.server.wm.Session.relayout:229 
06-21 16:20:23.556  1576  3330 I ColorAppSwitchManagerService: appswitch hasProcess ActivityRecord{c5ea4d5 u0 com.mhm.speaktowrite/.MainActivity t2009}
06-21 16:20:23.562  1576  3330 I ColorAppSwitchManagerService: appswitch hasProcess ActivityRecord{c5ea4d5 u0 com.mhm.speaktowrite/.MainActivity t2009}
06-21 16:20:23.846  1576  1606 I OplusMirageDisplayManagerService: onAnimationFinished:
06-21 16:20:23.847  1576  1606 I ColorAppSwitchManagerService:  handleAppVisible , r = ActivityRecord{c5ea4d5 u0 com.mhm.speaktowrite/.MainActivity t2009}
06-21 16:20:23.847  1576  1606 I OplusMirageDisplayManagerService: onAnimationFinished:
06-21 16:20:24.113  1576  1576 W NotificationHistory: Attempted to add notif for locked/gone/disabled user 0
06-21 16:20:24.233  1576  3319 W ActivityManager: Unable to start service Intent { cmp=com.nearme.statistics.rom/.service.ReceiverService (has extras) } U=0: not found
06-21 16:20:25.565  1576  2483 I ColorGameSpaceManager: in handleApplicationSwitchInner ---- gamemode = 0 ----mModeStatus = 0
06-21 16:20:27.178  1576  3319 I WindowManager: Relayout Window{f7a49e3 u0 com.mhm.speaktowrite/com.mhm.speaktowrite.MainActivity}: oldVis=4 newVis=0 focusMayChange = true
06-21 16:20:27.182  1576  3319 W WindowManager: Changing focus fromnull to Window{f7a49e3 u0 com.mhm.speaktowrite/com.mhm.speaktowrite.MainActivity} displayId=0 Callers=com.android.server.wm.RootWindowContainer.updateFocusedWindowLocked:497 com.android.server.wm.WindowManagerService.updateFocusedWindowLocked:6036 com.android.server.wm.WindowManagerService.relayoutWindow:2682 com.android.server.wm.Session.relayout:229 
06-21 16:20:27.463  1576  3133 E TaskPersister: File error accessing recents directory (directory doesn't exist?).
06-21 16:20:30.634  1576  1800 W DnsManager: updatePrivateDns(105, PrivateDnsConfig{true:dns.adguard-dns.com/[/2a10:50c0::ad1:ff, /2a10:50c0::ad2:ff, /94.140.14.14, /94.140.15.15]})
06-21 16:20:30.658  1576  1576 W Looper  : Slow dispatch took 133ms main h=com.android.server.job.JobSchedulerService$JobHandler c=null m=1
06-21 16:20:31.860  1576  3319 I ActivityTaskManager: START u0 {act=android.settings.ACCESSIBILITY_SETTINGS cmp=com.android.settings/.Settings$AccessibilitySettingsActivity mCallingUid=10420} from uid 10420 and from pid 9962
06-21 16:20:31.861  1576  3319 I ColorZoomWindowRUSConfigManager: target pkg is unsupport zoom window mode
06-21 16:20:31.861  1576  3319 I ColorZoomWindowDebugConfig: disableDebugLifeCycle before: DEBUG_LIFE_CYCLE = false
06-21 16:20:31.861  1576  3319 I ColorZoomWindowDebugConfig: disableDebugLifeCycle after: DEBUG_LIFE_CYCLE = false
06-21 16:20:31.862  1576  3319 W ColorAccessControlManagerService: notifyZoomWindowExit: stack=Task{7b2d7a7 #2009 visible=true type=standard mode=fullscreen translucent=false A=10420:com.mhm.speaktowrite U=0 StackId=2009 sz=1}  windowMode=1  topActivity=ActivityRecord{c5ea4d5 u0 com.mhm.speaktowrite/.MainActivity t2009}  toFullScreen = true
06-21 16:20:31.866  1576  3319 I ColorZoomWindowRUSConfigManager: target pkg is unsupport zoom window mode
06-21 16:20:31.866  1576  3319 I ColorZoomWindowDebugConfig: disableDebugLifeCycle before: DEBUG_LIFE_CYCLE = false
06-21 16:20:31.866  1576  3319 I ColorZoomWindowDebugConfig: disableDebugLifeCycle after: DEBUG_LIFE_CYCLE = false
06-21 16:20:31.867  1576  3319 W ColorAccessControlManagerService: notifyZoomWindowExit: stack=Task{7b2d7a7 #2009 visible=true type=standard mode=fullscreen translucent=false A=10420:com.mhm.speaktowrite U=0 StackId=2009 sz=2}  windowMode=1  topActivity=ActivityRecord{82ca119 u0 com.android.settings/.Settings$AccessibilitySettingsActivity t2009}  toFullScreen = true
06-21 16:20:31.894  1576  2055 W ActivityTaskManager: Tried to set launchTime (0) < mLastActivityLaunchTime (39721428)
06-21 16:20:31.898  1576  2055 W WindowManager: Changing focus fromWindow{f7a49e3 u0 com.mhm.speaktowrite/com.mhm.speaktowrite.MainActivity} to null displayId=0 Callers=com.android.server.wm.RootWindowContainer.updateFocusedWindowLocked:497 com.android.server.wm.WindowManagerService.updateFocusedWindowLocked:6036 com.android.server.wm.DisplayContent.setFocusedApp:5856 com.android.server.wm.ActivityTaskManagerService.setResumedActivityUncheckLocked:5843 
06-21 16:20:31.969  5895  8421 E ActivityThread: Failed to find provider info for com.qti.smq.Feedback.provider
06-21 16:20:32.053  1576  3319 E UserRestrictionsUtils: Unknown restriction queried by uid 1000 (com.android.inputdevices et al): null
06-21 16:20:32.258  1576  3330 I WindowManager: Relayout Window{dde0cfa u0 com.android.settings/com.android.settings.Settings$AccessibilitySettingsActivity}: oldVis=4 newVis=0 focusMayChange = true
06-21 16:20:32.265  1576  3330 W WindowManager: Changing focus fromnull to Window{dde0cfa u0 com.android.settings/com.android.settings.Settings$AccessibilitySettingsActivity} displayId=0 Callers=com.android.server.wm.RootWindowContainer.updateFocusedWindowLocked:497 com.android.server.wm.WindowManagerService.updateFocusedWindowLocked:6036 com.android.server.wm.WindowManagerService.relayoutWindow:2682 com.android.server.wm.Session.relayout:229 
06-21 16:20:32.377  1576  3801 W ActivityManager: Unable to start service Intent { cmp=com.nearme.statistics.rom/.service.ReceiverService (has extras) } U=0: not found
06-21 16:20:32.493  1576  2055 I ActivityManager: Killing 9064:com.oppo.lfeh/u10s1000 (adj 985): empty #17
06-21 16:20:32.508  1576  1606 I ColorAppSwitchManagerService:  handleAppVisible , r = ActivityRecord{82ca119 u0 com.android.settings/.Settings$AccessibilitySettingsActivity t2009}
06-21 16:20:32.509  1576  1606 I OplusMirageDisplayManagerService: onAnimationFinished:
06-21 16:20:32.510  1576  1606 I OplusMirageDisplayManagerService: onAnimationFinished:
06-21 16:20:32.775  1576  1576 W ContextImpl: Calling a method in the system process without a qualified user: android.app.ContextImpl.sendBroadcast:1158 com.android.server.OppoBaseBatteryService$2.run:280 android.os.Handler.handleCallback:938 android.os.Handler.dispatchMessage:99 android.os.Looper.loop:255 
06-21 16:20:33.065  1576  1833 W ORMS_CORE: Unknown request!!!
06-21 16:20:33.897  1576  2483 I ColorGameSpaceManager: in handleApplicationSwitchInner ---- gamemode = 0 ----mModeStatus = 0
06-21 16:20:34.513  1576  1928 I ActivityManager: Killing 9096:android.process.media/u10a73 (adj 975): empty #17
06-21 16:20:34.514  1576  1928 I ActivityManager: Killing 9020:com.android.systemui/u10a107 (adj 975): empty #18
06-21 16:20:34.552  1576  3860 E BiometricService: Enabled callback binder died
06-21 16:20:34.553  1576  2556 E FingerprintService: Lockout reset callback binder died
06-21 16:20:34.554  1576  3322 E FaceService: Lockout reset callback binder died
06-21 16:20:34.556  1576  1910 W ContextImpl: Calling a method in the system process without a qualified user: android.app.ContextImpl.startService:1701 com.oplus.util.OplusStatisticsImpl.startService:216 com.oplus.util.OplusStatisticsImpl.sendDataToDCS:192 com.oplus.util.OplusStatisticsImpl.onCommonSync:84 com.oplus.util.OplusStatisticsImpl$1.run:124 
06-21 16:20:34.561  1576  1910 W ActivityManager: Unable to start service Intent { cmp=com.nearme.statistics.rom/.service.ReceiverService (has extras) } U=0: not found
06-21 16:20:34.881  1576  3133 E TaskPersister: File error accessing recents directory (directory doesn't exist?).
06-21 16:20:35.183  1576  3325 I ActivityTaskManager: START u0 {act=android.intent.action.MAIN cmp=com.android.settings/.SubSettings (has extras) mCallingUid=1000} from uid 1000 and from pid 5895
06-21 16:20:35.184  1576  3325 I ColorZoomWindowRUSConfigManager: target pkg is unsupport zoom window mode
06-21 16:20:35.184  1576  3325 I ColorZoomWindowDebugConfig: disableDebugLifeCycle before: DEBUG_LIFE_CYCLE = false
06-21 16:20:35.184  1576  3325 I ColorZoomWindowDebugConfig: disableDebugLifeCycle after: DEBUG_LIFE_CYCLE = false
06-21 16:20:35.186  1576  3325 W ColorAccessControlManagerService: notifyZoomWindowExit: stack=Task{7b2d7a7 #2009 visible=true type=standard mode=fullscreen translucent=false A=10420:com.mhm.speaktowrite U=0 StackId=2009 sz=2}  windowMode=1  topActivity=ActivityRecord{82ca119 u0 com.android.settings/.Settings$AccessibilitySettingsActivity t2009}  toFullScreen = true
06-21 16:20:35.190  1576  3325 I ColorZoomWindowRUSConfigManager: target pkg is unsupport zoom window mode
06-21 16:20:35.190  1576  3325 I ColorZoomWindowDebugConfig: disableDebugLifeCycle before: DEBUG_LIFE_CYCLE = false
06-21 16:20:35.190  1576  3325 I ColorZoomWindowDebugConfig: disableDebugLifeCycle after: DEBUG_LIFE_CYCLE = false
06-21 16:20:35.191  1576  3325 W ColorAccessControlManagerService: notifyZoomWindowExit: stack=Task{7b2d7a7 #2009 visible=true type=standard mode=fullscreen translucent=false A=10420:com.mhm.speaktowrite U=0 StackId=2009 sz=3}  windowMode=1  topActivity=ActivityRecord{e2d604f u0 com.android.settings/.SubSettings t2009}  toFullScreen = true
06-21 16:20:35.201  1576  3325 I OppoBaseActivityStack: notifyAppSwitch the same packageName!
06-21 16:20:35.201  1576  3325 W ActivityTaskManager: Tried to set launchTime (0) < mLastActivityLaunchTime (39965050)
